__main__ - INFO - Loading and splitting data...
util - INFO - Successfully loaded transformed data from /home/victor/Projects/regularized-MAR-vs-LSTM-in-forcasting-IVS/data/processed/transformed_data.csv with shape (2647, 63)
util - INFO - Data split into training and testing sets with cutoff date 2024-05-14 00:00:00.
util - INFO - Training set shape: (2117, 63), Testing set shape: (530, 63)
__main__ - INFO - Shape of X_train_centered: (2117, 63), X_test_centered: (530, 63), X_centered: (2647, 63)
__main__ - INFO - Loading and examining parameters...
__main__ - INFO - A_lse: [[-0.07785721 -0.11929968 -0.0365      0.04662272  0.01382922  0.0031274
   0.03258819 -0.04394161 -0.12407405]
 [-0.04804777 -0.15696647 -0.17711498  0.07525975  0.01028856  0.01150303
  -0.03903667  0.07966044 -0.06034529]
 [-0.00454713  0.0628033  -0.38953838  0.02122694  0.02478392  0.013878
  -0.06721913  0.13119355 -0.09587137]
 [-0.01662703  0.04439575 -0.04672042 -0.2782104   0.0106912   0.00455046
  -0.03866287  0.09358168 -0.07520722]
 [-0.00482863  0.02290697 -0.12446479  0.09901189 -0.3012985  -0.0099412
  -0.02913146  0.16737529 -0.12088173]
 [ 0.05177322 -0.01184932 -0.06737045  0.03753427  0.01236123 -0.29327656
  -0.09694525  0.10424217 -0.04202176]
 [ 0.0658331  -0.00128463 -0.07944552  0.03488084  0.02062593  0.02342614
  -0.41426147  0.08319409 -0.03785722]
 [ 0.04247074 -0.01084555 -0.05842882  0.03805712  0.01898757  0.03109407
  -0.10877776 -0.2091865  -0.04836213]
 [ 0.01393466 -0.01871902 -0.05431767  0.03972273  0.01747965  0.01310145
   0.00856149 -0.13383773 -0.19125675]]
__main__ - INFO - Eigenvalues of A_lse: [-0.04097853+0.j         -0.13872142+0.j         -0.23022179+0.j
 -0.31254128+0.04544346j -0.31254128-0.04544346j -0.33779398+0.01540969j
 -0.33779398-0.01540969j -0.29330478+0.j         -0.30795518+0.j        ]
__main__ - INFO - Distance from A_lse to identity matrix of shape (9, 9): 3.8240952470468015
__main__ - INFO - B_lse: [[-1.33514543 -0.16104275  0.08531072 -2.84108019 -0.02768983  0.76744007
   0.48619451]
 [ 0.01901961 -2.48534642 -1.05567177 -0.07457972  0.48149647  0.13751719
  -0.24312908]
 [ 0.01698506 -0.57088728 -2.29788983 -0.04887128 -0.46474088  0.07475035
   0.05216698]
 [ 0.09225054  0.31151553  0.11211366 -2.78379814 -0.08435598 -0.32820077
  -0.32893743]
 [ 0.02445675 -0.08769293 -0.90590957 -0.03347714 -2.3267523   0.0080745
   0.14912139]
 [ 0.08580596  0.30139493 -0.01381164 -0.17331707  0.08405303 -2.67650037
  -0.62205557]
 [ 0.03906744  0.02270281 -0.54134443 -0.01260772  0.47252083 -0.00883401
  -3.09240543]]
__main__ - INFO - Eigenvalues of B_lse: [-1.43295809 -1.28848986 -2.37401979 -2.67356312 -2.85344146 -3.25189496
 -3.12347064]
__main__ - INFO - Distance from B_lse to identity matrix of shape (7, 7): 9.862770284940048
__main__ - INFO - regularized_A: [[-0.27796587 -0.0558437  -0.          0.          0.01422336  0.
  -0.         -0.         -0.05400918]
 [-0.03632533 -0.32426814 -0.02458248  0.          0.01142207  0.
  -0.         -0.         -0.        ]
 [-0.         -0.         -0.38258479 -0.          0.01253585 -0.
  -0.         -0.         -0.        ]
 [-0.         -0.         -0.00317111 -0.3620019   0.00295125 -0.
  -0.006257   -0.         -0.        ]
 [-0.         -0.02342558 -0.          0.         -0.34712389  0.
   0.         -0.         -0.        ]
 [-0.         -0.         -0.         -0.          0.00539336 -0.3780195
  -0.         -0.         -0.        ]
 [-0.         -0.         -0.         -0.          0.0101137  -0.00310555
  -0.37946212 -0.         -0.        ]
 [-0.01283915 -0.         -0.          0.          0.01401674 -0.
  -0.06333587 -0.25525744 -0.05553058]
 [-0.11445926 -0.         -0.          0.          0.01503157  0.
  -0.         -0.14659292 -0.12711164]]
__main__ - INFO - Eigenvalues of regularized_A: [-0.3620019 +0.j        -0.05887296+0.j        -0.24657913+0.j
 -0.31077855+0.j        -0.35797608+0.j        -0.37012234+0.0077747j
 -0.37012234-0.0077747j -0.38093456+0.j        -0.37640742+0.j       ]
__main__ - INFO - Distance from regularized_A to identity matrix of shape (9, 9): 3.958230735962846
__main__ - INFO - regularized_B: [[-1.47043216  0.          0.         -1.1621707   0.         -0.
   0.        ]
 [-0.         -1.87215054 -0.3653597  -0.         -0.         -0.
  -0.34733274]
 [-0.         -0.77688451 -1.27451991 -0.         -0.47272435 -0.
  -0.        ]
 [-0.00690172 -0.         -0.         -2.22897586 -0.         -0.3539875
  -0.        ]
 [ 0.         -0.03313305 -1.09045718 -0.         -1.29948343 -0.
  -0.        ]
 [-0.         -0.         -0.         -0.23935717 -0.         -2.12701857
  -0.22499275]
 [-0.         -0.         -0.         -0.         -0.         -0.08990639
  -2.48916811]]
__main__ - INFO - Eigenvalues of regularized_B: [-2.58398127 -2.40321351 -2.35757534 -1.45791131 -1.8704886  -1.62627729
 -0.46230125]
__main__ - INFO - Distance from regularized_B to identity matrix of shape (7, 7): 7.813802240904864
__main__ - INFO - Computing training MSE for MAR(1)...
run_mar - INFO - Starting testing...
run_mar - WARNING - Not enough data to backtest for horizon 1.
run_mar - WARNING - Not enough data to backtest for horizon 14.
run_mar - WARNING - Not enough data to backtest for horizon 14.
run_mar - WARNING - Not enough data to backtest for horizon 14.
run_mar - WARNING - Not enough data to backtest for horizon 14.
run_mar - WARNING - Not enough data to backtest for horizon 14.
run_mar - WARNING - Not enough data to backtest for horizon 14.
run_mar - WARNING - Not enough data to backtest for horizon 14.
run_mar - WARNING - Not enough data to backtest for horizon 14.
run_mar - WARNING - Not enough data to backtest for horizon 14.
run_mar - WARNING - Not enough data to backtest for horizon 14.
run_mar - WARNING - Not enough data to backtest for horizon 14.
run_mar - WARNING - Not enough data to backtest for horizon 14.
run_mar - WARNING - Not enough data to backtest for horizon 14.
run_mar - WARNING - Not enough data to backtest for horizon 14.
run_mar - WARNING - Not enough data to backtest for horizon 30.
run_mar - WARNING - Not enough data to backtest for horizon 30.
run_mar - WARNING - Not enough data to backtest for horizon 30.
run_mar - WARNING - Not enough data to backtest for horizon 30.
run_mar - WARNING - Not enough data to backtest for horizon 30.
run_mar - WARNING - Not enough data to backtest for horizon 30.
run_mar - WARNING - Not enough data to backtest for horizon 30.
run_mar - WARNING - Not enough data to backtest for horizon 30.
run_mar - WARNING - Not enough data to backtest for horizon 30.
run_mar - WARNING - Not enough data to backtest for horizon 30.
run_mar - WARNING - Not enough data to backtest for horizon 30.
run_mar - WARNING - Not enough data to backtest for horizon 30.
run_mar - WARNING - Not enough data to backtest for horizon 30.
run_mar - WARNING - Not enough data to backtest for horizon 30.
run_mar - WARNING - Not enough data to backtest for horizon 30.
run_mar - WARNING - Not enough data to backtest for horizon 30.
run_mar - WARNING - Not enough data to backtest for horizon 30.
run_mar - WARNING - Not enough data to backtest for horizon 30.
run_mar - WARNING - Not enough data to backtest for horizon 30.
run_mar - WARNING - Not enough data to backtest for horizon 30.
run_mar - WARNING - Not enough data to backtest for horizon 30.
run_mar - WARNING - Not enough data to backtest for horizon 30.
run_mar - WARNING - Not enough data to backtest for horizon 30.
run_mar - WARNING - Not enough data to backtest for horizon 30.
run_mar - WARNING - Not enough data to backtest for horizon 30.
run_mar - WARNING - Not enough data to backtest for horizon 30.
run_mar - WARNING - Not enough data to backtest for horizon 30.
run_mar - WARNING - Not enough data to backtest for horizon 30.
run_mar - WARNING - Not enough data to backtest for horizon 30.
run_mar - WARNING - Not enough data to backtest for horizon 30.
run_mar - WARNING - Not enough data to backtest for horizon 90.
run_mar - WARNING - Not enough data to backtest for horizon 90.
run_mar - WARNING - Not enough data to backtest for horizon 90.
run_mar - WARNING - Not enough data to backtest for horizon 90.
run_mar - WARNING - Not enough data to backtest for horizon 90.
run_mar - WARNING - Not enough data to backtest for horizon 90.
run_mar - WARNING - Not enough data to backtest for horizon 90.
run_mar - WARNING - Not enough data to backtest for horizon 90.
run_mar - WARNING - Not enough data to backtest for horizon 90.
run_mar - WARNING - Not enough data to backtest for horizon 90.
run_mar - WARNING - Not enough data to backtest for horizon 90.
run_mar - WARNING - Not enough data to backtest for horizon 90.
run_mar - WARNING - Not enough data to backtest for horizon 90.
run_mar - WARNING - Not enough data to backtest for horizon 90.
run_mar - WARNING - Not enough data to backtest for horizon 90.
run_mar - WARNING - Not enough data to backtest for horizon 90.
run_mar - WARNING - Not enough data to backtest for horizon 90.
run_mar - WARNING - Not enough data to backtest for horizon 90.
run_mar - WARNING - Not enough data to backtest for horizon 90.
run_mar - WARNING - Not enough data to backtest for horizon 90.
run_mar - WARNING - Not enough data to backtest for horizon 90.
run_mar - WARNING - Not enough data to backtest for horizon 90.
run_mar - WARNING - Not enough data to backtest for horizon 90.
run_mar - WARNING - Not enough data to backtest for horizon 90.
run_mar - WARNING - Not enough data to backtest for horizon 90.
run_mar - WARNING - Not enough data to backtest for horizon 90.
run_mar - WARNING - Not enough data to backtest for horizon 90.
run_mar - WARNING - Not enough data to backtest for horizon 90.
run_mar - WARNING - Not enough data to backtest for horizon 90.
run_mar - WARNING - Not enough data to backtest for horizon 90.
run_mar - WARNING - Not enough data to backtest for horizon 90.
run_mar - WARNING - Not enough data to backtest for horizon 90.
run_mar - WARNING - Not enough data to backtest for horizon 90.
run_mar - WARNING - Not enough data to backtest for horizon 90.
run_mar - WARNING - Not enough data to backtest for horizon 90.
run_mar - WARNING - Not enough data to backtest for horizon 90.
run_mar - WARNING - Not enough data to backtest for horizon 90.
run_mar - WARNING - Not enough data to backtest for horizon 90.
run_mar - WARNING - Not enough data to backtest for horizon 90.
run_mar - WARNING - Not enough data to backtest for horizon 90.
run_mar - WARNING - Not enough data to backtest for horizon 90.
run_mar - WARNING - Not enough data to backtest for horizon 90.
run_mar - WARNING - Not enough data to backtest for horizon 90.
run_mar - WARNING - Not enough data to backtest for horizon 90.
run_mar - WARNING - Not enough data to backtest for horizon 90.
run_mar - WARNING - Not enough data to backtest for horizon 90.
run_mar - WARNING - Not enough data to backtest for horizon 90.
run_mar - WARNING - Not enough data to backtest for horizon 90.
run_mar - WARNING - Not enough data to backtest for horizon 90.
run_mar - WARNING - Not enough data to backtest for horizon 90.
run_mar - WARNING - Not enough data to backtest for horizon 90.
run_mar - WARNING - Not enough data to backtest for horizon 90.
run_mar - WARNING - Not enough data to backtest for horizon 90.
run_mar - WARNING - Not enough data to backtest for horizon 90.
run_mar - WARNING - Not enough data to backtest for horizon 90.
run_mar - WARNING - Not enough data to backtest for horizon 90.
run_mar - WARNING - Not enough data to backtest for horizon 90.
run_mar - WARNING - Not enough data to backtest for horizon 90.
run_mar - WARNING - Not enough data to backtest for horizon 90.
run_mar - WARNING - Not enough data to backtest for horizon 90.
run_mar - WARNING - Not enough data to backtest for horizon 90.
run_mar - WARNING - Not enough data to backtest for horizon 90.
run_mar - WARNING - Not enough data to backtest for horizon 90.
run_mar - WARNING - Not enough data to backtest for horizon 90.
run_mar - WARNING - Not enough data to backtest for horizon 90.
run_mar - WARNING - Not enough data to backtest for horizon 90.
run_mar - WARNING - Not enough data to backtest for horizon 90.
run_mar - WARNING - Not enough data to backtest for horizon 90.
run_mar - WARNING - Not enough data to backtest for horizon 90.
run_mar - WARNING - Not enough data to backtest for horizon 90.
run_mar - WARNING - Not enough data to backtest for horizon 90.
run_mar - WARNING - Not enough data to backtest for horizon 90.
run_mar - WARNING - Not enough data to backtest for horizon 90.
run_mar - WARNING - Not enough data to backtest for horizon 90.
run_mar - WARNING - Not enough data to backtest for horizon 90.
run_mar - WARNING - Not enough data to backtest for horizon 90.
run_mar - WARNING - Not enough data to backtest for horizon 90.
run_mar - WARNING - Not enough data to backtest for horizon 90.
run_mar - WARNING - Not enough data to backtest for horizon 90.
run_mar - WARNING - Not enough data to backtest for horizon 90.
run_mar - WARNING - Not enough data to backtest for horizon 90.
run_mar - WARNING - Not enough data to backtest for horizon 90.
run_mar - WARNING - Not enough data to backtest for horizon 90.
run_mar - WARNING - Not enough data to backtest for horizon 90.
run_mar - WARNING - Not enough data to backtest for horizon 90.
run_mar - WARNING - Not enough data to backtest for horizon 90.
run_mar - WARNING - Not enough data to backtest for horizon 90.
run_mar - WARNING - Not enough data to backtest for horizon 90.
run_mar - WARNING - Not enough data to backtest for horizon 90.
run_mar - WARNING - Not enough data to backtest for horizon 90.
run_mar - WARNING - Not enough data to backtest for horizon 180.
run_mar - WARNING - Not enough data to backtest for horizon 180.
run_mar - WARNING - Not enough data to backtest for horizon 180.
run_mar - WARNING - Not enough data to backtest for horizon 180.
run_mar - WARNING - Not enough data to backtest for horizon 180.
run_mar - WARNING - Not enough data to backtest for horizon 180.
run_mar - WARNING - Not enough data to backtest for horizon 180.
run_mar - WARNING - Not enough data to backtest for horizon 180.
run_mar - WARNING - Not enough data to backtest for horizon 180.
run_mar - WARNING - Not enough data to backtest for horizon 180.
run_mar - WARNING - Not enough data to backtest for horizon 180.
run_mar - WARNING - Not enough data to backtest for horizon 180.
run_mar - WARNING - Not enough data to backtest for horizon 180.
run_mar - WARNING - Not enough data to backtest for horizon 180.
run_mar - WARNING - Not enough data to backtest for horizon 180.
run_mar - WARNING - Not enough data to backtest for horizon 180.
run_mar - WARNING - Not enough data to backtest for horizon 180.
run_mar - WARNING - Not enough data to backtest for horizon 180.
run_mar - WARNING - Not enough data to backtest for horizon 180.
run_mar - WARNING - Not enough data to backtest for horizon 180.
run_mar - WARNING - Not enough data to backtest for horizon 180.
run_mar - WARNING - Not enough data to backtest for horizon 180.
run_mar - WARNING - Not enough data to backtest for horizon 180.
run_mar - WARNING - Not enough data to backtest for horizon 180.
run_mar - WARNING - Not enough data to backtest for horizon 180.
run_mar - WARNING - Not enough data to backtest for horizon 180.
run_mar - WARNING - Not enough data to backtest for horizon 180.
run_mar - WARNING - Not enough data to backtest for horizon 180.
run_mar - WARNING - Not enough data to backtest for horizon 180.
run_mar - WARNING - Not enough data to backtest for horizon 180.
run_mar - WARNING - Not enough data to backtest for horizon 180.
run_mar - WARNING - Not enough data to backtest for horizon 180.
run_mar - WARNING - Not enough data to backtest for horizon 180.
run_mar - WARNING - Not enough data to backtest for horizon 180.
run_mar - WARNING - Not enough data to backtest for horizon 180.
run_mar - WARNING - Not enough data to backtest for horizon 180.
run_mar - WARNING - Not enough data to backtest for horizon 180.
run_mar - WARNING - Not enough data to backtest for horizon 180.
run_mar - WARNING - Not enough data to backtest for horizon 180.
run_mar - WARNING - Not enough data to backtest for horizon 180.
run_mar - WARNING - Not enough data to backtest for horizon 180.
run_mar - WARNING - Not enough data to backtest for horizon 180.
run_mar - WARNING - Not enough data to backtest for horizon 180.
run_mar - WARNING - Not enough data to backtest for horizon 180.
run_mar - WARNING - Not enough data to backtest for horizon 180.
run_mar - WARNING - Not enough data to backtest for horizon 180.
run_mar - WARNING - Not enough data to backtest for horizon 180.
run_mar - WARNING - Not enough data to backtest for horizon 180.
run_mar - WARNING - Not enough data to backtest for horizon 180.
run_mar - WARNING - Not enough data to backtest for horizon 180.
run_mar - WARNING - Not enough data to backtest for horizon 180.
run_mar - WARNING - Not enough data to backtest for horizon 180.
run_mar - WARNING - Not enough data to backtest for horizon 180.
run_mar - WARNING - Not enough data to backtest for horizon 180.
run_mar - WARNING - Not enough data to backtest for horizon 180.
run_mar - WARNING - Not enough data to backtest for horizon 180.
run_mar - WARNING - Not enough data to backtest for horizon 180.
run_mar - WARNING - Not enough data to backtest for horizon 180.
run_mar - WARNING - Not enough data to backtest for horizon 180.
run_mar - WARNING - Not enough data to backtest for horizon 180.
run_mar - WARNING - Not enough data to backtest for horizon 180.
run_mar - WARNING - Not enough data to backtest for horizon 180.
run_mar - WARNING - Not enough data to backtest for horizon 180.
run_mar - WARNING - Not enough data to backtest for horizon 180.
run_mar - WARNING - Not enough data to backtest for horizon 180.
run_mar - WARNING - Not enough data to backtest for horizon 180.
run_mar - WARNING - Not enough data to backtest for horizon 180.
run_mar - WARNING - Not enough data to backtest for horizon 180.
run_mar - WARNING - Not enough data to backtest for horizon 180.
run_mar - WARNING - Not enough data to backtest for horizon 180.
run_mar - WARNING - Not enough data to backtest for horizon 180.
run_mar - WARNING - Not enough data to backtest for horizon 180.
run_mar - WARNING - Not enough data to backtest for horizon 180.
run_mar - WARNING - Not enough data to backtest for horizon 180.
run_mar - WARNING - Not enough data to backtest for horizon 180.
run_mar - WARNING - Not enough data to backtest for horizon 180.
run_mar - WARNING - Not enough data to backtest for horizon 180.
run_mar - WARNING - Not enough data to backtest for horizon 180.
run_mar - WARNING - Not enough data to backtest for horizon 180.
run_mar - WARNING - Not enough data to backtest for horizon 180.
run_mar - WARNING - Not enough data to backtest for horizon 180.
run_mar - WARNING - Not enough data to backtest for horizon 180.
run_mar - WARNING - Not enough data to backtest for horizon 180.
run_mar - WARNING - Not enough data to backtest for horizon 180.
run_mar - WARNING - Not enough data to backtest for horizon 180.
run_mar - WARNING - Not enough data to backtest for horizon 180.
run_mar - WARNING - Not enough data to backtest for horizon 180.
run_mar - WARNING - Not enough data to backtest for horizon 180.
run_mar - WARNING - Not enough data to backtest for horizon 180.
run_mar - WARNING - Not enough data to backtest for horizon 180.
run_mar - WARNING - Not enough data to backtest for horizon 180.
run_mar - WARNING - Not enough data to backtest for horizon 180.
run_mar - WARNING - Not enough data to backtest for horizon 180.
run_mar - WARNING - Not enough data to backtest for horizon 180.
run_mar - WARNING - Not enough data to backtest for horizon 180.
run_mar - WARNING - Not enough data to backtest for horizon 180.
run_mar - WARNING - Not enough data to backtest for horizon 180.
run_mar - WARNING - Not enough data to backtest for horizon 180.
run_mar - WARNING - Not enough data to backtest for horizon 180.
run_mar - WARNING - Not enough data to backtest for horizon 180.
run_mar - WARNING - Not enough data to backtest for horizon 180.
run_mar - WARNING - Not enough data to backtest for horizon 180.
run_mar - WARNING - Not enough data to backtest for horizon 180.
run_mar - WARNING - Not enough data to backtest for horizon 180.
run_mar - WARNING - Not enough data to backtest for horizon 180.
run_mar - WARNING - Not enough data to backtest for horizon 180.
run_mar - WARNING - Not enough data to backtest for horizon 180.
run_mar - WARNING - Not enough data to backtest for horizon 180.
run_mar - WARNING - Not enough data to backtest for horizon 180.
run_mar - WARNING - Not enough data to backtest for horizon 180.
run_mar - WARNING - Not enough data to backtest for horizon 180.
run_mar - WARNING - Not enough data to backtest for horizon 180.
run_mar - WARNING - Not enough data to backtest for horizon 180.
run_mar - WARNING - Not enough data to backtest for horizon 180.
run_mar - WARNING - Not enough data to backtest for horizon 180.
run_mar - WARNING - Not enough data to backtest for horizon 180.
run_mar - WARNING - Not enough data to backtest for horizon 180.
run_mar - WARNING - Not enough data to backtest for horizon 180.
run_mar - WARNING - Not enough data to backtest for horizon 180.
run_mar - WARNING - Not enough data to backtest for horizon 180.
run_mar - WARNING - Not enough data to backtest for horizon 180.
run_mar - WARNING - Not enough data to backtest for horizon 180.
run_mar - WARNING - Not enough data to backtest for horizon 180.
run_mar - WARNING - Not enough data to backtest for horizon 180.
run_mar - WARNING - Not enough data to backtest for horizon 180.
run_mar - WARNING - Not enough data to backtest for horizon 180.
run_mar - WARNING - Not enough data to backtest for horizon 180.
run_mar - WARNING - Not enough data to backtest for horizon 180.
run_mar - WARNING - Not enough data to backtest for horizon 180.
run_mar - WARNING - Not enough data to backtest for horizon 180.
run_mar - WARNING - Not enough data to backtest for horizon 180.
run_mar - WARNING - Not enough data to backtest for horizon 180.
run_mar - WARNING - Not enough data to backtest for horizon 180.
run_mar - WARNING - Not enough data to backtest for horizon 180.
run_mar - WARNING - Not enough data to backtest for horizon 180.
run_mar - WARNING - Not enough data to backtest for horizon 180.
run_mar - WARNING - Not enough data to backtest for horizon 180.
run_mar - WARNING - Not enough data to backtest for horizon 180.
run_mar - WARNING - Not enough data to backtest for horizon 180.
run_mar - WARNING - Not enough data to backtest for horizon 180.
run_mar - WARNING - Not enough data to backtest for horizon 180.
run_mar - WARNING - Not enough data to backtest for horizon 180.
run_mar - WARNING - Not enough data to backtest for horizon 180.
run_mar - WARNING - Not enough data to backtest for horizon 180.
run_mar - WARNING - Not enough data to backtest for horizon 180.
run_mar - WARNING - Not enough data to backtest for horizon 180.
run_mar - WARNING - Not enough data to backtest for horizon 180.
run_mar - WARNING - Not enough data to backtest for horizon 180.
run_mar - WARNING - Not enough data to backtest for horizon 180.
run_mar - WARNING - Not enough data to backtest for horizon 180.
run_mar - WARNING - Not enough data to backtest for horizon 180.
run_mar - WARNING - Not enough data to backtest for horizon 180.
run_mar - WARNING - Not enough data to backtest for horizon 180.
run_mar - WARNING - Not enough data to backtest for horizon 180.
run_mar - WARNING - Not enough data to backtest for horizon 180.
run_mar - WARNING - Not enough data to backtest for horizon 180.
run_mar - WARNING - Not enough data to backtest for horizon 180.
run_mar - WARNING - Not enough data to backtest for horizon 180.
run_mar - WARNING - Not enough data to backtest for horizon 180.
run_mar - WARNING - Not enough data to backtest for horizon 180.
run_mar - WARNING - Not enough data to backtest for horizon 180.
run_mar - WARNING - Not enough data to backtest for horizon 180.
run_mar - WARNING - Not enough data to backtest for horizon 180.
run_mar - WARNING - Not enough data to backtest for horizon 180.
run_mar - WARNING - Not enough data to backtest for horizon 180.
run_mar - WARNING - Not enough data to backtest for horizon 180.
run_mar - WARNING - Not enough data to backtest for horizon 180.
run_mar - WARNING - Not enough data to backtest for horizon 180.
run_mar - WARNING - Not enough data to backtest for horizon 180.
run_mar - WARNING - Not enough data to backtest for horizon 180.
run_mar - WARNING - Not enough data to backtest for horizon 180.
run_mar - WARNING - Not enough data to backtest for horizon 180.
run_mar - WARNING - Not enough data to backtest for horizon 180.
run_mar - WARNING - Not enough data to backtest for horizon 180.
run_mar - WARNING - Not enough data to backtest for horizon 180.
run_mar - WARNING - Not enough data to backtest for horizon 180.
run_mar - WARNING - Not enough data to backtest for horizon 180.
run_mar - WARNING - Not enough data to backtest for horizon 180.
run_mar - WARNING - Not enough data to backtest for horizon 180.
run_mar - WARNING - Not enough data to backtest for horizon 180.
run_mar - WARNING - Not enough data to backtest for horizon 365.
run_mar - WARNING - Not enough data to backtest for horizon 365.
run_mar - WARNING - Not enough data to backtest for horizon 365.
run_mar - WARNING - Not enough data to backtest for horizon 365.
run_mar - WARNING - Not enough data to backtest for horizon 365.
run_mar - WARNING - Not enough data to backtest for horizon 365.
run_mar - WARNING - Not enough data to backtest for horizon 365.
run_mar - WARNING - Not enough data to backtest for horizon 365.
run_mar - WARNING - Not enough data to backtest for horizon 365.
run_mar - WARNING - Not enough data to backtest for horizon 365.
run_mar - WARNING - Not enough data to backtest for horizon 365.
run_mar - WARNING - Not enough data to backtest for horizon 365.
run_mar - WARNING - Not enough data to backtest for horizon 365.
run_mar - WARNING - Not enough data to backtest for horizon 365.
run_mar - WARNING - Not enough data to backtest for horizon 365.
run_mar - WARNING - Not enough data to backtest for horizon 365.
run_mar - WARNING - Not enough data to backtest for horizon 365.
run_mar - WARNING - Not enough data to backtest for horizon 365.
run_mar - WARNING - Not enough data to backtest for horizon 365.
run_mar - WARNING - Not enough data to backtest for horizon 365.
run_mar - WARNING - Not enough data to backtest for horizon 365.
run_mar - WARNING - Not enough data to backtest for horizon 365.
run_mar - WARNING - Not enough data to backtest for horizon 365.
run_mar - WARNING - Not enough data to backtest for horizon 365.
run_mar - WARNING - Not enough data to backtest for horizon 365.
run_mar - WARNING - Not enough data to backtest for horizon 365.
run_mar - WARNING - Not enough data to backtest for horizon 365.
run_mar - WARNING - Not enough data to backtest for horizon 365.
run_mar - WARNING - Not enough data to backtest for horizon 365.
run_mar - WARNING - Not enough data to backtest for horizon 365.
run_mar - WARNING - Not enough data to backtest for horizon 365.
run_mar - WARNING - Not enough data to backtest for horizon 365.
run_mar - WARNING - Not enough data to backtest for horizon 365.
run_mar - WARNING - Not enough data to backtest for horizon 365.
run_mar - WARNING - Not enough data to backtest for horizon 365.
run_mar - WARNING - Not enough data to backtest for horizon 365.
run_mar - WARNING - Not enough data to backtest for horizon 365.
run_mar - WARNING - Not enough data to backtest for horizon 365.
run_mar - WARNING - Not enough data to backtest for horizon 365.
run_mar - WARNING - Not enough data to backtest for horizon 365.
run_mar - WARNING - Not enough data to backtest for horizon 365.
run_mar - WARNING - Not enough data to backtest for horizon 365.
run_mar - WARNING - Not enough data to backtest for horizon 365.
run_mar - WARNING - Not enough data to backtest for horizon 365.
run_mar - WARNING - Not enough data to backtest for horizon 365.
run_mar - WARNING - Not enough data to backtest for horizon 365.
run_mar - WARNING - Not enough data to backtest for horizon 365.
run_mar - WARNING - Not enough data to backtest for horizon 365.
run_mar - WARNING - Not enough data to backtest for horizon 365.
run_mar - WARNING - Not enough data to backtest for horizon 365.
run_mar - WARNING - Not enough data to backtest for horizon 365.
run_mar - WARNING - Not enough data to backtest for horizon 365.
run_mar - WARNING - Not enough data to backtest for horizon 365.
run_mar - WARNING - Not enough data to backtest for horizon 365.
run_mar - WARNING - Not enough data to backtest for horizon 365.
run_mar - WARNING - Not enough data to backtest for horizon 365.
run_mar - WARNING - Not enough data to backtest for horizon 365.
run_mar - WARNING - Not enough data to backtest for horizon 365.
run_mar - WARNING - Not enough data to backtest for horizon 365.
run_mar - WARNING - Not enough data to backtest for horizon 365.
run_mar - WARNING - Not enough data to backtest for horizon 365.
run_mar - WARNING - Not enough data to backtest for horizon 365.
run_mar - WARNING - Not enough data to backtest for horizon 365.
run_mar - WARNING - Not enough data to backtest for horizon 365.
run_mar - WARNING - Not enough data to backtest for horizon 365.
run_mar - WARNING - Not enough data to backtest for horizon 365.
run_mar - WARNING - Not enough data to backtest for horizon 365.
run_mar - WARNING - Not enough data to backtest for horizon 365.
run_mar - WARNING - Not enough data to backtest for horizon 365.
run_mar - WARNING - Not enough data to backtest for horizon 365.
run_mar - WARNING - Not enough data to backtest for horizon 365.
run_mar - WARNING - Not enough data to backtest for horizon 365.
run_mar - WARNING - Not enough data to backtest for horizon 365.
run_mar - WARNING - Not enough data to backtest for horizon 365.
run_mar - WARNING - Not enough data to backtest for horizon 365.
run_mar - WARNING - Not enough data to backtest for horizon 365.
run_mar - WARNING - Not enough data to backtest for horizon 365.
run_mar - WARNING - Not enough data to backtest for horizon 365.
run_mar - WARNING - Not enough data to backtest for horizon 365.
run_mar - WARNING - Not enough data to backtest for horizon 365.
run_mar - WARNING - Not enough data to backtest for horizon 365.
run_mar - WARNING - Not enough data to backtest for horizon 365.
run_mar - WARNING - Not enough data to backtest for horizon 365.
run_mar - WARNING - Not enough data to backtest for horizon 365.
run_mar - WARNING - Not enough data to backtest for horizon 365.
run_mar - WARNING - Not enough data to backtest for horizon 365.
run_mar - WARNING - Not enough data to backtest for horizon 365.
run_mar - WARNING - Not enough data to backtest for horizon 365.
run_mar - WARNING - Not enough data to backtest for horizon 365.
run_mar - WARNING - Not enough data to backtest for horizon 365.
run_mar - WARNING - Not enough data to backtest for horizon 365.
run_mar - WARNING - Not enough data to backtest for horizon 365.
run_mar - WARNING - Not enough data to backtest for horizon 365.
run_mar - WARNING - Not enough data to backtest for horizon 365.
run_mar - WARNING - Not enough data to backtest for horizon 365.
run_mar - WARNING - Not enough data to backtest for horizon 365.
run_mar - WARNING - Not enough data to backtest for horizon 365.
run_mar - WARNING - Not enough data to backtest for horizon 365.
run_mar - WARNING - Not enough data to backtest for horizon 365.
run_mar - WARNING - Not enough data to backtest for horizon 365.
run_mar - WARNING - Not enough data to backtest for horizon 365.
run_mar - WARNING - Not enough data to backtest for horizon 365.
run_mar - WARNING - Not enough data to backtest for horizon 365.
run_mar - WARNING - Not enough data to backtest for horizon 365.
run_mar - WARNING - Not enough data to backtest for horizon 365.
run_mar - WARNING - Not enough data to backtest for horizon 365.
run_mar - WARNING - Not enough data to backtest for horizon 365.
run_mar - WARNING - Not enough data to backtest for horizon 365.
run_mar - WARNING - Not enough data to backtest for horizon 365.
run_mar - WARNING - Not enough data to backtest for horizon 365.
run_mar - WARNING - Not enough data to backtest for horizon 365.
run_mar - WARNING - Not enough data to backtest for horizon 365.
run_mar - WARNING - Not enough data to backtest for horizon 365.
run_mar - WARNING - Not enough data to backtest for horizon 365.
run_mar - WARNING - Not enough data to backtest for horizon 365.
run_mar - WARNING - Not enough data to backtest for horizon 365.
run_mar - WARNING - Not enough data to backtest for horizon 365.
run_mar - WARNING - Not enough data to backtest for horizon 365.
run_mar - WARNING - Not enough data to backtest for horizon 365.
run_mar - WARNING - Not enough data to backtest for horizon 365.
run_mar - WARNING - Not enough data to backtest for horizon 365.
run_mar - WARNING - Not enough data to backtest for horizon 365.
run_mar - WARNING - Not enough data to backtest for horizon 365.
run_mar - WARNING - Not enough data to backtest for horizon 365.
run_mar - WARNING - Not enough data to backtest for horizon 365.
run_mar - WARNING - Not enough data to backtest for horizon 365.
run_mar - WARNING - Not enough data to backtest for horizon 365.
run_mar - WARNING - Not enough data to backtest for horizon 365.
run_mar - WARNING - Not enough data to backtest for horizon 365.
run_mar - WARNING - Not enough data to backtest for horizon 365.
run_mar - WARNING - Not enough data to backtest for horizon 365.
run_mar - WARNING - Not enough data to backtest for horizon 365.
run_mar - WARNING - Not enough data to backtest for horizon 365.
run_mar - WARNING - Not enough data to backtest for horizon 365.
run_mar - WARNING - Not enough data to backtest for horizon 365.
run_mar - WARNING - Not enough data to backtest for horizon 365.
run_mar - WARNING - Not enough data to backtest for horizon 365.
run_mar - WARNING - Not enough data to backtest for horizon 365.
run_mar - WARNING - Not enough data to backtest for horizon 365.
run_mar - WARNING - Not enough data to backtest for horizon 365.
run_mar - WARNING - Not enough data to backtest for horizon 365.
run_mar - WARNING - Not enough data to backtest for horizon 365.
run_mar - WARNING - Not enough data to backtest for horizon 365.
run_mar - WARNING - Not enough data to backtest for horizon 365.
run_mar - WARNING - Not enough data to backtest for horizon 365.
run_mar - WARNING - Not enough data to backtest for horizon 365.
run_mar - WARNING - Not enough data to backtest for horizon 365.
run_mar - WARNING - Not enough data to backtest for horizon 365.
run_mar - WARNING - Not enough data to backtest for horizon 365.
run_mar - WARNING - Not enough data to backtest for horizon 365.
run_mar - WARNING - Not enough data to backtest for horizon 365.
run_mar - WARNING - Not enough data to backtest for horizon 365.
run_mar - WARNING - Not enough data to backtest for horizon 365.
run_mar - WARNING - Not enough data to backtest for horizon 365.
run_mar - WARNING - Not enough data to backtest for horizon 365.
run_mar - WARNING - Not enough data to backtest for horizon 365.
run_mar - WARNING - Not enough data to backtest for horizon 365.
run_mar - WARNING - Not enough data to backtest for horizon 365.
run_mar - WARNING - Not enough data to backtest for horizon 365.
run_mar - WARNING - Not enough data to backtest for horizon 365.
run_mar - WARNING - Not enough data to backtest for horizon 365.
run_mar - WARNING - Not enough data to backtest for horizon 365.
run_mar - WARNING - Not enough data to backtest for horizon 365.
run_mar - WARNING - Not enough data to backtest for horizon 365.
run_mar - WARNING - Not enough data to backtest for horizon 365.
run_mar - WARNING - Not enough data to backtest for horizon 365.
run_mar - WARNING - Not enough data to backtest for horizon 365.
run_mar - WARNING - Not enough data to backtest for horizon 365.
run_mar - WARNING - Not enough data to backtest for horizon 365.
run_mar - WARNING - Not enough data to backtest for horizon 365.
run_mar - WARNING - Not enough data to backtest for horizon 365.
run_mar - WARNING - Not enough data to backtest for horizon 365.
run_mar - WARNING - Not enough data to backtest for horizon 365.
run_mar - WARNING - Not enough data to backtest for horizon 365.
run_mar - WARNING - Not enough data to backtest for horizon 365.
run_mar - WARNING - Not enough data to backtest for horizon 365.
run_mar - WARNING - Not enough data to backtest for horizon 365.
run_mar - WARNING - Not enough data to backtest for horizon 365.
run_mar - WARNING - Not enough data to backtest for horizon 365.
run_mar - WARNING - Not enough data to backtest for horizon 365.
run_mar - WARNING - Not enough data to backtest for horizon 365.
run_mar - WARNING - Not enough data to backtest for horizon 365.
run_mar - WARNING - Not enough data to backtest for horizon 365.
run_mar - WARNING - Not enough data to backtest for horizon 365.
run_mar - WARNING - Not enough data to backtest for horizon 365.
run_mar - WARNING - Not enough data to backtest for horizon 365.
run_mar - WARNING - Not enough data to backtest for horizon 365.
run_mar - WARNING - Not enough data to backtest for horizon 365.
run_mar - WARNING - Not enough data to backtest for horizon 365.
run_mar - WARNING - Not enough data to backtest for horizon 365.
run_mar - WARNING - Not enough data to backtest for horizon 365.
run_mar - WARNING - Not enough data to backtest for horizon 365.
run_mar - WARNING - Not enough data to backtest for horizon 365.
run_mar - WARNING - Not enough data to backtest for horizon 365.
run_mar - WARNING - Not enough data to backtest for horizon 365.
run_mar - WARNING - Not enough data to backtest for horizon 365.
run_mar - WARNING - Not enough data to backtest for horizon 365.
run_mar - WARNING - Not enough data to backtest for horizon 365.
run_mar - WARNING - Not enough data to backtest for horizon 365.
run_mar - WARNING - Not enough data to backtest for horizon 365.
run_mar - WARNING - Not enough data to backtest for horizon 365.
run_mar - WARNING - Not enough data to backtest for horizon 365.
run_mar - WARNING - Not enough data to backtest for horizon 365.
run_mar - WARNING - Not enough data to backtest for horizon 365.
run_mar - WARNING - Not enough data to backtest for horizon 365.
run_mar - WARNING - Not enough data to backtest for horizon 365.
run_mar - WARNING - Not enough data to backtest for horizon 365.
run_mar - WARNING - Not enough data to backtest for horizon 365.
run_mar - WARNING - Not enough data to backtest for horizon 365.
run_mar - WARNING - Not enough data to backtest for horizon 365.
run_mar - WARNING - Not enough data to backtest for horizon 365.
run_mar - WARNING - Not enough data to backtest for horizon 365.
run_mar - WARNING - Not enough data to backtest for horizon 365.
run_mar - WARNING - Not enough data to backtest for horizon 365.
run_mar - WARNING - Not enough data to backtest for horizon 365.
run_mar - WARNING - Not enough data to backtest for horizon 365.
run_mar - WARNING - Not enough data to backtest for horizon 365.
run_mar - WARNING - Not enough data to backtest for horizon 365.
run_mar - WARNING - Not enough data to backtest for horizon 365.
run_mar - WARNING - Not enough data to backtest for horizon 365.
run_mar - WARNING - Not enough data to backtest for horizon 365.
run_mar - WARNING - Not enough data to backtest for horizon 365.
run_mar - WARNING - Not enough data to backtest for horizon 365.
run_mar - WARNING - Not enough data to backtest for horizon 365.
run_mar - WARNING - Not enough data to backtest for horizon 365.
run_mar - WARNING - Not enough data to backtest for horizon 365.
run_mar - WARNING - Not enough data to backtest for horizon 365.
run_mar - WARNING - Not enough data to backtest for horizon 365.
run_mar - WARNING - Not enough data to backtest for horizon 365.
run_mar - WARNING - Not enough data to backtest for horizon 365.
run_mar - WARNING - Not enough data to backtest for horizon 365.
run_mar - WARNING - Not enough data to backtest for horizon 365.
run_mar - WARNING - Not enough data to backtest for horizon 365.
run_mar - WARNING - Not enough data to backtest for horizon 365.
run_mar - WARNING - Not enough data to backtest for horizon 365.
run_mar - WARNING - Not enough data to backtest for horizon 365.
run_mar - WARNING - Not enough data to backtest for horizon 365.
run_mar - WARNING - Not enough data to backtest for horizon 365.
run_mar - WARNING - Not enough data to backtest for horizon 365.
run_mar - WARNING - Not enough data to backtest for horizon 365.
run_mar - WARNING - Not enough data to backtest for horizon 365.
run_mar - WARNING - Not enough data to backtest for horizon 365.
run_mar - WARNING - Not enough data to backtest for horizon 365.
run_mar - WARNING - Not enough data to backtest for horizon 365.
run_mar - WARNING - Not enough data to backtest for horizon 365.
run_mar - WARNING - Not enough data to backtest for horizon 365.
run_mar - WARNING - Not enough data to backtest for horizon 365.
run_mar - WARNING - Not enough data to backtest for horizon 365.
run_mar - WARNING - Not enough data to backtest for horizon 365.
run_mar - WARNING - Not enough data to backtest for horizon 365.
run_mar - WARNING - Not enough data to backtest for horizon 365.
run_mar - WARNING - Not enough data to backtest for horizon 365.
run_mar - WARNING - Not enough data to backtest for horizon 365.
run_mar - WARNING - Not enough data to backtest for horizon 365.
run_mar - WARNING - Not enough data to backtest for horizon 365.
run_mar - WARNING - Not enough data to backtest for horizon 365.
run_mar - WARNING - Not enough data to backtest for horizon 365.
run_mar - WARNING - Not enough data to backtest for horizon 365.
run_mar - WARNING - Not enough data to backtest for horizon 365.
run_mar - WARNING - Not enough data to backtest for horizon 365.
run_mar - WARNING - Not enough data to backtest for horizon 365.
run_mar - WARNING - Not enough data to backtest for horizon 365.
run_mar - WARNING - Not enough data to backtest for horizon 365.
run_mar - WARNING - Not enough data to backtest for horizon 365.
run_mar - WARNING - Not enough data to backtest for horizon 365.
run_mar - WARNING - Not enough data to backtest for horizon 365.
run_mar - WARNING - Not enough data to backtest for horizon 365.
run_mar - WARNING - Not enough data to backtest for horizon 365.
run_mar - WARNING - Not enough data to backtest for horizon 365.
run_mar - WARNING - Not enough data to backtest for horizon 365.
run_mar - WARNING - Not enough data to backtest for horizon 365.
run_mar - WARNING - Not enough data to backtest for horizon 365.
run_mar - WARNING - Not enough data to backtest for horizon 365.
run_mar - WARNING - Not enough data to backtest for horizon 365.
run_mar - WARNING - Not enough data to backtest for horizon 365.
run_mar - WARNING - Not enough data to backtest for horizon 365.
run_mar - WARNING - Not enough data to backtest for horizon 365.
run_mar - WARNING - Not enough data to backtest for horizon 365.
run_mar - WARNING - Not enough data to backtest for horizon 365.
run_mar - WARNING - Not enough data to backtest for horizon 365.
run_mar - WARNING - Not enough data to backtest for horizon 365.
run_mar - WARNING - Not enough data to backtest for horizon 365.
run_mar - WARNING - Not enough data to backtest for horizon 365.
run_mar - WARNING - Not enough data to backtest for horizon 365.
run_mar - WARNING - Not enough data to backtest for horizon 365.
run_mar - WARNING - Not enough data to backtest for horizon 365.
run_mar - WARNING - Not enough data to backtest for horizon 365.
run_mar - WARNING - Not enough data to backtest for horizon 365.
run_mar - WARNING - Not enough data to backtest for horizon 365.
run_mar - WARNING - Not enough data to backtest for horizon 365.
run_mar - WARNING - Not enough data to backtest for horizon 365.
run_mar - WARNING - Not enough data to backtest for horizon 365.
run_mar - WARNING - Not enough data to backtest for horizon 365.
run_mar - WARNING - Not enough data to backtest for horizon 365.
run_mar - WARNING - Not enough data to backtest for horizon 365.
run_mar - WARNING - Not enough data to backtest for horizon 365.
run_mar - WARNING - Not enough data to backtest for horizon 365.
run_mar - WARNING - Not enough data to backtest for horizon 365.
run_mar - WARNING - Not enough data to backtest for horizon 365.
run_mar - WARNING - Not enough data to backtest for horizon 365.
run_mar - WARNING - Not enough data to backtest for horizon 365.
run_mar - WARNING - Not enough data to backtest for horizon 365.
run_mar - WARNING - Not enough data to backtest for horizon 365.
run_mar - WARNING - Not enough data to backtest for horizon 365.
run_mar - WARNING - Not enough data to backtest for horizon 365.
run_mar - WARNING - Not enough data to backtest for horizon 365.
run_mar - WARNING - Not enough data to backtest for horizon 365.
run_mar - WARNING - Not enough data to backtest for horizon 365.
run_mar - WARNING - Not enough data to backtest for horizon 365.
run_mar - WARNING - Not enough data to backtest for horizon 365.
run_mar - WARNING - Not enough data to backtest for horizon 365.
run_mar - WARNING - Not enough data to backtest for horizon 365.
run_mar - WARNING - Not enough data to backtest for horizon 365.
run_mar - WARNING - Not enough data to backtest for horizon 365.
run_mar - WARNING - Not enough data to backtest for horizon 365.
run_mar - WARNING - Not enough data to backtest for horizon 365.
run_mar - WARNING - Not enough data to backtest for horizon 365.
run_mar - WARNING - Not enough data to backtest for horizon 365.
run_mar - WARNING - Not enough data to backtest for horizon 365.
run_mar - WARNING - Not enough data to backtest for horizon 365.
run_mar - WARNING - Not enough data to backtest for horizon 365.
run_mar - WARNING - Not enough data to backtest for horizon 365.
run_mar - WARNING - Not enough data to backtest for horizon 365.
run_mar - WARNING - Not enough data to backtest for horizon 365.
run_mar - WARNING - Not enough data to backtest for horizon 365.
run_mar - WARNING - Not enough data to backtest for horizon 365.
run_mar - WARNING - Not enough data to backtest for horizon 365.
run_mar - WARNING - Not enough data to backtest for horizon 365.
run_mar - WARNING - Not enough data to backtest for horizon 365.
run_mar - WARNING - Not enough data to backtest for horizon 365.
run_mar - WARNING - Not enough data to backtest for horizon 365.
run_mar - WARNING - Not enough data to backtest for horizon 365.
run_mar - WARNING - Not enough data to backtest for horizon 365.
run_mar - WARNING - Not enough data to backtest for horizon 365.
run_mar - WARNING - Not enough data to backtest for horizon 365.
run_mar - WARNING - Not enough data to backtest for horizon 365.
run_mar - WARNING - Not enough data to backtest for horizon 365.
run_mar - WARNING - Not enough data to backtest for horizon 365.
run_mar - WARNING - Not enough data to backtest for horizon 365.
run_mar - WARNING - Not enough data to backtest for horizon 365.
run_mar - WARNING - Not enough data to backtest for horizon 365.
run_mar - WARNING - Not enough data to backtest for horizon 365.
run_mar - WARNING - Not enough data to backtest for horizon 365.
run_mar - WARNING - Not enough data to backtest for horizon 365.
run_mar - WARNING - Not enough data to backtest for horizon 365.
run_mar - WARNING - Not enough data to backtest for horizon 365.
run_mar - WARNING - Not enough data to backtest for horizon 365.
run_mar - WARNING - Not enough data to backtest for horizon 365.
run_mar - WARNING - Not enough data to backtest for horizon 365.
run_mar - WARNING - Not enough data to backtest for horizon 365.
run_mar - WARNING - Not enough data to backtest for horizon 365.
run_mar - WARNING - Not enough data to backtest for horizon 365.
run_mar - WARNING - Not enough data to backtest for horizon 365.
run_mar - WARNING - Not enough data to backtest for horizon 365.
run_mar - WARNING - Not enough data to backtest for horizon 365.
run_mar - WARNING - Not enough data to backtest for horizon 365.
run_mar - WARNING - Not enough data to backtest for horizon 365.
run_mar - WARNING - Not enough data to backtest for horizon 365.
run_mar - WARNING - Not enough data to backtest for horizon 365.
run_mar - WARNING - Not enough data to backtest for horizon 365.
run_mar - WARNING - Not enough data to backtest for horizon 365.
run_mar - WARNING - Not enough data to backtest for horizon 365.
run_mar - WARNING - Not enough data to backtest for horizon 365.
run_mar - WARNING - Not enough data to backtest for horizon 365.
run_mar - WARNING - Not enough data to backtest for horizon 365.
run_mar - INFO - Successfully saved MSE table to /home/victor/Projects/regularized-MAR-vs-LSTM-in-forcasting-IVS/data/result/MAR(1)_training_mse.csv.
run_mar - INFO - Starting testing...
run_mar - WARNING - Not enough data to backtest for horizon 1.
run_mar - WARNING - Not enough data to backtest for horizon 14.
run_mar - WARNING - Not enough data to backtest for horizon 14.
run_mar - WARNING - Not enough data to backtest for horizon 14.
run_mar - WARNING - Not enough data to backtest for horizon 14.
run_mar - WARNING - Not enough data to backtest for horizon 14.
run_mar - WARNING - Not enough data to backtest for horizon 14.
run_mar - WARNING - Not enough data to backtest for horizon 14.
run_mar - WARNING - Not enough data to backtest for horizon 14.
run_mar - WARNING - Not enough data to backtest for horizon 14.
run_mar - WARNING - Not enough data to backtest for horizon 14.
run_mar - WARNING - Not enough data to backtest for horizon 14.
run_mar - WARNING - Not enough data to backtest for horizon 14.
run_mar - WARNING - Not enough data to backtest for horizon 14.
run_mar - WARNING - Not enough data to backtest for horizon 14.
run_mar - WARNING - Not enough data to backtest for horizon 30.
run_mar - WARNING - Not enough data to backtest for horizon 30.
run_mar - WARNING - Not enough data to backtest for horizon 30.
run_mar - WARNING - Not enough data to backtest for horizon 30.
run_mar - WARNING - Not enough data to backtest for horizon 30.
run_mar - WARNING - Not enough data to backtest for horizon 30.
run_mar - WARNING - Not enough data to backtest for horizon 30.
run_mar - WARNING - Not enough data to backtest for horizon 30.
run_mar - WARNING - Not enough data to backtest for horizon 30.
run_mar - WARNING - Not enough data to backtest for horizon 30.
run_mar - WARNING - Not enough data to backtest for horizon 30.
run_mar - WARNING - Not enough data to backtest for horizon 30.
run_mar - WARNING - Not enough data to backtest for horizon 30.
run_mar - WARNING - Not enough data to backtest for horizon 30.
run_mar - WARNING - Not enough data to backtest for horizon 30.
run_mar - WARNING - Not enough data to backtest for horizon 30.
run_mar - WARNING - Not enough data to backtest for horizon 30.
run_mar - WARNING - Not enough data to backtest for horizon 30.
run_mar - WARNING - Not enough data to backtest for horizon 30.
run_mar - WARNING - Not enough data to backtest for horizon 30.
run_mar - WARNING - Not enough data to backtest for horizon 30.
run_mar - WARNING - Not enough data to backtest for horizon 30.
run_mar - WARNING - Not enough data to backtest for horizon 30.
run_mar - WARNING - Not enough data to backtest for horizon 30.
run_mar - WARNING - Not enough data to backtest for horizon 30.
run_mar - WARNING - Not enough data to backtest for horizon 30.
run_mar - WARNING - Not enough data to backtest for horizon 30.
run_mar - WARNING - Not enough data to backtest for horizon 30.
run_mar - WARNING - Not enough data to backtest for horizon 30.
run_mar - WARNING - Not enough data to backtest for horizon 30.
run_mar - WARNING - Not enough data to backtest for horizon 90.
run_mar - WARNING - Not enough data to backtest for horizon 90.
run_mar - WARNING - Not enough data to backtest for horizon 90.
run_mar - WARNING - Not enough data to backtest for horizon 90.
run_mar - WARNING - Not enough data to backtest for horizon 90.
run_mar - WARNING - Not enough data to backtest for horizon 90.
run_mar - WARNING - Not enough data to backtest for horizon 90.
run_mar - WARNING - Not enough data to backtest for horizon 90.
run_mar - WARNING - Not enough data to backtest for horizon 90.
run_mar - WARNING - Not enough data to backtest for horizon 90.
run_mar - WARNING - Not enough data to backtest for horizon 90.
run_mar - WARNING - Not enough data to backtest for horizon 90.
run_mar - WARNING - Not enough data to backtest for horizon 90.
run_mar - WARNING - Not enough data to backtest for horizon 90.
run_mar - WARNING - Not enough data to backtest for horizon 90.
run_mar - WARNING - Not enough data to backtest for horizon 90.
run_mar - WARNING - Not enough data to backtest for horizon 90.
run_mar - WARNING - Not enough data to backtest for horizon 90.
run_mar - WARNING - Not enough data to backtest for horizon 90.
run_mar - WARNING - Not enough data to backtest for horizon 90.
run_mar - WARNING - Not enough data to backtest for horizon 90.
run_mar - WARNING - Not enough data to backtest for horizon 90.
run_mar - WARNING - Not enough data to backtest for horizon 90.
run_mar - WARNING - Not enough data to backtest for horizon 90.
run_mar - WARNING - Not enough data to backtest for horizon 90.
run_mar - WARNING - Not enough data to backtest for horizon 90.
run_mar - WARNING - Not enough data to backtest for horizon 90.
run_mar - WARNING - Not enough data to backtest for horizon 90.
run_mar - WARNING - Not enough data to backtest for horizon 90.
run_mar - WARNING - Not enough data to backtest for horizon 90.
run_mar - WARNING - Not enough data to backtest for horizon 90.
run_mar - WARNING - Not enough data to backtest for horizon 90.
run_mar - WARNING - Not enough data to backtest for horizon 90.
run_mar - WARNING - Not enough data to backtest for horizon 90.
run_mar - WARNING - Not enough data to backtest for horizon 90.
run_mar - WARNING - Not enough data to backtest for horizon 90.
run_mar - WARNING - Not enough data to backtest for horizon 90.
run_mar - WARNING - Not enough data to backtest for horizon 90.
run_mar - WARNING - Not enough data to backtest for horizon 90.
run_mar - WARNING - Not enough data to backtest for horizon 90.
run_mar - WARNING - Not enough data to backtest for horizon 90.
run_mar - WARNING - Not enough data to backtest for horizon 90.
run_mar - WARNING - Not enough data to backtest for horizon 90.
run_mar - WARNING - Not enough data to backtest for horizon 90.
run_mar - WARNING - Not enough data to backtest for horizon 90.
run_mar - WARNING - Not enough data to backtest for horizon 90.
run_mar - WARNING - Not enough data to backtest for horizon 90.
run_mar - WARNING - Not enough data to backtest for horizon 90.
run_mar - WARNING - Not enough data to backtest for horizon 90.
run_mar - WARNING - Not enough data to backtest for horizon 90.
run_mar - WARNING - Not enough data to backtest for horizon 90.
run_mar - WARNING - Not enough data to backtest for horizon 90.
run_mar - WARNING - Not enough data to backtest for horizon 90.
run_mar - WARNING - Not enough data to backtest for horizon 90.
run_mar - WARNING - Not enough data to backtest for horizon 90.
run_mar - WARNING - Not enough data to backtest for horizon 90.
run_mar - WARNING - Not enough data to backtest for horizon 90.
run_mar - WARNING - Not enough data to backtest for horizon 90.
run_mar - WARNING - Not enough data to backtest for horizon 90.
run_mar - WARNING - Not enough data to backtest for horizon 90.
run_mar - WARNING - Not enough data to backtest for horizon 90.
run_mar - WARNING - Not enough data to backtest for horizon 90.
run_mar - WARNING - Not enough data to backtest for horizon 90.
run_mar - WARNING - Not enough data to backtest for horizon 90.
run_mar - WARNING - Not enough data to backtest for horizon 90.
run_mar - WARNING - Not enough data to backtest for horizon 90.
run_mar - WARNING - Not enough data to backtest for horizon 90.
run_mar - WARNING - Not enough data to backtest for horizon 90.
run_mar - WARNING - Not enough data to backtest for horizon 90.
run_mar - WARNING - Not enough data to backtest for horizon 90.
run_mar - WARNING - Not enough data to backtest for horizon 90.
run_mar - WARNING - Not enough data to backtest for horizon 90.
run_mar - WARNING - Not enough data to backtest for horizon 90.
run_mar - WARNING - Not enough data to backtest for horizon 90.
run_mar - WARNING - Not enough data to backtest for horizon 90.
run_mar - WARNING - Not enough data to backtest for horizon 90.
run_mar - WARNING - Not enough data to backtest for horizon 90.
run_mar - WARNING - Not enough data to backtest for horizon 90.
run_mar - WARNING - Not enough data to backtest for horizon 90.
run_mar - WARNING - Not enough data to backtest for horizon 90.
run_mar - WARNING - Not enough data to backtest for horizon 90.
run_mar - WARNING - Not enough data to backtest for horizon 90.
run_mar - WARNING - Not enough data to backtest for horizon 90.
run_mar - WARNING - Not enough data to backtest for horizon 90.
run_mar - WARNING - Not enough data to backtest for horizon 90.
run_mar - WARNING - Not enough data to backtest for horizon 90.
run_mar - WARNING - Not enough data to backtest for horizon 90.
run_mar - WARNING - Not enough data to backtest for horizon 90.
run_mar - WARNING - Not enough data to backtest for horizon 90.
run_mar - WARNING - Not enough data to backtest for horizon 90.
run_mar - WARNING - Not enough data to backtest for horizon 180.
run_mar - WARNING - Not enough data to backtest for horizon 180.
run_mar - WARNING - Not enough data to backtest for horizon 180.
run_mar - WARNING - Not enough data to backtest for horizon 180.
run_mar - WARNING - Not enough data to backtest for horizon 180.
run_mar - WARNING - Not enough data to backtest for horizon 180.
run_mar - WARNING - Not enough data to backtest for horizon 180.
run_mar - WARNING - Not enough data to backtest for horizon 180.
run_mar - WARNING - Not enough data to backtest for horizon 180.
run_mar - WARNING - Not enough data to backtest for horizon 180.
run_mar - WARNING - Not enough data to backtest for horizon 180.
run_mar - WARNING - Not enough data to backtest for horizon 180.
run_mar - WARNING - Not enough data to backtest for horizon 180.
run_mar - WARNING - Not enough data to backtest for horizon 180.
run_mar - WARNING - Not enough data to backtest for horizon 180.
run_mar - WARNING - Not enough data to backtest for horizon 180.
run_mar - WARNING - Not enough data to backtest for horizon 180.
run_mar - WARNING - Not enough data to backtest for horizon 180.
run_mar - WARNING - Not enough data to backtest for horizon 180.
run_mar - WARNING - Not enough data to backtest for horizon 180.
run_mar - WARNING - Not enough data to backtest for horizon 180.
run_mar - WARNING - Not enough data to backtest for horizon 180.
run_mar - WARNING - Not enough data to backtest for horizon 180.
run_mar - WARNING - Not enough data to backtest for horizon 180.
run_mar - WARNING - Not enough data to backtest for horizon 180.
run_mar - WARNING - Not enough data to backtest for horizon 180.
run_mar - WARNING - Not enough data to backtest for horizon 180.
run_mar - WARNING - Not enough data to backtest for horizon 180.
run_mar - WARNING - Not enough data to backtest for horizon 180.
run_mar - WARNING - Not enough data to backtest for horizon 180.
run_mar - WARNING - Not enough data to backtest for horizon 180.
run_mar - WARNING - Not enough data to backtest for horizon 180.
run_mar - WARNING - Not enough data to backtest for horizon 180.
run_mar - WARNING - Not enough data to backtest for horizon 180.
run_mar - WARNING - Not enough data to backtest for horizon 180.
run_mar - WARNING - Not enough data to backtest for horizon 180.
run_mar - WARNING - Not enough data to backtest for horizon 180.
run_mar - WARNING - Not enough data to backtest for horizon 180.
run_mar - WARNING - Not enough data to backtest for horizon 180.
run_mar - WARNING - Not enough data to backtest for horizon 180.
run_mar - WARNING - Not enough data to backtest for horizon 180.
run_mar - WARNING - Not enough data to backtest for horizon 180.
run_mar - WARNING - Not enough data to backtest for horizon 180.
run_mar - WARNING - Not enough data to backtest for horizon 180.
run_mar - WARNING - Not enough data to backtest for horizon 180.
run_mar - WARNING - Not enough data to backtest for horizon 180.
run_mar - WARNING - Not enough data to backtest for horizon 180.
run_mar - WARNING - Not enough data to backtest for horizon 180.
run_mar - WARNING - Not enough data to backtest for horizon 180.
run_mar - WARNING - Not enough data to backtest for horizon 180.
run_mar - WARNING - Not enough data to backtest for horizon 180.
run_mar - WARNING - Not enough data to backtest for horizon 180.
run_mar - WARNING - Not enough data to backtest for horizon 180.
run_mar - WARNING - Not enough data to backtest for horizon 180.
run_mar - WARNING - Not enough data to backtest for horizon 180.
run_mar - WARNING - Not enough data to backtest for horizon 180.
run_mar - WARNING - Not enough data to backtest for horizon 180.
run_mar - WARNING - Not enough data to backtest for horizon 180.
run_mar - WARNING - Not enough data to backtest for horizon 180.
run_mar - WARNING - Not enough data to backtest for horizon 180.
run_mar - WARNING - Not enough data to backtest for horizon 180.
run_mar - WARNING - Not enough data to backtest for horizon 180.
run_mar - WARNING - Not enough data to backtest for horizon 180.
run_mar - WARNING - Not enough data to backtest for horizon 180.
run_mar - WARNING - Not enough data to backtest for horizon 180.
run_mar - WARNING - Not enough data to backtest for horizon 180.
run_mar - WARNING - Not enough data to backtest for horizon 180.
run_mar - WARNING - Not enough data to backtest for horizon 180.
run_mar - WARNING - Not enough data to backtest for horizon 180.
run_mar - WARNING - Not enough data to backtest for horizon 180.
run_mar - WARNING - Not enough data to backtest for horizon 180.
run_mar - WARNING - Not enough data to backtest for horizon 180.
run_mar - WARNING - Not enough data to backtest for horizon 180.
run_mar - WARNING - Not enough data to backtest for horizon 180.
run_mar - WARNING - Not enough data to backtest for horizon 180.
run_mar - WARNING - Not enough data to backtest for horizon 180.
run_mar - WARNING - Not enough data to backtest for horizon 180.
run_mar - WARNING - Not enough data to backtest for horizon 180.
run_mar - WARNING - Not enough data to backtest for horizon 180.
run_mar - WARNING - Not enough data to backtest for horizon 180.
run_mar - WARNING - Not enough data to backtest for horizon 180.
run_mar - WARNING - Not enough data to backtest for horizon 180.
run_mar - WARNING - Not enough data to backtest for horizon 180.
run_mar - WARNING - Not enough data to backtest for horizon 180.
run_mar - WARNING - Not enough data to backtest for horizon 180.
run_mar - WARNING - Not enough data to backtest for horizon 180.
run_mar - WARNING - Not enough data to backtest for horizon 180.
run_mar - WARNING - Not enough data to backtest for horizon 180.
run_mar - WARNING - Not enough data to backtest for horizon 180.
run_mar - WARNING - Not enough data to backtest for horizon 180.
run_mar - WARNING - Not enough data to backtest for horizon 180.
run_mar - WARNING - Not enough data to backtest for horizon 180.
run_mar - WARNING - Not enough data to backtest for horizon 180.
run_mar - WARNING - Not enough data to backtest for horizon 180.
run_mar - WARNING - Not enough data to backtest for horizon 180.
run_mar - WARNING - Not enough data to backtest for horizon 180.
run_mar - WARNING - Not enough data to backtest for horizon 180.
run_mar - WARNING - Not enough data to backtest for horizon 180.
run_mar - WARNING - Not enough data to backtest for horizon 180.
run_mar - WARNING - Not enough data to backtest for horizon 180.
run_mar - WARNING - Not enough data to backtest for horizon 180.
run_mar - WARNING - Not enough data to backtest for horizon 180.
run_mar - WARNING - Not enough data to backtest for horizon 180.
run_mar - WARNING - Not enough data to backtest for horizon 180.
run_mar - WARNING - Not enough data to backtest for horizon 180.
run_mar - WARNING - Not enough data to backtest for horizon 180.
run_mar - WARNING - Not enough data to backtest for horizon 180.
run_mar - WARNING - Not enough data to backtest for horizon 180.
run_mar - WARNING - Not enough data to backtest for horizon 180.
run_mar - WARNING - Not enough data to backtest for horizon 180.
run_mar - WARNING - Not enough data to backtest for horizon 180.
run_mar - WARNING - Not enough data to backtest for horizon 180.
run_mar - WARNING - Not enough data to backtest for horizon 180.
run_mar - WARNING - Not enough data to backtest for horizon 180.
run_mar - WARNING - Not enough data to backtest for horizon 180.
run_mar - WARNING - Not enough data to backtest for horizon 180.
run_mar - WARNING - Not enough data to backtest for horizon 180.
run_mar - WARNING - Not enough data to backtest for horizon 180.
run_mar - WARNING - Not enough data to backtest for horizon 180.
run_mar - WARNING - Not enough data to backtest for horizon 180.
run_mar - WARNING - Not enough data to backtest for horizon 180.
run_mar - WARNING - Not enough data to backtest for horizon 180.
run_mar - WARNING - Not enough data to backtest for horizon 180.
run_mar - WARNING - Not enough data to backtest for horizon 180.
run_mar - WARNING - Not enough data to backtest for horizon 180.
run_mar - WARNING - Not enough data to backtest for horizon 180.
run_mar - WARNING - Not enough data to backtest for horizon 180.
run_mar - WARNING - Not enough data to backtest for horizon 180.
run_mar - WARNING - Not enough data to backtest for horizon 180.
run_mar - WARNING - Not enough data to backtest for horizon 180.
run_mar - WARNING - Not enough data to backtest for horizon 180.
run_mar - WARNING - Not enough data to backtest for horizon 180.
run_mar - WARNING - Not enough data to backtest for horizon 180.
run_mar - WARNING - Not enough data to backtest for horizon 180.
run_mar - WARNING - Not enough data to backtest for horizon 180.
run_mar - WARNING - Not enough data to backtest for horizon 180.
run_mar - WARNING - Not enough data to backtest for horizon 180.
run_mar - WARNING - Not enough data to backtest for horizon 180.
run_mar - WARNING - Not enough data to backtest for horizon 180.
run_mar - WARNING - Not enough data to backtest for horizon 180.
run_mar - WARNING - Not enough data to backtest for horizon 180.
run_mar - WARNING - Not enough data to backtest for horizon 180.
run_mar - WARNING - Not enough data to backtest for horizon 180.
run_mar - WARNING - Not enough data to backtest for horizon 180.
run_mar - WARNING - Not enough data to backtest for horizon 180.
run_mar - WARNING - Not enough data to backtest for horizon 180.
run_mar - WARNING - Not enough data to backtest for horizon 180.
run_mar - WARNING - Not enough data to backtest for horizon 180.
run_mar - WARNING - Not enough data to backtest for horizon 180.
run_mar - WARNING - Not enough data to backtest for horizon 180.
run_mar - WARNING - Not enough data to backtest for horizon 180.
run_mar - WARNING - Not enough data to backtest for horizon 180.
run_mar - WARNING - Not enough data to backtest for horizon 180.
run_mar - WARNING - Not enough data to backtest for horizon 180.
run_mar - WARNING - Not enough data to backtest for horizon 180.
run_mar - WARNING - Not enough data to backtest for horizon 180.
run_mar - WARNING - Not enough data to backtest for horizon 180.
run_mar - WARNING - Not enough data to backtest for horizon 180.
run_mar - WARNING - Not enough data to backtest for horizon 180.
run_mar - WARNING - Not enough data to backtest for horizon 180.
run_mar - WARNING - Not enough data to backtest for horizon 180.
run_mar - WARNING - Not enough data to backtest for horizon 180.
run_mar - WARNING - Not enough data to backtest for horizon 180.
run_mar - WARNING - Not enough data to backtest for horizon 180.
run_mar - WARNING - Not enough data to backtest for horizon 180.
run_mar - WARNING - Not enough data to backtest for horizon 180.
run_mar - WARNING - Not enough data to backtest for horizon 180.
run_mar - WARNING - Not enough data to backtest for horizon 180.
run_mar - WARNING - Not enough data to backtest for horizon 180.
run_mar - WARNING - Not enough data to backtest for horizon 180.
run_mar - WARNING - Not enough data to backtest for horizon 180.
run_mar - WARNING - Not enough data to backtest for horizon 180.
run_mar - WARNING - Not enough data to backtest for horizon 180.
run_mar - WARNING - Not enough data to backtest for horizon 180.
run_mar - WARNING - Not enough data to backtest for horizon 180.
run_mar - WARNING - Not enough data to backtest for horizon 180.
run_mar - WARNING - Not enough data to backtest for horizon 180.
run_mar - WARNING - Not enough data to backtest for horizon 180.
run_mar - WARNING - Not enough data to backtest for horizon 180.
run_mar - WARNING - Not enough data to backtest for horizon 180.
run_mar - WARNING - Not enough data to backtest for horizon 365.
run_mar - WARNING - Not enough data to backtest for horizon 365.
run_mar - WARNING - Not enough data to backtest for horizon 365.
run_mar - WARNING - Not enough data to backtest for horizon 365.
run_mar - WARNING - Not enough data to backtest for horizon 365.
run_mar - WARNING - Not enough data to backtest for horizon 365.
run_mar - WARNING - Not enough data to backtest for horizon 365.
run_mar - WARNING - Not enough data to backtest for horizon 365.
run_mar - WARNING - Not enough data to backtest for horizon 365.
run_mar - WARNING - Not enough data to backtest for horizon 365.
run_mar - WARNING - Not enough data to backtest for horizon 365.
run_mar - WARNING - Not enough data to backtest for horizon 365.
run_mar - WARNING - Not enough data to backtest for horizon 365.
run_mar - WARNING - Not enough data to backtest for horizon 365.
run_mar - WARNING - Not enough data to backtest for horizon 365.
run_mar - WARNING - Not enough data to backtest for horizon 365.
run_mar - WARNING - Not enough data to backtest for horizon 365.
run_mar - WARNING - Not enough data to backtest for horizon 365.
run_mar - WARNING - Not enough data to backtest for horizon 365.
run_mar - WARNING - Not enough data to backtest for horizon 365.
run_mar - WARNING - Not enough data to backtest for horizon 365.
run_mar - WARNING - Not enough data to backtest for horizon 365.
run_mar - WARNING - Not enough data to backtest for horizon 365.
run_mar - WARNING - Not enough data to backtest for horizon 365.
run_mar - WARNING - Not enough data to backtest for horizon 365.
run_mar - WARNING - Not enough data to backtest for horizon 365.
run_mar - WARNING - Not enough data to backtest for horizon 365.
run_mar - WARNING - Not enough data to backtest for horizon 365.
run_mar - WARNING - Not enough data to backtest for horizon 365.
run_mar - WARNING - Not enough data to backtest for horizon 365.
run_mar - WARNING - Not enough data to backtest for horizon 365.
run_mar - WARNING - Not enough data to backtest for horizon 365.
run_mar - WARNING - Not enough data to backtest for horizon 365.
run_mar - WARNING - Not enough data to backtest for horizon 365.
run_mar - WARNING - Not enough data to backtest for horizon 365.
run_mar - WARNING - Not enough data to backtest for horizon 365.
run_mar - WARNING - Not enough data to backtest for horizon 365.
run_mar - WARNING - Not enough data to backtest for horizon 365.
run_mar - WARNING - Not enough data to backtest for horizon 365.
run_mar - WARNING - Not enough data to backtest for horizon 365.
run_mar - WARNING - Not enough data to backtest for horizon 365.
run_mar - WARNING - Not enough data to backtest for horizon 365.
run_mar - WARNING - Not enough data to backtest for horizon 365.
run_mar - WARNING - Not enough data to backtest for horizon 365.
run_mar - WARNING - Not enough data to backtest for horizon 365.
run_mar - WARNING - Not enough data to backtest for horizon 365.
run_mar - WARNING - Not enough data to backtest for horizon 365.
run_mar - WARNING - Not enough data to backtest for horizon 365.
run_mar - WARNING - Not enough data to backtest for horizon 365.
run_mar - WARNING - Not enough data to backtest for horizon 365.
run_mar - WARNING - Not enough data to backtest for horizon 365.
run_mar - WARNING - Not enough data to backtest for horizon 365.
run_mar - WARNING - Not enough data to backtest for horizon 365.
run_mar - WARNING - Not enough data to backtest for horizon 365.
run_mar - WARNING - Not enough data to backtest for horizon 365.
run_mar - WARNING - Not enough data to backtest for horizon 365.
run_mar - WARNING - Not enough data to backtest for horizon 365.
run_mar - WARNING - Not enough data to backtest for horizon 365.
run_mar - WARNING - Not enough data to backtest for horizon 365.
run_mar - WARNING - Not enough data to backtest for horizon 365.
run_mar - WARNING - Not enough data to backtest for horizon 365.
run_mar - WARNING - Not enough data to backtest for horizon 365.
run_mar - WARNING - Not enough data to backtest for horizon 365.
run_mar - WARNING - Not enough data to backtest for horizon 365.
run_mar - WARNING - Not enough data to backtest for horizon 365.
run_mar - WARNING - Not enough data to backtest for horizon 365.
run_mar - WARNING - Not enough data to backtest for horizon 365.
run_mar - WARNING - Not enough data to backtest for horizon 365.
run_mar - WARNING - Not enough data to backtest for horizon 365.
run_mar - WARNING - Not enough data to backtest for horizon 365.
run_mar - WARNING - Not enough data to backtest for horizon 365.
run_mar - WARNING - Not enough data to backtest for horizon 365.
run_mar - WARNING - Not enough data to backtest for horizon 365.
run_mar - WARNING - Not enough data to backtest for horizon 365.
run_mar - WARNING - Not enough data to backtest for horizon 365.
run_mar - WARNING - Not enough data to backtest for horizon 365.
run_mar - WARNING - Not enough data to backtest for horizon 365.
run_mar - WARNING - Not enough data to backtest for horizon 365.
run_mar - WARNING - Not enough data to backtest for horizon 365.
run_mar - WARNING - Not enough data to backtest for horizon 365.
run_mar - WARNING - Not enough data to backtest for horizon 365.
run_mar - WARNING - Not enough data to backtest for horizon 365.
run_mar - WARNING - Not enough data to backtest for horizon 365.
run_mar - WARNING - Not enough data to backtest for horizon 365.
run_mar - WARNING - Not enough data to backtest for horizon 365.
run_mar - WARNING - Not enough data to backtest for horizon 365.
run_mar - WARNING - Not enough data to backtest for horizon 365.
run_mar - WARNING - Not enough data to backtest for horizon 365.
run_mar - WARNING - Not enough data to backtest for horizon 365.
run_mar - WARNING - Not enough data to backtest for horizon 365.
run_mar - WARNING - Not enough data to backtest for horizon 365.
run_mar - WARNING - Not enough data to backtest for horizon 365.
run_mar - WARNING - Not enough data to backtest for horizon 365.
run_mar - WARNING - Not enough data to backtest for horizon 365.
run_mar - WARNING - Not enough data to backtest for horizon 365.
run_mar - WARNING - Not enough data to backtest for horizon 365.
run_mar - WARNING - Not enough data to backtest for horizon 365.
run_mar - WARNING - Not enough data to backtest for horizon 365.
run_mar - WARNING - Not enough data to backtest for horizon 365.
run_mar - WARNING - Not enough data to backtest for horizon 365.
run_mar - WARNING - Not enough data to backtest for horizon 365.
run_mar - WARNING - Not enough data to backtest for horizon 365.
run_mar - WARNING - Not enough data to backtest for horizon 365.
run_mar - WARNING - Not enough data to backtest for horizon 365.
run_mar - WARNING - Not enough data to backtest for horizon 365.
run_mar - WARNING - Not enough data to backtest for horizon 365.
run_mar - WARNING - Not enough data to backtest for horizon 365.
run_mar - WARNING - Not enough data to backtest for horizon 365.
run_mar - WARNING - Not enough data to backtest for horizon 365.
run_mar - WARNING - Not enough data to backtest for horizon 365.
run_mar - WARNING - Not enough data to backtest for horizon 365.
run_mar - WARNING - Not enough data to backtest for horizon 365.
run_mar - WARNING - Not enough data to backtest for horizon 365.
run_mar - WARNING - Not enough data to backtest for horizon 365.
run_mar - WARNING - Not enough data to backtest for horizon 365.
run_mar - WARNING - Not enough data to backtest for horizon 365.
run_mar - WARNING - Not enough data to backtest for horizon 365.
run_mar - WARNING - Not enough data to backtest for horizon 365.
run_mar - WARNING - Not enough data to backtest for horizon 365.
run_mar - WARNING - Not enough data to backtest for horizon 365.
run_mar - WARNING - Not enough data to backtest for horizon 365.
run_mar - WARNING - Not enough data to backtest for horizon 365.
run_mar - WARNING - Not enough data to backtest for horizon 365.
run_mar - WARNING - Not enough data to backtest for horizon 365.
run_mar - WARNING - Not enough data to backtest for horizon 365.
run_mar - WARNING - Not enough data to backtest for horizon 365.
run_mar - WARNING - Not enough data to backtest for horizon 365.
run_mar - WARNING - Not enough data to backtest for horizon 365.
run_mar - WARNING - Not enough data to backtest for horizon 365.
run_mar - WARNING - Not enough data to backtest for horizon 365.
run_mar - WARNING - Not enough data to backtest for horizon 365.
run_mar - WARNING - Not enough data to backtest for horizon 365.
run_mar - WARNING - Not enough data to backtest for horizon 365.
run_mar - WARNING - Not enough data to backtest for horizon 365.
run_mar - WARNING - Not enough data to backtest for horizon 365.
run_mar - WARNING - Not enough data to backtest for horizon 365.
run_mar - WARNING - Not enough data to backtest for horizon 365.
run_mar - WARNING - Not enough data to backtest for horizon 365.
run_mar - WARNING - Not enough data to backtest for horizon 365.
run_mar - WARNING - Not enough data to backtest for horizon 365.
run_mar - WARNING - Not enough data to backtest for horizon 365.
run_mar - WARNING - Not enough data to backtest for horizon 365.
run_mar - WARNING - Not enough data to backtest for horizon 365.
run_mar - WARNING - Not enough data to backtest for horizon 365.
run_mar - WARNING - Not enough data to backtest for horizon 365.
run_mar - WARNING - Not enough data to backtest for horizon 365.
run_mar - WARNING - Not enough data to backtest for horizon 365.
run_mar - WARNING - Not enough data to backtest for horizon 365.
run_mar - WARNING - Not enough data to backtest for horizon 365.
run_mar - WARNING - Not enough data to backtest for horizon 365.
run_mar - WARNING - Not enough data to backtest for horizon 365.
run_mar - WARNING - Not enough data to backtest for horizon 365.
run_mar - WARNING - Not enough data to backtest for horizon 365.
run_mar - WARNING - Not enough data to backtest for horizon 365.
run_mar - WARNING - Not enough data to backtest for horizon 365.
run_mar - WARNING - Not enough data to backtest for horizon 365.
run_mar - WARNING - Not enough data to backtest for horizon 365.
run_mar - WARNING - Not enough data to backtest for horizon 365.
run_mar - WARNING - Not enough data to backtest for horizon 365.
run_mar - WARNING - Not enough data to backtest for horizon 365.
run_mar - WARNING - Not enough data to backtest for horizon 365.
run_mar - WARNING - Not enough data to backtest for horizon 365.
run_mar - WARNING - Not enough data to backtest for horizon 365.
run_mar - WARNING - Not enough data to backtest for horizon 365.
run_mar - WARNING - Not enough data to backtest for horizon 365.
run_mar - WARNING - Not enough data to backtest for horizon 365.
run_mar - WARNING - Not enough data to backtest for horizon 365.
run_mar - WARNING - Not enough data to backtest for horizon 365.
run_mar - WARNING - Not enough data to backtest for horizon 365.
run_mar - WARNING - Not enough data to backtest for horizon 365.
run_mar - WARNING - Not enough data to backtest for horizon 365.
run_mar - WARNING - Not enough data to backtest for horizon 365.
run_mar - WARNING - Not enough data to backtest for horizon 365.
run_mar - WARNING - Not enough data to backtest for horizon 365.
run_mar - WARNING - Not enough data to backtest for horizon 365.
run_mar - WARNING - Not enough data to backtest for horizon 365.
run_mar - WARNING - Not enough data to backtest for horizon 365.
run_mar - WARNING - Not enough data to backtest for horizon 365.
run_mar - WARNING - Not enough data to backtest for horizon 365.
run_mar - WARNING - Not enough data to backtest for horizon 365.
run_mar - WARNING - Not enough data to backtest for horizon 365.
run_mar - WARNING - Not enough data to backtest for horizon 365.
run_mar - WARNING - Not enough data to backtest for horizon 365.
run_mar - WARNING - Not enough data to backtest for horizon 365.
run_mar - WARNING - Not enough data to backtest for horizon 365.
run_mar - WARNING - Not enough data to backtest for horizon 365.
run_mar - WARNING - Not enough data to backtest for horizon 365.
run_mar - WARNING - Not enough data to backtest for horizon 365.
run_mar - WARNING - Not enough data to backtest for horizon 365.
run_mar - WARNING - Not enough data to backtest for horizon 365.
run_mar - WARNING - Not enough data to backtest for horizon 365.
run_mar - WARNING - Not enough data to backtest for horizon 365.
run_mar - WARNING - Not enough data to backtest for horizon 365.
run_mar - WARNING - Not enough data to backtest for horizon 365.
run_mar - WARNING - Not enough data to backtest for horizon 365.
run_mar - WARNING - Not enough data to backtest for horizon 365.
run_mar - WARNING - Not enough data to backtest for horizon 365.
run_mar - WARNING - Not enough data to backtest for horizon 365.
run_mar - WARNING - Not enough data to backtest for horizon 365.
run_mar - WARNING - Not enough data to backtest for horizon 365.
run_mar - WARNING - Not enough data to backtest for horizon 365.
run_mar - WARNING - Not enough data to backtest for horizon 365.
run_mar - WARNING - Not enough data to backtest for horizon 365.
run_mar - WARNING - Not enough data to backtest for horizon 365.
run_mar - WARNING - Not enough data to backtest for horizon 365.
run_mar - WARNING - Not enough data to backtest for horizon 365.
run_mar - WARNING - Not enough data to backtest for horizon 365.
run_mar - WARNING - Not enough data to backtest for horizon 365.
run_mar - WARNING - Not enough data to backtest for horizon 365.
run_mar - WARNING - Not enough data to backtest for horizon 365.
run_mar - WARNING - Not enough data to backtest for horizon 365.
run_mar - WARNING - Not enough data to backtest for horizon 365.
run_mar - WARNING - Not enough data to backtest for horizon 365.
run_mar - WARNING - Not enough data to backtest for horizon 365.
run_mar - WARNING - Not enough data to backtest for horizon 365.
run_mar - WARNING - Not enough data to backtest for horizon 365.
run_mar - WARNING - Not enough data to backtest for horizon 365.
run_mar - WARNING - Not enough data to backtest for horizon 365.
run_mar - WARNING - Not enough data to backtest for horizon 365.
run_mar - WARNING - Not enough data to backtest for horizon 365.
run_mar - WARNING - Not enough data to backtest for horizon 365.
run_mar - WARNING - Not enough data to backtest for horizon 365.
run_mar - WARNING - Not enough data to backtest for horizon 365.
run_mar - WARNING - Not enough data to backtest for horizon 365.
run_mar - WARNING - Not enough data to backtest for horizon 365.
run_mar - WARNING - Not enough data to backtest for horizon 365.
run_mar - WARNING - Not enough data to backtest for horizon 365.
run_mar - WARNING - Not enough data to backtest for horizon 365.
run_mar - WARNING - Not enough data to backtest for horizon 365.
run_mar - WARNING - Not enough data to backtest for horizon 365.
run_mar - WARNING - Not enough data to backtest for horizon 365.
run_mar - WARNING - Not enough data to backtest for horizon 365.
run_mar - WARNING - Not enough data to backtest for horizon 365.
run_mar - WARNING - Not enough data to backtest for horizon 365.
run_mar - WARNING - Not enough data to backtest for horizon 365.
run_mar - WARNING - Not enough data to backtest for horizon 365.
run_mar - WARNING - Not enough data to backtest for horizon 365.
run_mar - WARNING - Not enough data to backtest for horizon 365.
run_mar - WARNING - Not enough data to backtest for horizon 365.
run_mar - WARNING - Not enough data to backtest for horizon 365.
run_mar - WARNING - Not enough data to backtest for horizon 365.
run_mar - WARNING - Not enough data to backtest for horizon 365.
run_mar - WARNING - Not enough data to backtest for horizon 365.
run_mar - WARNING - Not enough data to backtest for horizon 365.
run_mar - WARNING - Not enough data to backtest for horizon 365.
run_mar - WARNING - Not enough data to backtest for horizon 365.
run_mar - WARNING - Not enough data to backtest for horizon 365.
run_mar - WARNING - Not enough data to backtest for horizon 365.
run_mar - WARNING - Not enough data to backtest for horizon 365.
run_mar - WARNING - Not enough data to backtest for horizon 365.
run_mar - WARNING - Not enough data to backtest for horizon 365.
run_mar - WARNING - Not enough data to backtest for horizon 365.
run_mar - WARNING - Not enough data to backtest for horizon 365.
run_mar - WARNING - Not enough data to backtest for horizon 365.
run_mar - WARNING - Not enough data to backtest for horizon 365.
run_mar - WARNING - Not enough data to backtest for horizon 365.
run_mar - WARNING - Not enough data to backtest for horizon 365.
run_mar - WARNING - Not enough data to backtest for horizon 365.
run_mar - WARNING - Not enough data to backtest for horizon 365.
run_mar - WARNING - Not enough data to backtest for horizon 365.
run_mar - WARNING - Not enough data to backtest for horizon 365.
run_mar - WARNING - Not enough data to backtest for horizon 365.
run_mar - WARNING - Not enough data to backtest for horizon 365.
run_mar - WARNING - Not enough data to backtest for horizon 365.
run_mar - WARNING - Not enough data to backtest for horizon 365.
run_mar - WARNING - Not enough data to backtest for horizon 365.
run_mar - WARNING - Not enough data to backtest for horizon 365.
run_mar - WARNING - Not enough data to backtest for horizon 365.
run_mar - WARNING - Not enough data to backtest for horizon 365.
run_mar - WARNING - Not enough data to backtest for horizon 365.
run_mar - WARNING - Not enough data to backtest for horizon 365.
run_mar - WARNING - Not enough data to backtest for horizon 365.
run_mar - WARNING - Not enough data to backtest for horizon 365.
run_mar - WARNING - Not enough data to backtest for horizon 365.
run_mar - WARNING - Not enough data to backtest for horizon 365.
run_mar - WARNING - Not enough data to backtest for horizon 365.
run_mar - WARNING - Not enough data to backtest for horizon 365.
run_mar - WARNING - Not enough data to backtest for horizon 365.
run_mar - WARNING - Not enough data to backtest for horizon 365.
run_mar - WARNING - Not enough data to backtest for horizon 365.
run_mar - WARNING - Not enough data to backtest for horizon 365.
run_mar - WARNING - Not enough data to backtest for horizon 365.
run_mar - WARNING - Not enough data to backtest for horizon 365.
run_mar - WARNING - Not enough data to backtest for horizon 365.
run_mar - WARNING - Not enough data to backtest for horizon 365.
run_mar - WARNING - Not enough data to backtest for horizon 365.
run_mar - WARNING - Not enough data to backtest for horizon 365.
run_mar - WARNING - Not enough data to backtest for horizon 365.
run_mar - WARNING - Not enough data to backtest for horizon 365.
run_mar - WARNING - Not enough data to backtest for horizon 365.
run_mar - WARNING - Not enough data to backtest for horizon 365.
run_mar - WARNING - Not enough data to backtest for horizon 365.
run_mar - WARNING - Not enough data to backtest for horizon 365.
run_mar - WARNING - Not enough data to backtest for horizon 365.
run_mar - WARNING - Not enough data to backtest for horizon 365.
run_mar - WARNING - Not enough data to backtest for horizon 365.
run_mar - WARNING - Not enough data to backtest for horizon 365.
run_mar - WARNING - Not enough data to backtest for horizon 365.
run_mar - WARNING - Not enough data to backtest for horizon 365.
run_mar - WARNING - Not enough data to backtest for horizon 365.
run_mar - WARNING - Not enough data to backtest for horizon 365.
run_mar - WARNING - Not enough data to backtest for horizon 365.
run_mar - WARNING - Not enough data to backtest for horizon 365.
run_mar - WARNING - Not enough data to backtest for horizon 365.
run_mar - WARNING - Not enough data to backtest for horizon 365.
run_mar - WARNING - Not enough data to backtest for horizon 365.
run_mar - WARNING - Not enough data to backtest for horizon 365.
run_mar - WARNING - Not enough data to backtest for horizon 365.
run_mar - WARNING - Not enough data to backtest for horizon 365.
run_mar - WARNING - Not enough data to backtest for horizon 365.
run_mar - WARNING - Not enough data to backtest for horizon 365.
run_mar - WARNING - Not enough data to backtest for horizon 365.
run_mar - WARNING - Not enough data to backtest for horizon 365.
run_mar - WARNING - Not enough data to backtest for horizon 365.
run_mar - WARNING - Not enough data to backtest for horizon 365.
run_mar - WARNING - Not enough data to backtest for horizon 365.
run_mar - WARNING - Not enough data to backtest for horizon 365.
run_mar - WARNING - Not enough data to backtest for horizon 365.
run_mar - WARNING - Not enough data to backtest for horizon 365.
run_mar - WARNING - Not enough data to backtest for horizon 365.
run_mar - WARNING - Not enough data to backtest for horizon 365.
run_mar - WARNING - Not enough data to backtest for horizon 365.
run_mar - WARNING - Not enough data to backtest for horizon 365.
run_mar - WARNING - Not enough data to backtest for horizon 365.
run_mar - WARNING - Not enough data to backtest for horizon 365.
run_mar - WARNING - Not enough data to backtest for horizon 365.
run_mar - WARNING - Not enough data to backtest for horizon 365.
run_mar - WARNING - Not enough data to backtest for horizon 365.
run_mar - WARNING - Not enough data to backtest for horizon 365.
run_mar - WARNING - Not enough data to backtest for horizon 365.
run_mar - WARNING - Not enough data to backtest for horizon 365.
run_mar - WARNING - Not enough data to backtest for horizon 365.
run_mar - WARNING - Not enough data to backtest for horizon 365.
run_mar - WARNING - Not enough data to backtest for horizon 365.
run_mar - WARNING - Not enough data to backtest for horizon 365.
run_mar - WARNING - Not enough data to backtest for horizon 365.
run_mar - WARNING - Not enough data to backtest for horizon 365.
run_mar - WARNING - Not enough data to backtest for horizon 365.
run_mar - WARNING - Not enough data to backtest for horizon 365.
run_mar - WARNING - Not enough data to backtest for horizon 365.
run_mar - WARNING - Not enough data to backtest for horizon 365.
run_mar - WARNING - Not enough data to backtest for horizon 365.
run_mar - WARNING - Not enough data to backtest for horizon 365.
run_mar - WARNING - Not enough data to backtest for horizon 365.
run_mar - WARNING - Not enough data to backtest for horizon 365.
run_mar - WARNING - Not enough data to backtest for horizon 365.
run_mar - WARNING - Not enough data to backtest for horizon 365.
run_mar - WARNING - Not enough data to backtest for horizon 365.
run_mar - WARNING - Not enough data to backtest for horizon 365.
run_mar - WARNING - Not enough data to backtest for horizon 365.
run_mar - WARNING - Not enough data to backtest for horizon 365.
run_mar - WARNING - Not enough data to backtest for horizon 365.
run_mar - WARNING - Not enough data to backtest for horizon 365.
run_mar - WARNING - Not enough data to backtest for horizon 365.
run_mar - WARNING - Not enough data to backtest for horizon 365.
run_mar - WARNING - Not enough data to backtest for horizon 365.
run_mar - WARNING - Not enough data to backtest for horizon 365.
run_mar - WARNING - Not enough data to backtest for horizon 365.
run_mar - WARNING - Not enough data to backtest for horizon 365.
run_mar - WARNING - Not enough data to backtest for horizon 365.
run_mar - WARNING - Not enough data to backtest for horizon 365.
run_mar - WARNING - Not enough data to backtest for horizon 365.
run_mar - WARNING - Not enough data to backtest for horizon 365.
run_mar - WARNING - Not enough data to backtest for horizon 365.
run_mar - WARNING - Not enough data to backtest for horizon 365.
run_mar - INFO - Successfully saved MSE table to /home/victor/Projects/regularized-MAR-vs-LSTM-in-forcasting-IVS/data/result/regularized_MAR_training_mse.csv.
