2026-08-19 17:30:06,855 - INFO - Loading data...
2026-08-19 17:30:06,897 - INFO - Successfully loaded transformed data from /home/victor/Projects/regularized-MAR-vs-LSTM-in-forcasting-IVS/data/processed/centered_full_data.csv with shape (2647, 63)
2026-08-19 17:30:06,926 - INFO - Successfully loaded transformed data from /home/victor/Projects/regularized-MAR-vs-LSTM-in-forcasting-IVS/data/processed/centered_train_data.csv with shape (2117, 63)
2026-08-19 17:30:06,936 - INFO - Successfully loaded transformed data from /home/victor/Projects/regularized-MAR-vs-LSTM-in-forcasting-IVS/data/processed/centered_test_data.csv with shape (530, 63)
2026-08-19 17:30:06,936 - INFO - Training Regularized MAR model...
2026-08-19 17:30:06,937 - INFO - Training Regularized MAR with alpha_A=0.01, alpha_B=0.01...
2026-08-19 17:30:08,456 - INFO - Iteration 1
2026-08-19 19:06:17,145 - INFO - Iteration 2
2026-08-19 19:06:19,763 - INFO - Iteration 3
2026-08-19 19:06:21,317 - INFO - Iteration 4
2026-08-19 19:06:22,825 - INFO - Iteration 5
2026-08-19 19:06:24,349 - INFO - Iteration 6
2026-08-19 19:06:25,814 - INFO - Iteration 7
2026-08-19 19:06:27,350 - INFO - Iteration 8
2026-08-19 19:06:28,918 - INFO - Iteration 9
2026-08-19 19:06:30,439 - INFO - Iteration 10
2026-08-19 19:06:31,981 - INFO - Iteration 11
2026-08-19 19:06:33,564 - INFO - Iteration 12
2026-08-19 19:06:35,148 - INFO - Iteration 13
2026-08-19 19:06:36,693 - INFO - Iteration 14
2026-08-19 19:06:38,315 - INFO - Iteration 15
2026-08-19 19:06:39,818 - INFO - Iteration 16
2026-08-19 19:06:41,309 - INFO - Iteration 17
2026-08-19 19:06:42,687 - INFO - Iteration 18
2026-08-19 19:06:44,103 - INFO - Iteration 19
2026-08-19 19:06:45,649 - INFO - Iteration 20
2026-08-19 19:06:47,177 - INFO - Iteration 21
2026-08-19 19:06:48,901 - INFO - Iteration 22
2026-08-19 19:06:50,551 - INFO - Iteration 23
2026-08-19 19:06:52,305 - INFO - Iteration 24
2026-08-19 19:06:54,174 - INFO - Iteration 25
2026-08-19 19:06:55,809 - INFO - Iteration 26
2026-08-19 19:06:57,506 - INFO - Iteration 27
2026-08-19 19:06:59,212 - INFO - Iteration 28
2026-08-19 19:07:00,844 - INFO - Iteration 29
2026-08-19 19:07:02,484 - INFO - Iteration 30
2026-08-19 19:07:04,360 - INFO - Iteration 31
2026-08-19 19:07:05,946 - INFO - Iteration 32
2026-08-19 19:07:07,488 - INFO - Iteration 33
2026-08-19 19:07:09,239 - INFO - Iteration 34
2026-08-19 19:07:11,028 - INFO - Iteration 35
2026-08-19 19:07:12,838 - INFO - Iteration 36
2026-08-19 19:07:14,691 - INFO - Iteration 37
2026-08-19 19:07:16,376 - INFO - Iteration 38
2026-08-19 19:07:18,016 - INFO - Iteration 39
2026-08-19 19:07:19,600 - INFO - Iteration 40
2026-08-19 19:07:21,103 - INFO - Iteration 41
2026-08-19 19:07:22,606 - INFO - Iteration 42
2026-08-19 19:07:24,176 - INFO - Iteration 43
2026-08-19 19:07:25,691 - INFO - Iteration 44
2026-08-19 19:07:27,220 - INFO - Iteration 45
2026-08-19 19:07:28,790 - INFO - Iteration 46
2026-08-19 19:07:30,362 - INFO - Iteration 47
2026-08-19 19:07:31,914 - INFO - Iteration 48
2026-08-19 19:07:33,490 - INFO - Iteration 49
2026-08-19 19:07:35,050 - INFO - Iteration 50
2026-08-19 19:07:36,602 - INFO - Iteration 51
2026-08-19 19:07:38,122 - INFO - Iteration 52
2026-08-19 19:07:39,689 - INFO - Iteration 53
2026-08-19 19:07:41,234 - INFO - Iteration 54
2026-08-19 19:07:42,813 - INFO - Iteration 55
2026-08-19 19:07:44,407 - INFO - Iteration 56
2026-08-19 19:07:45,972 - INFO - Iteration 57
2026-08-19 19:07:47,556 - INFO - Iteration 58
2026-08-19 19:07:49,159 - INFO - Iteration 59
2026-08-19 19:07:50,732 - INFO - Iteration 60
2026-08-19 19:07:52,269 - INFO - Iteration 61
2026-08-19 19:07:53,818 - INFO - Iteration 62
2026-08-19 19:07:55,374 - INFO - Iteration 63
2026-08-19 19:07:56,926 - INFO - Iteration 64
2026-08-19 19:07:58,447 - INFO - Iteration 65
2026-08-19 19:08:00,081 - INFO - Iteration 66
2026-08-19 19:08:01,669 - INFO - Iteration 67
2026-08-19 19:08:03,198 - INFO - Iteration 68
2026-08-19 19:08:04,784 - INFO - Iteration 69
2026-08-19 19:08:06,315 - INFO - Iteration 70
2026-08-19 19:08:07,857 - INFO - Iteration 71
2026-08-19 19:08:09,431 - INFO - Iteration 72
2026-08-19 19:08:10,982 - INFO - Iteration 73
2026-08-19 19:08:12,519 - INFO - Iteration 74
2026-08-19 19:08:14,051 - INFO - Iteration 75
2026-08-19 19:08:15,598 - INFO - Iteration 76
2026-08-19 19:08:17,107 - INFO - Iteration 77
2026-08-19 19:08:18,633 - INFO - Iteration 78
2026-08-19 19:08:20,242 - INFO - Iteration 79
2026-08-19 19:08:21,816 - INFO - Iteration 80
2026-08-19 19:08:23,369 - INFO - Iteration 81
2026-08-19 19:08:24,959 - INFO - Iteration 82
2026-08-19 19:08:26,514 - INFO - Iteration 83
2026-08-19 19:08:28,070 - INFO - Iteration 84
2026-08-19 19:08:29,666 - INFO - Iteration 85
2026-08-19 19:08:31,217 - INFO - Iteration 86
2026-08-19 19:08:32,797 - INFO - Iteration 87
2026-08-19 19:08:34,424 - INFO - Iteration 88
2026-08-19 19:08:36,009 - INFO - Iteration 89
2026-08-19 19:08:37,616 - INFO - Iteration 90
2026-08-19 19:08:39,208 - INFO - Iteration 91
2026-08-19 19:08:40,786 - INFO - Iteration 92
2026-08-19 19:08:42,376 - INFO - Iteration 93
2026-08-19 19:08:43,930 - INFO - Iteration 94
2026-08-19 19:08:45,659 - INFO - Iteration 95
2026-08-19 19:08:47,319 - INFO - Iteration 96
2026-08-19 19:08:48,887 - INFO - Iteration 97
2026-08-19 19:08:50,856 - INFO - Iteration 98
2026-08-19 19:08:52,451 - INFO - Iteration 99
2026-08-19 19:08:53,992 - INFO - Iteration 100
2026-08-19 19:08:55,577 - INFO - Iteration 101
2026-08-19 19:08:57,129 - INFO - Iteration 102
2026-08-19 19:08:58,713 - INFO - Iteration 103
2026-08-19 19:09:00,385 - INFO - Iteration 104
2026-08-19 19:09:02,001 - INFO - Iteration 105
2026-08-19 19:09:03,573 - INFO - Iteration 106
2026-08-19 19:09:05,170 - INFO - Iteration 107
2026-08-19 19:09:06,727 - INFO - Iteration 108
2026-08-19 19:09:08,307 - INFO - Iteration 109
2026-08-19 19:09:10,016 - INFO - Iteration 110
2026-08-19 19:09:11,613 - INFO - Iteration 111
2026-08-19 19:09:13,184 - INFO - Iteration 112
2026-08-19 19:09:14,792 - INFO - Iteration 113
2026-08-19 19:09:16,356 - INFO - Iteration 114
2026-08-19 19:09:17,936 - INFO - Iteration 115
2026-08-19 19:09:19,515 - INFO - Iteration 116
2026-08-19 19:09:21,124 - INFO - Iteration 117
2026-08-19 19:09:22,704 - INFO - Iteration 118
2026-08-19 19:09:24,325 - INFO - Iteration 119
2026-08-19 19:09:25,971 - INFO - Iteration 120
2026-08-19 19:09:27,595 - INFO - Iteration 121
2026-08-19 19:09:29,198 - INFO - Iteration 122
2026-08-19 19:09:30,853 - INFO - Iteration 123
2026-08-19 19:09:32,445 - INFO - Iteration 124
2026-08-19 19:09:34,069 - INFO - Iteration 125
2026-08-19 19:09:35,688 - INFO - Iteration 126
2026-08-19 19:09:37,617 - INFO - Iteration 127
2026-08-19 19:09:39,222 - INFO - Iteration 128
2026-08-19 19:09:40,818 - INFO - Iteration 129
2026-08-19 19:09:42,416 - INFO - Iteration 130
2026-08-19 19:09:43,999 - INFO - Iteration 131
2026-08-19 19:09:45,857 - INFO - Iteration 132
2026-08-19 19:09:47,525 - INFO - Iteration 133
2026-08-19 19:09:49,088 - INFO - Iteration 134
2026-08-19 19:09:50,702 - INFO - Iteration 135
2026-08-19 19:09:52,264 - INFO - Iteration 136
2026-08-19 19:09:53,846 - INFO - Iteration 137
2026-08-19 19:09:55,456 - INFO - Iteration 138
2026-08-19 19:09:57,165 - INFO - Iteration 139
2026-08-19 19:09:58,790 - INFO - Iteration 140
2026-08-19 19:10:00,406 - INFO - Iteration 141
2026-08-19 19:10:01,984 - INFO - Iteration 142
2026-08-19 19:10:03,548 - INFO - Iteration 143
2026-08-19 19:10:05,159 - INFO - Iteration 144
2026-08-19 19:10:06,723 - INFO - Iteration 145
2026-08-19 19:10:08,302 - INFO - Iteration 146
2026-08-19 19:10:09,887 - INFO - Iteration 147
2026-08-19 19:10:11,461 - INFO - Iteration 148
2026-08-19 19:10:13,048 - INFO - Iteration 149
2026-08-19 19:10:14,622 - INFO - Iteration 150
2026-08-19 19:10:16,204 - INFO - Iteration 151
2026-08-19 19:10:17,791 - INFO - Iteration 152
2026-08-19 19:10:19,433 - INFO - Iteration 153
2026-08-19 19:10:21,031 - INFO - Iteration 154
2026-08-19 19:10:22,590 - INFO - Iteration 155
2026-08-19 19:10:24,149 - INFO - Iteration 156
2026-08-19 19:10:25,775 - INFO - Iteration 157
2026-08-19 19:10:27,410 - INFO - Iteration 158
2026-08-19 19:10:29,081 - INFO - Iteration 159
2026-08-19 19:10:30,751 - INFO - Iteration 160
2026-08-19 19:10:32,379 - INFO - Iteration 161
2026-08-19 19:10:33,970 - INFO - Iteration 162
2026-08-19 19:10:35,609 - INFO - Iteration 163
2026-08-19 19:10:37,211 - INFO - Iteration 164
2026-08-19 19:10:38,827 - INFO - Iteration 165
2026-08-19 19:10:40,434 - INFO - Iteration 166
2026-08-19 19:10:42,039 - INFO - Iteration 167
2026-08-19 19:10:43,616 - INFO - Iteration 168
2026-08-19 19:10:45,229 - INFO - Iteration 169
2026-08-19 19:10:46,884 - INFO - Iteration 170
2026-08-19 19:10:48,485 - INFO - Iteration 171
2026-08-19 19:10:50,098 - INFO - Iteration 172
2026-08-19 19:10:51,723 - INFO - Iteration 173
2026-08-19 19:10:53,333 - INFO - Iteration 174
2026-08-19 19:10:54,931 - INFO - Iteration 175
2026-08-19 19:10:56,541 - INFO - Iteration 176
2026-08-19 19:10:58,120 - INFO - Iteration 177
2026-08-19 19:10:59,728 - INFO - Iteration 178
2026-08-19 19:11:01,372 - INFO - Iteration 179
2026-08-19 19:11:02,940 - INFO - Iteration 180
2026-08-19 19:11:04,507 - INFO - Iteration 181
2026-08-19 19:11:06,146 - INFO - Iteration 182
2026-08-19 19:11:07,753 - INFO - Iteration 183
2026-08-19 19:11:09,332 - INFO - Iteration 184
2026-08-19 19:11:10,967 - INFO - Iteration 185
2026-08-19 19:11:12,549 - INFO - Iteration 186
2026-08-19 19:11:14,136 - INFO - Iteration 187
2026-08-19 19:11:15,752 - INFO - Iteration 188
2026-08-19 19:11:17,359 - INFO - Iteration 189
2026-08-19 19:11:18,957 - INFO - Iteration 190
2026-08-19 19:11:20,541 - INFO - Iteration 191
2026-08-19 19:11:22,153 - INFO - Iteration 192
2026-08-19 19:11:23,755 - INFO - Iteration 193
2026-08-19 19:11:25,338 - INFO - Iteration 194
2026-08-19 19:11:26,990 - INFO - Iteration 195
2026-08-19 19:11:28,651 - INFO - Iteration 196
2026-08-19 19:11:30,300 - INFO - Iteration 197
2026-08-19 19:11:31,922 - INFO - Iteration 198
2026-08-19 19:11:33,516 - INFO - Iteration 199
2026-08-19 19:11:35,085 - INFO - Iteration 200
2026-08-19 19:11:36,682 - INFO - Iteration 201
2026-08-19 19:11:38,263 - INFO - Iteration 202
2026-08-19 19:11:39,887 - INFO - Iteration 203
2026-08-19 19:11:41,565 - INFO - Iteration 204
2026-08-19 19:11:43,198 - INFO - Iteration 205
2026-08-19 19:11:44,775 - INFO - Iteration 206
2026-08-19 19:11:46,406 - INFO - Iteration 207
2026-08-19 19:11:47,979 - INFO - Iteration 208
2026-08-19 19:11:49,573 - INFO - Iteration 209
2026-08-19 19:11:51,581 - INFO - Iteration 210
2026-08-19 19:11:53,133 - INFO - Iteration 211
2026-08-19 19:11:54,702 - INFO - Iteration 212
2026-08-19 19:11:56,312 - INFO - Iteration 213
2026-08-19 19:11:57,904 - INFO - Iteration 214
2026-08-19 19:11:59,532 - INFO - Iteration 215
2026-08-19 19:12:01,170 - INFO - Iteration 216
2026-08-19 19:12:02,784 - INFO - Iteration 217
2026-08-19 19:12:04,396 - INFO - Iteration 218
2026-08-19 19:12:05,984 - INFO - Iteration 219
2026-08-19 19:12:07,542 - INFO - Iteration 220
2026-08-19 19:12:09,108 - INFO - Iteration 221
2026-08-19 19:12:10,685 - INFO - Iteration 222
2026-08-19 19:12:12,294 - INFO - Iteration 223
2026-08-19 19:12:13,871 - INFO - Iteration 224
2026-08-19 19:12:15,443 - INFO - Iteration 225
2026-08-19 19:12:17,037 - INFO - Iteration 226
2026-08-19 19:12:18,584 - INFO - Iteration 227
2026-08-19 19:12:20,147 - INFO - Iteration 228
2026-08-19 19:12:21,773 - INFO - Iteration 229
2026-08-19 19:12:23,361 - INFO - Iteration 230
2026-08-19 19:12:24,982 - INFO - Iteration 231
2026-08-19 19:12:26,610 - INFO - Iteration 232
2026-08-19 19:12:28,204 - INFO - Iteration 233
2026-08-19 19:12:29,801 - INFO - Iteration 234
2026-08-19 19:12:31,497 - INFO - Iteration 235
2026-08-19 19:12:33,118 - INFO - Iteration 236
2026-08-19 19:12:34,746 - INFO - Iteration 237
2026-08-19 19:12:36,584 - INFO - Iteration 238
2026-08-19 19:12:38,191 - INFO - Iteration 239
2026-08-19 19:12:39,802 - INFO - Iteration 240
2026-08-19 19:12:41,424 - INFO - Iteration 241
2026-08-19 19:12:43,003 - INFO - Iteration 242
2026-08-19 19:12:44,560 - INFO - Iteration 243
2026-08-19 19:12:46,130 - INFO - Iteration 244
2026-08-19 19:12:47,699 - INFO - Iteration 245
2026-08-19 19:12:49,270 - INFO - Iteration 246
2026-08-19 19:12:50,870 - INFO - Iteration 247
2026-08-19 19:12:52,464 - INFO - Iteration 248
2026-08-19 19:12:54,015 - INFO - Iteration 249
2026-08-19 19:12:55,572 - INFO - Iteration 250
2026-08-19 19:12:57,167 - INFO - Iteration 251
2026-08-19 19:12:58,748 - INFO - Iteration 252
2026-08-19 19:13:00,318 - INFO - Iteration 253
2026-08-19 19:13:01,995 - INFO - Iteration 254
2026-08-19 19:13:03,559 - INFO - Iteration 255
2026-08-19 19:13:05,131 - INFO - Iteration 256
2026-08-19 19:13:06,757 - INFO - Iteration 257
2026-08-19 19:13:08,370 - INFO - Iteration 258
2026-08-19 19:13:09,999 - INFO - Iteration 259
2026-08-19 19:13:11,617 - INFO - Iteration 260
2026-08-19 19:13:13,270 - INFO - Iteration 261
2026-08-19 19:13:14,855 - INFO - Iteration 262
2026-08-19 19:13:16,445 - INFO - Iteration 263
2026-08-19 19:13:18,051 - INFO - Iteration 264
2026-08-19 19:13:19,640 - INFO - Iteration 265
2026-08-19 19:13:21,257 - INFO - Iteration 266
2026-08-19 19:13:22,900 - INFO - Iteration 267
2026-08-19 19:13:24,501 - INFO - Iteration 268
2026-08-19 19:13:26,092 - INFO - Iteration 269
2026-08-19 19:13:27,704 - INFO - Iteration 270
2026-08-19 19:13:29,300 - INFO - Iteration 271
2026-08-19 19:13:30,865 - INFO - Iteration 272
2026-08-19 19:13:32,489 - INFO - Iteration 273
2026-08-19 19:13:34,065 - INFO - Iteration 274
2026-08-19 19:13:35,672 - INFO - Iteration 275
2026-08-19 19:13:37,303 - INFO - Iteration 276
2026-08-19 19:13:38,885 - INFO - Iteration 277
2026-08-19 19:13:40,541 - INFO - Iteration 278
2026-08-19 19:13:42,145 - INFO - Iteration 279
2026-08-19 19:13:43,773 - INFO - Iteration 280
2026-08-19 19:13:45,413 - INFO - Iteration 281
2026-08-19 19:13:47,031 - INFO - Iteration 282
2026-08-19 19:13:48,661 - INFO - Iteration 283
2026-08-19 19:13:50,276 - INFO - Iteration 284
2026-08-19 19:13:51,922 - INFO - Iteration 285
2026-08-19 19:13:53,502 - INFO - Iteration 286
2026-08-19 19:13:55,661 - INFO - Iteration 287
2026-08-19 19:13:57,520 - INFO - Iteration 288
2026-08-19 19:13:59,210 - INFO - Iteration 289
2026-08-19 19:14:00,866 - INFO - Iteration 290
2026-08-19 19:14:02,679 - INFO - Iteration 291
2026-08-19 19:14:04,506 - INFO - Iteration 292
2026-08-19 19:14:06,194 - INFO - Iteration 293
2026-08-19 19:14:08,104 - INFO - Iteration 294
2026-08-19 19:14:09,912 - INFO - Iteration 295
2026-08-19 19:14:11,573 - INFO - Iteration 296
2026-08-19 19:14:13,236 - INFO - Iteration 297
2026-08-19 19:14:14,816 - INFO - Iteration 298
2026-08-19 19:14:16,435 - INFO - Iteration 299
2026-08-19 19:14:18,085 - INFO - Iteration 300
2026-08-19 19:14:19,621 - INFO - Iteration 301
2026-08-19 19:14:21,221 - INFO - Iteration 302
2026-08-19 19:14:22,885 - INFO - Iteration 303
2026-08-19 19:14:24,464 - INFO - Iteration 304
2026-08-19 19:14:26,048 - INFO - Iteration 305
2026-08-19 19:14:27,602 - INFO - Iteration 306
2026-08-19 19:14:29,197 - INFO - Iteration 307
2026-08-19 19:14:30,786 - INFO - Iteration 308
2026-08-19 19:14:32,335 - INFO - Iteration 309
2026-08-19 19:14:33,824 - INFO - Iteration 310
2026-08-19 19:14:35,364 - INFO - Iteration 311
2026-08-19 19:14:36,918 - INFO - Iteration 312
2026-08-19 19:14:38,427 - INFO - Iteration 313
2026-08-19 19:14:40,050 - INFO - Iteration 314
2026-08-19 19:14:41,636 - INFO - Iteration 315
2026-08-19 19:14:43,218 - INFO - Iteration 316
2026-08-19 19:14:44,871 - INFO - Iteration 317
2026-08-19 19:14:46,440 - INFO - Iteration 318
2026-08-19 19:14:48,056 - INFO - Iteration 319
2026-08-19 19:14:49,632 - INFO - Iteration 320
2026-08-19 19:14:51,246 - INFO - Iteration 321
2026-08-19 19:14:52,828 - INFO - Iteration 322
2026-08-19 19:14:54,402 - INFO - Iteration 323
2026-08-19 19:14:56,025 - INFO - Iteration 324
2026-08-19 19:14:57,690 - INFO - Iteration 325
2026-08-19 19:14:59,218 - INFO - Iteration 326
2026-08-19 19:15:00,754 - INFO - Iteration 327
2026-08-19 19:15:02,354 - INFO - Iteration 328
2026-08-19 19:15:03,927 - INFO - Iteration 329
2026-08-19 19:15:05,487 - INFO - Iteration 330
2026-08-19 19:15:07,013 - INFO - Iteration 331
2026-08-19 19:15:08,523 - INFO - Iteration 332
2026-08-19 19:15:10,166 - INFO - Iteration 333
2026-08-19 19:15:11,644 - INFO - Iteration 334
2026-08-19 19:15:13,168 - INFO - Iteration 335
2026-08-19 19:15:14,726 - INFO - Iteration 336
2026-08-19 19:15:16,254 - INFO - Iteration 337
2026-08-19 19:15:17,815 - INFO - Iteration 338
2026-08-19 19:15:19,355 - INFO - Iteration 339
2026-08-19 19:15:20,956 - INFO - Iteration 340
2026-08-19 19:15:22,456 - INFO - Iteration 341
2026-08-19 19:15:24,046 - INFO - Iteration 342
2026-08-19 19:15:25,576 - INFO - Iteration 343
2026-08-19 19:15:27,127 - INFO - Iteration 344
2026-08-19 19:15:28,796 - INFO - Iteration 345
2026-08-19 19:15:30,354 - INFO - Iteration 346
2026-08-19 19:15:31,977 - INFO - Iteration 347
2026-08-19 19:15:33,541 - INFO - Iteration 348
2026-08-19 19:15:35,083 - INFO - Iteration 349
2026-08-19 19:15:36,940 - INFO - Iteration 350
2026-08-19 19:15:38,539 - INFO - Iteration 351
2026-08-19 19:15:40,134 - INFO - Iteration 352
2026-08-19 19:15:41,734 - INFO - Iteration 353
2026-08-19 19:15:43,383 - INFO - Iteration 354
2026-08-19 19:15:44,877 - INFO - Iteration 355
2026-08-19 19:15:46,476 - INFO - Iteration 356
2026-08-19 19:15:48,042 - INFO - Iteration 357
2026-08-19 19:15:49,604 - INFO - Iteration 358
2026-08-19 19:15:51,125 - INFO - Iteration 359
2026-08-19 19:15:52,656 - INFO - Iteration 360
2026-08-19 19:15:54,267 - INFO - Iteration 361
2026-08-19 19:15:55,785 - INFO - Iteration 362
2026-08-19 19:15:57,294 - INFO - Iteration 363
2026-08-19 19:15:58,880 - INFO - Iteration 364
2026-08-19 19:16:00,427 - INFO - Iteration 365
2026-08-19 19:16:01,988 - INFO - Iteration 366
2026-08-19 19:16:03,622 - INFO - Iteration 367
2026-08-19 19:16:05,167 - INFO - Iteration 368
2026-08-19 19:16:06,787 - INFO - Iteration 369
2026-08-19 19:16:08,353 - INFO - Iteration 370
2026-08-19 19:16:09,871 - INFO - Iteration 371
2026-08-19 19:16:11,472 - INFO - Iteration 372
2026-08-19 19:16:12,988 - INFO - Iteration 373
2026-08-19 19:16:14,519 - INFO - Iteration 374
2026-08-19 19:16:16,098 - INFO - Iteration 375
2026-08-19 19:16:17,613 - INFO - Iteration 376
2026-08-19 19:16:19,160 - INFO - Iteration 377
2026-08-19 19:16:20,695 - INFO - Iteration 378
2026-08-19 19:16:22,197 - INFO - Iteration 379
2026-08-19 19:16:23,776 - INFO - Iteration 380
2026-08-19 19:16:25,324 - INFO - Iteration 381
2026-08-19 19:16:26,863 - INFO - Iteration 382
2026-08-19 19:16:28,474 - INFO - Iteration 383
2026-08-19 19:16:30,021 - INFO - Iteration 384
2026-08-19 19:16:31,972 - INFO - Iteration 385
2026-08-19 19:16:33,567 - INFO - Iteration 386
2026-08-19 19:16:35,087 - INFO - Iteration 387
2026-08-19 19:16:36,617 - INFO - Iteration 388
2026-08-19 19:16:38,222 - INFO - Iteration 389
2026-08-19 19:16:39,953 - INFO - Iteration 390
2026-08-19 19:16:41,609 - INFO - Iteration 391
2026-08-19 19:16:43,287 - INFO - Iteration 392
2026-08-19 19:16:44,815 - INFO - Iteration 393
2026-08-19 19:16:46,615 - INFO - Iteration 394
2026-08-19 19:16:48,405 - INFO - Iteration 395
2026-08-19 19:16:49,894 - INFO - Iteration 396
2026-08-19 19:16:51,373 - INFO - Iteration 397
2026-08-19 19:16:52,856 - INFO - Iteration 398
2026-08-19 19:16:54,380 - INFO - Iteration 399
2026-08-19 19:16:55,854 - INFO - Iteration 400
2026-08-19 19:16:57,335 - INFO - Iteration 401
2026-08-19 19:16:58,856 - INFO - Iteration 402
2026-08-19 19:17:00,382 - INFO - Iteration 403
2026-08-19 19:17:01,940 - INFO - Iteration 404
2026-08-19 19:17:03,526 - INFO - Iteration 405
2026-08-19 19:17:05,038 - INFO - Iteration 406
2026-08-19 19:17:06,521 - INFO - Iteration 407
2026-08-19 19:17:08,026 - INFO - Iteration 408
2026-08-19 19:17:09,538 - INFO - Iteration 409
2026-08-19 19:17:11,062 - INFO - Iteration 410
2026-08-19 19:17:12,611 - INFO - Iteration 411
2026-08-19 19:17:14,203 - INFO - Iteration 412
2026-08-19 19:17:15,762 - INFO - Iteration 413
2026-08-19 19:17:17,378 - INFO - Iteration 414
2026-08-19 19:17:18,941 - INFO - Iteration 415
2026-08-19 19:17:20,462 - INFO - Iteration 416
2026-08-19 19:17:22,003 - INFO - Iteration 417
2026-08-19 19:17:23,592 - INFO - Iteration 418
2026-08-19 19:17:25,196 - INFO - Iteration 419
2026-08-19 19:17:26,738 - INFO - Iteration 420
2026-08-19 19:17:28,238 - INFO - Iteration 421
2026-08-19 19:17:29,778 - INFO - Iteration 422
2026-08-19 19:17:31,328 - INFO - Iteration 423
2026-08-19 19:17:32,867 - INFO - Iteration 424
2026-08-19 19:17:34,460 - INFO - Iteration 425
2026-08-19 19:17:36,009 - INFO - Iteration 426
2026-08-19 19:17:37,506 - INFO - Iteration 427
2026-08-19 19:17:39,118 - INFO - Iteration 428
2026-08-19 19:17:40,653 - INFO - Iteration 429
2026-08-19 19:17:42,204 - INFO - Iteration 430
2026-08-19 19:17:43,766 - INFO - Iteration 431
2026-08-19 19:17:45,348 - INFO - Iteration 432
2026-08-19 19:17:46,952 - INFO - Iteration 433
2026-08-19 19:17:48,526 - INFO - Iteration 434
2026-08-19 19:17:50,274 - INFO - Iteration 435
2026-08-19 19:17:51,970 - INFO - Iteration 436
2026-08-19 19:17:53,506 - INFO - Iteration 437
2026-08-19 19:17:55,052 - INFO - Iteration 438
2026-08-19 19:17:56,555 - INFO - Iteration 439
2026-08-19 19:17:58,084 - INFO - Iteration 440
2026-08-19 19:17:59,814 - INFO - Iteration 441
2026-08-19 19:18:01,437 - INFO - Iteration 442
2026-08-19 19:18:02,940 - INFO - Iteration 443
2026-08-19 19:18:04,517 - INFO - Iteration 444
2026-08-19 19:18:06,031 - INFO - Iteration 445
2026-08-19 19:18:07,643 - INFO - Iteration 446
2026-08-19 19:18:09,147 - INFO - Iteration 447
2026-08-19 19:18:10,699 - INFO - Iteration 448
2026-08-19 19:18:12,311 - INFO - Iteration 449
2026-08-19 19:18:13,836 - INFO - Iteration 450
2026-08-19 19:18:15,387 - INFO - Iteration 451
2026-08-19 19:18:16,941 - INFO - Iteration 452
2026-08-19 19:18:18,453 - INFO - Iteration 453
2026-08-19 19:18:19,988 - INFO - Iteration 454
2026-08-19 19:18:21,522 - INFO - Iteration 455
2026-08-19 19:18:23,069 - INFO - Iteration 456
2026-08-19 19:18:24,838 - INFO - Iteration 457
2026-08-19 19:18:26,443 - INFO - Iteration 458
2026-08-19 19:18:28,019 - INFO - Iteration 459
2026-08-19 19:18:29,615 - INFO - Iteration 460
2026-08-19 19:18:31,105 - INFO - Iteration 461
2026-08-19 19:18:32,673 - INFO - Iteration 462
2026-08-19 19:18:34,184 - INFO - Iteration 463
2026-08-19 19:18:35,776 - INFO - Iteration 464
2026-08-19 19:18:37,675 - INFO - Iteration 465
2026-08-19 19:18:39,245 - INFO - Iteration 466
2026-08-19 19:18:40,726 - INFO - Iteration 467
2026-08-19 19:18:42,208 - INFO - Iteration 468
2026-08-19 19:18:43,697 - INFO - Iteration 469
2026-08-19 19:18:45,268 - INFO - Iteration 470
2026-08-19 19:18:46,866 - INFO - Iteration 471
2026-08-19 19:18:48,356 - INFO - Iteration 472
2026-08-19 19:18:49,886 - INFO - Iteration 473
2026-08-19 19:18:51,437 - INFO - Iteration 474
2026-08-19 19:18:52,954 - INFO - Iteration 475
2026-08-19 19:18:54,484 - INFO - Iteration 476
2026-08-19 19:18:55,998 - INFO - Iteration 477
2026-08-19 19:18:57,524 - INFO - Iteration 478
2026-08-19 19:18:59,099 - INFO - Iteration 479
2026-08-19 19:19:00,641 - INFO - Iteration 480
2026-08-19 19:19:02,145 - INFO - Iteration 481
2026-08-19 19:19:03,686 - INFO - Iteration 482
2026-08-19 19:19:05,285 - INFO - Iteration 483
2026-08-19 19:19:06,803 - INFO - Iteration 484
2026-08-19 19:19:08,329 - INFO - Iteration 485
2026-08-19 19:19:09,856 - INFO - Iteration 486
2026-08-19 19:19:11,433 - INFO - Iteration 487
2026-08-19 19:19:12,936 - INFO - Iteration 488
2026-08-19 19:19:14,447 - INFO - Iteration 489
2026-08-19 19:19:15,952 - INFO - Iteration 490
2026-08-19 19:19:17,483 - INFO - Iteration 491
2026-08-19 19:19:18,976 - INFO - Iteration 492
2026-08-19 19:19:20,573 - INFO - Iteration 493
2026-08-19 19:19:22,097 - INFO - Iteration 494
2026-08-19 19:19:23,601 - INFO - Iteration 495
2026-08-19 19:19:25,154 - INFO - Iteration 496
2026-08-19 19:19:26,649 - INFO - Iteration 497
2026-08-19 19:19:28,153 - INFO - Iteration 498
2026-08-19 19:19:29,695 - INFO - Iteration 499
2026-08-19 19:19:31,195 - INFO - Iteration 500
2026-08-19 19:19:32,735 - INFO - Iteration 501
2026-08-19 19:19:34,242 - INFO - Iteration 502
2026-08-19 19:19:35,743 - INFO - Iteration 503
2026-08-19 19:19:37,233 - INFO - Iteration 504
2026-08-19 19:19:38,713 - INFO - Iteration 505
2026-08-19 19:19:40,252 - INFO - Iteration 506
2026-08-19 19:19:41,734 - INFO - Iteration 507
2026-08-19 19:19:43,238 - INFO - Iteration 508
2026-08-19 19:19:44,732 - INFO - Iteration 509
2026-08-19 19:19:46,221 - INFO - Iteration 510
2026-08-19 19:19:47,720 - INFO - Iteration 511
2026-08-19 19:19:49,261 - INFO - Iteration 512
2026-08-19 19:19:50,786 - INFO - Iteration 513
2026-08-19 19:19:52,293 - INFO - Iteration 514
2026-08-19 19:19:53,809 - INFO - Iteration 515
2026-08-19 19:19:55,321 - INFO - Iteration 516
2026-08-19 19:19:56,825 - INFO - Iteration 517
2026-08-19 19:19:58,318 - INFO - Iteration 518
2026-08-19 19:19:59,832 - INFO - Iteration 519
2026-08-19 19:20:01,345 - INFO - Iteration 520
2026-08-19 19:20:02,871 - INFO - Iteration 521
2026-08-19 19:20:04,338 - INFO - Iteration 522
2026-08-19 19:20:05,891 - INFO - Iteration 523
2026-08-19 19:20:07,460 - INFO - Iteration 524
2026-08-19 19:20:08,960 - INFO - Iteration 525
2026-08-19 19:20:10,498 - INFO - Iteration 526
2026-08-19 19:20:12,044 - INFO - Iteration 527
2026-08-19 19:20:13,525 - INFO - Iteration 528
2026-08-19 19:20:15,081 - INFO - Iteration 529
2026-08-19 19:20:16,574 - INFO - Iteration 530
2026-08-19 19:20:18,065 - INFO - Iteration 531
2026-08-19 19:20:19,571 - INFO - Iteration 532
2026-08-19 19:20:21,091 - INFO - Iteration 533
2026-08-19 19:20:22,626 - INFO - Iteration 534
2026-08-19 19:20:24,108 - INFO - Iteration 535
2026-08-19 19:20:25,726 - INFO - Iteration 536
2026-08-19 19:20:27,230 - INFO - Iteration 537
2026-08-19 19:20:28,761 - INFO - Iteration 538
2026-08-19 19:20:30,292 - INFO - Iteration 539
2026-08-19 19:20:31,789 - INFO - Iteration 540
2026-08-19 19:20:33,303 - INFO - Iteration 541
2026-08-19 19:20:34,763 - INFO - Iteration 542
2026-08-19 19:20:36,316 - INFO - Iteration 543
2026-08-19 19:20:37,810 - INFO - Iteration 544
2026-08-19 19:20:39,308 - INFO - Iteration 545
2026-08-19 19:20:40,872 - INFO - Iteration 546
2026-08-19 19:20:42,471 - INFO - Iteration 547
2026-08-19 19:20:43,988 - INFO - Iteration 548
2026-08-19 19:20:45,518 - INFO - Iteration 549
2026-08-19 19:20:47,000 - INFO - Iteration 550
2026-08-19 19:20:48,515 - INFO - Iteration 551
2026-08-19 19:20:50,021 - INFO - Iteration 552
2026-08-19 19:20:51,511 - INFO - Iteration 553
2026-08-19 19:20:53,005 - INFO - Iteration 554
2026-08-19 19:20:54,547 - INFO - Iteration 555
2026-08-19 19:20:56,060 - INFO - Iteration 556
2026-08-19 19:20:57,579 - INFO - Iteration 557
2026-08-19 19:20:59,096 - INFO - Iteration 558
2026-08-19 19:21:00,622 - INFO - Iteration 559
2026-08-19 19:21:02,119 - INFO - Iteration 560
2026-08-19 19:21:03,608 - INFO - Iteration 561
2026-08-19 19:21:05,078 - INFO - Iteration 562
2026-08-19 19:21:06,619 - INFO - Iteration 563
2026-08-19 19:21:08,142 - INFO - Iteration 564
2026-08-19 19:21:09,644 - INFO - Iteration 565
2026-08-19 19:21:11,180 - INFO - Iteration 566
2026-08-19 19:21:12,694 - INFO - Iteration 567
2026-08-19 19:21:14,217 - INFO - Iteration 568
2026-08-19 19:21:15,736 - INFO - Iteration 569
2026-08-19 19:21:17,268 - INFO - Iteration 570
2026-08-19 19:21:18,766 - INFO - Iteration 571
2026-08-19 19:21:20,255 - INFO - Iteration 572
2026-08-19 19:21:21,799 - INFO - Iteration 573
2026-08-19 19:21:23,297 - INFO - Iteration 574
2026-08-19 19:21:24,768 - INFO - Iteration 575
2026-08-19 19:21:26,312 - INFO - Iteration 576
2026-08-19 19:21:27,812 - INFO - Iteration 577
2026-08-19 19:21:29,366 - INFO - Iteration 578
2026-08-19 19:21:30,961 - INFO - Iteration 579
2026-08-19 19:21:32,467 - INFO - Iteration 580
2026-08-19 19:21:33,982 - INFO - Iteration 581
2026-08-19 19:21:35,570 - INFO - Iteration 582
2026-08-19 19:21:37,068 - INFO - Iteration 583
2026-08-19 19:21:38,581 - INFO - Iteration 584
2026-08-19 19:21:40,062 - INFO - Iteration 585
2026-08-19 19:21:41,615 - INFO - Iteration 586
2026-08-19 19:21:43,203 - INFO - Iteration 587
2026-08-19 19:21:44,723 - INFO - Iteration 588
2026-08-19 19:21:46,323 - INFO - Iteration 589
2026-08-19 19:21:47,831 - INFO - Iteration 590
2026-08-19 19:21:49,357 - INFO - Iteration 591
2026-08-19 19:21:50,883 - INFO - Iteration 592
2026-08-19 19:21:52,407 - INFO - Iteration 593
2026-08-19 19:21:53,940 - INFO - Iteration 594
2026-08-19 19:21:55,449 - INFO - Iteration 595
2026-08-19 19:21:56,971 - INFO - Iteration 596
2026-08-19 19:21:58,850 - INFO - Iteration 597
2026-08-19 19:22:00,400 - INFO - Iteration 598
2026-08-19 19:22:01,917 - INFO - Iteration 599
2026-08-19 19:22:03,416 - INFO - Iteration 600
2026-08-19 19:22:04,905 - INFO - Iteration 601
2026-08-19 19:22:06,456 - INFO - Iteration 602
2026-08-19 19:22:07,995 - INFO - Iteration 603
2026-08-19 19:22:09,468 - INFO - Iteration 604
2026-08-19 19:22:10,982 - INFO - Iteration 605
2026-08-19 19:22:12,495 - INFO - Iteration 606
2026-08-19 19:22:13,982 - INFO - Iteration 607
2026-08-19 19:22:15,493 - INFO - Iteration 608
2026-08-19 19:22:17,007 - INFO - Iteration 609
2026-08-19 19:22:18,498 - INFO - Iteration 610
2026-08-19 19:22:20,004 - INFO - Iteration 611
2026-08-19 19:22:21,526 - INFO - Iteration 612
2026-08-19 19:22:23,013 - INFO - Iteration 613
2026-08-19 19:22:24,511 - INFO - Iteration 614
2026-08-19 19:22:26,045 - INFO - Iteration 615
2026-08-19 19:22:27,556 - INFO - Iteration 616
2026-08-19 19:22:29,082 - INFO - Iteration 617
2026-08-19 19:22:30,603 - INFO - Iteration 618
2026-08-19 19:22:32,130 - INFO - Iteration 619
2026-08-19 19:22:33,648 - INFO - Iteration 620
2026-08-19 19:22:35,135 - INFO - Iteration 621
2026-08-19 19:22:36,666 - INFO - Iteration 622
2026-08-19 19:22:38,279 - INFO - Iteration 623
2026-08-19 19:22:39,779 - INFO - Iteration 624
2026-08-19 19:22:41,278 - INFO - Iteration 625
2026-08-19 19:22:42,796 - INFO - Iteration 626
2026-08-19 19:22:44,301 - INFO - Iteration 627
2026-08-19 19:22:45,781 - INFO - Iteration 628
2026-08-19 19:22:47,317 - INFO - Iteration 629
2026-08-19 19:22:48,791 - INFO - Iteration 630
2026-08-19 19:22:50,268 - INFO - Iteration 631
2026-08-19 19:22:51,786 - INFO - Iteration 632
2026-08-19 19:22:53,283 - INFO - Iteration 633
2026-08-19 19:22:54,764 - INFO - Iteration 634
2026-08-19 19:22:56,261 - INFO - Iteration 635
2026-08-19 19:22:57,746 - INFO - Iteration 636
2026-08-19 19:22:59,277 - INFO - Iteration 637
2026-08-19 19:23:00,823 - INFO - Iteration 638
2026-08-19 19:23:02,364 - INFO - Iteration 639
2026-08-19 19:23:03,888 - INFO - Iteration 640
2026-08-19 19:23:05,359 - INFO - Iteration 641
2026-08-19 19:23:06,866 - INFO - Iteration 642
2026-08-19 19:23:08,387 - INFO - Iteration 643
2026-08-19 19:23:09,854 - INFO - Iteration 644
2026-08-19 19:23:11,392 - INFO - Iteration 645
2026-08-19 19:23:12,878 - INFO - Iteration 646
2026-08-19 19:23:14,382 - INFO - Iteration 647
2026-08-19 19:23:15,873 - INFO - Iteration 648
2026-08-19 19:23:17,391 - INFO - Iteration 649
2026-08-19 19:23:18,859 - INFO - Iteration 650
2026-08-19 19:23:20,337 - INFO - Iteration 651
2026-08-19 19:23:21,892 - INFO - Iteration 652
2026-08-19 19:23:23,419 - INFO - Iteration 653
2026-08-19 19:23:24,914 - INFO - Iteration 654
2026-08-19 19:23:26,449 - INFO - Iteration 655
2026-08-19 19:23:27,950 - INFO - Iteration 656
2026-08-19 19:23:29,440 - INFO - Iteration 657
2026-08-19 19:23:30,899 - INFO - Iteration 658
2026-08-19 19:23:32,476 - INFO - Iteration 659
2026-08-19 19:23:33,965 - INFO - Iteration 660
2026-08-19 19:23:35,490 - INFO - Iteration 661
2026-08-19 19:23:37,043 - INFO - Iteration 662
2026-08-19 19:23:38,547 - INFO - Iteration 663
2026-08-19 19:23:40,014 - INFO - Iteration 664
2026-08-19 19:23:41,558 - INFO - Iteration 665
2026-08-19 19:23:43,050 - INFO - Iteration 666
2026-08-19 19:23:44,572 - INFO - Iteration 667
2026-08-19 19:23:46,078 - INFO - Iteration 668
2026-08-19 19:23:47,621 - INFO - Iteration 669
2026-08-19 19:23:49,125 - INFO - Iteration 670
2026-08-19 19:23:51,102 - INFO - Iteration 671
2026-08-19 19:23:52,639 - INFO - Iteration 672
2026-08-19 19:23:54,130 - INFO - Iteration 673
2026-08-19 19:23:55,620 - INFO - Iteration 674
2026-08-19 19:23:57,142 - INFO - Iteration 675
2026-08-19 19:23:58,622 - INFO - Iteration 676
2026-08-19 19:24:00,123 - INFO - Iteration 677
2026-08-19 19:24:01,641 - INFO - Iteration 678
2026-08-19 19:24:03,150 - INFO - Iteration 679
2026-08-19 19:24:04,639 - INFO - Iteration 680
2026-08-19 19:24:06,113 - INFO - Iteration 681
2026-08-19 19:24:07,636 - INFO - Iteration 682
2026-08-19 19:24:09,140 - INFO - Iteration 683
2026-08-19 19:24:10,655 - INFO - Iteration 684
2026-08-19 19:24:12,204 - INFO - Iteration 685
2026-08-19 19:24:13,683 - INFO - Iteration 686
2026-08-19 19:24:15,159 - INFO - Iteration 687
2026-08-19 19:24:16,637 - INFO - Iteration 688
2026-08-19 19:24:18,142 - INFO - Iteration 689
2026-08-19 19:24:19,615 - INFO - Iteration 690
2026-08-19 19:24:21,113 - INFO - Iteration 691
2026-08-19 19:24:22,666 - INFO - Iteration 692
2026-08-19 19:24:24,158 - INFO - Iteration 693
2026-08-19 19:24:25,627 - INFO - Iteration 694
2026-08-19 19:24:27,157 - INFO - Iteration 695
2026-08-19 19:24:28,665 - INFO - Iteration 696
2026-08-19 19:24:30,166 - INFO - Iteration 697
2026-08-19 19:24:31,659 - INFO - Iteration 698
2026-08-19 19:24:33,154 - INFO - Iteration 699
2026-08-19 19:24:34,631 - INFO - Iteration 700
2026-08-19 19:24:36,111 - INFO - Iteration 701
2026-08-19 19:24:37,636 - INFO - Iteration 702
2026-08-19 19:24:39,118 - INFO - Iteration 703
2026-08-19 19:24:40,630 - INFO - Iteration 704
2026-08-19 19:24:42,160 - INFO - Iteration 705
2026-08-19 19:24:43,669 - INFO - Iteration 706
2026-08-19 19:24:45,155 - INFO - Iteration 707
2026-08-19 19:24:46,684 - INFO - Iteration 708
2026-08-19 19:24:48,183 - INFO - Iteration 709
2026-08-19 19:24:49,679 - INFO - Iteration 710
2026-08-19 19:24:51,170 - INFO - Iteration 711
2026-08-19 19:24:52,732 - INFO - Iteration 712
2026-08-19 19:24:54,213 - INFO - Iteration 713
2026-08-19 19:24:55,710 - INFO - Iteration 714
2026-08-19 19:24:57,207 - INFO - Iteration 715
2026-08-19 19:24:58,693 - INFO - Iteration 716
2026-08-19 19:25:00,175 - INFO - Iteration 717
2026-08-19 19:25:01,657 - INFO - Iteration 718
2026-08-19 19:25:03,155 - INFO - Iteration 719
2026-08-19 19:25:04,652 - INFO - Iteration 720
2026-08-19 19:25:06,118 - INFO - Iteration 721
2026-08-19 19:25:07,644 - INFO - Iteration 722
2026-08-19 19:25:09,123 - INFO - Iteration 723
2026-08-19 19:25:10,598 - INFO - Iteration 724
2026-08-19 19:25:12,083 - INFO - Iteration 725
2026-08-19 19:25:13,647 - INFO - Iteration 726
2026-08-19 19:25:15,120 - INFO - Iteration 727
2026-08-19 19:25:16,614 - INFO - Iteration 728
2026-08-19 19:25:18,151 - INFO - Iteration 729
2026-08-19 19:25:19,659 - INFO - Iteration 730
2026-08-19 19:25:21,161 - INFO - Iteration 731
2026-08-19 19:25:22,694 - INFO - Iteration 732
2026-08-19 19:25:24,201 - INFO - Iteration 733
2026-08-19 19:25:25,706 - INFO - Iteration 734
2026-08-19 19:25:27,201 - INFO - Iteration 735
2026-08-19 19:25:28,726 - INFO - Iteration 736
2026-08-19 19:25:30,226 - INFO - Iteration 737
2026-08-19 19:25:31,691 - INFO - Iteration 738
2026-08-19 19:25:33,212 - INFO - Iteration 739
2026-08-19 19:25:34,678 - INFO - Iteration 740
2026-08-19 19:25:36,143 - INFO - Iteration 741
2026-08-19 19:25:37,667 - INFO - Iteration 742
2026-08-19 19:25:39,143 - INFO - Iteration 743
2026-08-19 19:25:40,658 - INFO - Iteration 744
2026-08-19 19:25:42,158 - INFO - Iteration 745
2026-08-19 19:25:43,665 - INFO - Iteration 746
2026-08-19 19:25:45,160 - INFO - Iteration 747
2026-08-19 19:25:46,681 - INFO - Iteration 748
2026-08-19 19:25:48,199 - INFO - Iteration 749
2026-08-19 19:25:49,701 - INFO - Iteration 750
2026-08-19 19:25:51,177 - INFO - Iteration 751
2026-08-19 19:25:52,716 - INFO - Iteration 752
2026-08-19 19:25:54,215 - INFO - Iteration 753
2026-08-19 19:25:55,713 - INFO - Iteration 754
2026-08-19 19:25:57,206 - INFO - Iteration 755
2026-08-19 19:25:58,717 - INFO - Iteration 756
2026-08-19 19:26:00,216 - INFO - Iteration 757
2026-08-19 19:26:01,699 - INFO - Iteration 758
2026-08-19 19:26:03,273 - INFO - Iteration 759
2026-08-19 19:26:04,789 - INFO - Iteration 760
2026-08-19 19:26:06,250 - INFO - Iteration 761
2026-08-19 19:26:07,755 - INFO - Iteration 762
2026-08-19 19:26:09,234 - INFO - Iteration 763
2026-08-19 19:26:10,732 - INFO - Iteration 764
2026-08-19 19:26:12,177 - INFO - Iteration 765
2026-08-19 19:26:13,738 - INFO - Iteration 766
2026-08-19 19:26:15,198 - INFO - Iteration 767
2026-08-19 19:26:16,693 - INFO - Iteration 768
2026-08-19 19:26:18,214 - INFO - Iteration 769
2026-08-19 19:26:19,719 - INFO - Iteration 770
2026-08-19 19:26:21,197 - INFO - Iteration 771
2026-08-19 19:26:22,714 - INFO - Iteration 772
2026-08-19 19:26:24,190 - INFO - Iteration 773
2026-08-19 19:26:25,696 - INFO - Iteration 774
2026-08-19 19:26:27,193 - INFO - Iteration 775
2026-08-19 19:26:28,778 - INFO - Iteration 776
2026-08-19 19:26:30,368 - INFO - Iteration 777
2026-08-19 19:26:31,879 - INFO - Iteration 778
2026-08-19 19:26:33,398 - INFO - Iteration 779
2026-08-19 19:26:34,883 - INFO - Iteration 780
2026-08-19 19:26:36,359 - INFO - Iteration 781
2026-08-19 19:26:37,867 - INFO - Iteration 782
2026-08-19 19:26:39,414 - INFO - Iteration 783
2026-08-19 19:26:40,942 - INFO - Iteration 784
2026-08-19 19:26:42,471 - INFO - Iteration 785
2026-08-19 19:26:43,989 - INFO - Iteration 786
2026-08-19 19:26:45,480 - INFO - Iteration 787
2026-08-19 19:26:46,963 - INFO - Iteration 788
2026-08-19 19:26:48,459 - INFO - Iteration 789
2026-08-19 19:26:49,959 - INFO - Iteration 790
2026-08-19 19:26:51,451 - INFO - Iteration 791
2026-08-19 19:26:52,945 - INFO - Iteration 792
2026-08-19 19:26:54,442 - INFO - Iteration 793
2026-08-19 19:26:55,919 - INFO - Iteration 794
2026-08-19 19:26:57,408 - INFO - Iteration 795
2026-08-19 19:26:58,941 - INFO - Iteration 796
2026-08-19 19:27:00,444 - INFO - Iteration 797
2026-08-19 19:27:01,978 - INFO - Iteration 798
2026-08-19 19:27:03,525 - INFO - Iteration 799
2026-08-19 19:27:05,048 - INFO - Iteration 800
2026-08-19 19:27:06,532 - INFO - Iteration 801
2026-08-19 19:27:08,085 - INFO - Iteration 802
2026-08-19 19:27:09,594 - INFO - Iteration 803
2026-08-19 19:27:11,064 - INFO - Iteration 804
2026-08-19 19:27:12,540 - INFO - Iteration 805
2026-08-19 19:27:14,044 - INFO - Iteration 806
2026-08-19 19:27:15,533 - INFO - Iteration 807
2026-08-19 19:27:17,034 - INFO - Iteration 808
2026-08-19 19:27:18,545 - INFO - Iteration 809
2026-08-19 19:27:20,020 - INFO - Iteration 810
2026-08-19 19:27:21,499 - INFO - Iteration 811
2026-08-19 19:27:22,989 - INFO - Iteration 812
2026-08-19 19:27:24,497 - INFO - Iteration 813
2026-08-19 19:27:25,988 - INFO - Iteration 814
2026-08-19 19:27:27,474 - INFO - Iteration 815
2026-08-19 19:27:28,990 - INFO - Iteration 816
2026-08-19 19:27:30,484 - INFO - Iteration 817
2026-08-19 19:27:31,968 - INFO - Iteration 818
2026-08-19 19:27:33,469 - INFO - Iteration 819
2026-08-19 19:27:35,045 - INFO - Iteration 820
2026-08-19 19:27:37,244 - INFO - Iteration 821
2026-08-19 19:27:38,811 - INFO - Iteration 822
2026-08-19 19:27:40,350 - INFO - Iteration 823
2026-08-19 19:27:41,860 - INFO - Iteration 824
2026-08-19 19:27:43,367 - INFO - Iteration 825
2026-08-19 19:27:44,869 - INFO - Iteration 826
2026-08-19 19:27:46,343 - INFO - Iteration 827
2026-08-19 19:27:47,833 - INFO - Iteration 828
2026-08-19 19:27:49,349 - INFO - Iteration 829
2026-08-19 19:27:50,832 - INFO - Iteration 830
2026-08-19 19:27:52,297 - INFO - Iteration 831
2026-08-19 19:27:53,818 - INFO - Iteration 832
2026-08-19 19:27:55,290 - INFO - Iteration 833
2026-08-19 19:27:56,788 - INFO - Iteration 834
2026-08-19 19:27:58,279 - INFO - Iteration 835
2026-08-19 19:27:59,777 - INFO - Iteration 836
2026-08-19 19:28:01,419 - INFO - Iteration 837
2026-08-19 19:28:03,197 - INFO - Iteration 838
2026-08-19 19:28:04,838 - INFO - Iteration 839
2026-08-19 19:28:06,573 - INFO - Iteration 840
2026-08-19 19:28:08,403 - INFO - Iteration 841
2026-08-19 19:28:10,194 - INFO - Iteration 842
2026-08-19 19:28:12,076 - INFO - Iteration 843
2026-08-19 19:28:13,840 - INFO - Iteration 844
2026-08-19 19:28:15,584 - INFO - Iteration 845
2026-08-19 19:28:17,251 - INFO - Iteration 846
2026-08-19 19:28:19,659 - INFO - Iteration 847
2026-08-19 19:28:21,860 - INFO - Iteration 848
2026-08-19 19:28:24,439 - INFO - Iteration 849
2026-08-19 19:28:26,133 - INFO - Iteration 850
2026-08-19 19:28:27,849 - INFO - Iteration 851
2026-08-19 19:28:29,463 - INFO - Iteration 852
2026-08-19 19:28:31,104 - INFO - Iteration 853
2026-08-19 19:28:32,769 - INFO - Iteration 854
2026-08-19 19:28:34,391 - INFO - Iteration 855
2026-08-19 19:28:36,029 - INFO - Iteration 856
2026-08-19 19:28:37,665 - INFO - Iteration 857
2026-08-19 19:28:39,317 - INFO - Iteration 858
2026-08-19 19:28:40,903 - INFO - Iteration 859
2026-08-19 19:28:42,490 - INFO - Iteration 860
2026-08-19 19:28:44,071 - INFO - Iteration 861
2026-08-19 19:28:45,693 - INFO - Iteration 862
2026-08-19 19:28:47,308 - INFO - Iteration 863
2026-08-19 19:28:49,028 - INFO - Iteration 864
2026-08-19 19:28:50,562 - INFO - Iteration 865
2026-08-19 19:28:52,155 - INFO - Iteration 866
2026-08-19 19:28:54,368 - INFO - Iteration 867
2026-08-19 19:28:56,637 - INFO - Iteration 868
2026-08-19 19:28:58,552 - INFO - Iteration 869
2026-08-19 19:29:00,378 - INFO - Iteration 870
2026-08-19 19:29:02,110 - INFO - Iteration 871
2026-08-19 19:29:03,846 - INFO - Iteration 872
2026-08-19 19:29:05,634 - INFO - Iteration 873
2026-08-19 19:29:07,376 - INFO - Iteration 874
2026-08-19 19:29:09,199 - INFO - Iteration 875
2026-08-19 19:29:10,958 - INFO - Iteration 876
2026-08-19 19:29:12,629 - INFO - Iteration 877
2026-08-19 19:29:14,318 - INFO - Iteration 878
2026-08-19 19:29:16,402 - INFO - Iteration 879
2026-08-19 19:29:18,230 - INFO - Iteration 880
2026-08-19 19:29:20,145 - INFO - Iteration 881
2026-08-19 19:29:22,035 - INFO - Iteration 882
2026-08-19 19:29:23,868 - INFO - Iteration 883
2026-08-19 19:29:25,655 - INFO - Iteration 884
2026-08-19 19:29:27,384 - INFO - Iteration 885
2026-08-19 19:29:29,197 - INFO - Iteration 886
2026-08-19 19:29:31,050 - INFO - Iteration 887
2026-08-19 19:29:32,943 - INFO - Iteration 888
2026-08-19 19:29:34,738 - INFO - Iteration 889
2026-08-19 19:29:36,456 - INFO - Iteration 890
2026-08-19 19:29:38,207 - INFO - Iteration 891
2026-08-19 19:29:39,974 - INFO - Iteration 892
2026-08-19 19:29:41,847 - INFO - Iteration 893
2026-08-19 19:29:43,647 - INFO - Iteration 894
2026-08-19 19:29:45,369 - INFO - Iteration 895
2026-08-19 19:29:47,096 - INFO - Iteration 896
2026-08-19 19:29:48,849 - INFO - Iteration 897
2026-08-19 19:29:50,588 - INFO - Iteration 898
2026-08-19 19:29:52,387 - INFO - Iteration 899
2026-08-19 19:29:54,144 - INFO - Iteration 900
2026-08-19 19:29:55,887 - INFO - Iteration 901
2026-08-19 19:29:57,600 - INFO - Iteration 902
2026-08-19 19:29:59,442 - INFO - Iteration 903
2026-08-19 19:30:01,185 - INFO - Iteration 904
2026-08-19 19:30:02,945 - INFO - Iteration 905
2026-08-19 19:30:04,728 - INFO - Iteration 906
2026-08-19 19:30:06,390 - INFO - Iteration 907
2026-08-19 19:30:08,076 - INFO - Iteration 908
2026-08-19 19:30:09,852 - INFO - Iteration 909
2026-08-19 19:30:11,734 - INFO - Iteration 910
2026-08-19 19:30:13,462 - INFO - Iteration 911
2026-08-19 19:30:15,255 - INFO - Iteration 912
2026-08-19 19:30:17,026 - INFO - Iteration 913
2026-08-19 19:30:18,713 - INFO - Iteration 914
2026-08-19 19:30:20,459 - INFO - Iteration 915
2026-08-19 19:30:22,352 - INFO - Iteration 916
2026-08-19 19:30:24,186 - INFO - Iteration 917
2026-08-19 19:30:25,882 - INFO - Iteration 918
2026-08-19 19:30:27,664 - INFO - Iteration 919
2026-08-19 19:30:29,448 - INFO - Iteration 920
2026-08-19 19:30:31,465 - INFO - Iteration 921
2026-08-19 19:30:33,349 - INFO - Iteration 922
2026-08-19 19:30:35,120 - INFO - Iteration 923
2026-08-19 19:30:37,042 - INFO - Iteration 924
2026-08-19 19:30:38,772 - INFO - Iteration 925
2026-08-19 19:30:40,577 - INFO - Iteration 926
2026-08-19 19:30:42,289 - INFO - Iteration 927
2026-08-19 19:30:44,022 - INFO - Iteration 928
2026-08-19 19:30:45,708 - INFO - Iteration 929
2026-08-19 19:30:47,455 - INFO - Iteration 930
2026-08-19 19:30:49,160 - INFO - Iteration 931
2026-08-19 19:30:50,864 - INFO - Iteration 932
2026-08-19 19:30:52,614 - INFO - Iteration 933
2026-08-19 19:30:54,327 - INFO - Iteration 934
2026-08-19 19:30:55,989 - INFO - Iteration 935
2026-08-19 19:30:57,641 - INFO - Iteration 936
2026-08-19 19:30:59,344 - INFO - Iteration 937
2026-08-19 19:31:01,093 - INFO - Iteration 938
2026-08-19 19:31:02,811 - INFO - Iteration 939
2026-08-19 19:31:04,541 - INFO - Iteration 940
2026-08-19 19:31:06,306 - INFO - Iteration 941
2026-08-19 19:31:08,092 - INFO - Iteration 942
2026-08-19 19:31:09,811 - INFO - Iteration 943
2026-08-19 19:31:11,574 - INFO - Iteration 944
2026-08-19 19:31:13,352 - INFO - Iteration 945
2026-08-19 19:31:15,010 - INFO - Iteration 946
2026-08-19 19:31:16,677 - INFO - Iteration 947
2026-08-19 19:31:18,386 - INFO - Iteration 948
2026-08-19 19:31:20,106 - INFO - Iteration 949
2026-08-19 19:31:21,899 - INFO - Iteration 950
2026-08-19 19:31:23,645 - INFO - Iteration 951
2026-08-19 19:31:25,468 - INFO - Iteration 952
2026-08-19 19:31:27,149 - INFO - Iteration 953
2026-08-19 19:31:28,951 - INFO - Iteration 954
2026-08-19 19:31:30,762 - INFO - Iteration 955
2026-08-19 19:31:32,498 - INFO - Iteration 956
2026-08-19 19:31:34,223 - INFO - Iteration 957
2026-08-19 19:31:35,891 - INFO - Iteration 958
2026-08-19 19:31:37,564 - INFO - Iteration 959
2026-08-19 19:31:39,261 - INFO - Iteration 960
2026-08-19 19:31:41,113 - INFO - Iteration 961
2026-08-19 19:31:43,014 - INFO - Iteration 962
2026-08-19 19:31:44,734 - INFO - Iteration 963
2026-08-19 19:31:46,385 - INFO - Iteration 964
2026-08-19 19:31:48,081 - INFO - Iteration 965
2026-08-19 19:31:49,784 - INFO - Iteration 966
2026-08-19 19:31:51,480 - INFO - Iteration 967
2026-08-19 19:31:53,339 - INFO - Iteration 968
2026-08-19 19:31:55,058 - INFO - Iteration 969
2026-08-19 19:31:56,707 - INFO - Iteration 970
2026-08-19 19:31:58,407 - INFO - Iteration 971
2026-08-19 19:32:00,116 - INFO - Iteration 972
2026-08-19 19:32:01,850 - INFO - Iteration 973
2026-08-19 19:32:04,128 - INFO - Iteration 974
2026-08-19 19:32:05,980 - INFO - Iteration 975
2026-08-19 19:32:07,711 - INFO - Iteration 976
2026-08-19 19:32:09,415 - INFO - Iteration 977
2026-08-19 19:32:11,091 - INFO - Iteration 978
2026-08-19 19:32:12,737 - INFO - Iteration 979
2026-08-19 19:32:14,526 - INFO - Iteration 980
2026-08-19 19:32:16,186 - INFO - Iteration 981
2026-08-19 19:32:17,837 - INFO - Iteration 982
2026-08-19 19:32:19,509 - INFO - Iteration 983
2026-08-19 19:32:21,136 - INFO - Iteration 984
2026-08-19 19:32:22,851 - INFO - Iteration 985
2026-08-19 19:32:24,582 - INFO - Iteration 986
2026-08-19 19:32:26,247 - INFO - Iteration 987
2026-08-19 19:32:27,911 - INFO - Iteration 988
2026-08-19 19:32:29,571 - INFO - Iteration 989
2026-08-19 19:32:31,242 - INFO - Iteration 990
2026-08-19 19:32:32,940 - INFO - Iteration 991
2026-08-19 19:32:34,596 - INFO - Iteration 992
2026-08-19 19:32:36,311 - INFO - Iteration 993
2026-08-19 19:32:37,990 - INFO - Iteration 994
2026-08-19 19:32:39,632 - INFO - Iteration 995
2026-08-19 19:32:41,257 - INFO - Iteration 996
2026-08-19 19:32:42,903 - INFO - Iteration 997
2026-08-19 19:32:44,529 - INFO - Iteration 998
2026-08-19 19:32:46,160 - INFO - Iteration 999
2026-08-19 19:32:47,818 - INFO - Iteration 1000
2026-08-19 19:32:49,469 - INFO - Iteration 1001
2026-08-19 19:32:51,133 - INFO - Iteration 1002
2026-08-19 19:32:52,794 - INFO - Iteration 1003
2026-08-19 19:32:54,429 - INFO - Iteration 1004
2026-08-19 19:32:56,055 - INFO - Iteration 1005
2026-08-19 19:32:57,699 - INFO - Iteration 1006
2026-08-19 19:32:59,332 - INFO - Iteration 1007
2026-08-19 19:33:00,994 - INFO - Iteration 1008
2026-08-19 19:33:02,638 - INFO - Iteration 1009
2026-08-19 19:33:04,944 - INFO - Iteration 1010
2026-08-19 19:33:06,659 - INFO - Iteration 1011
2026-08-19 19:33:08,418 - INFO - Iteration 1012
2026-08-19 19:33:10,091 - INFO - Iteration 1013
2026-08-19 19:33:11,752 - INFO - Iteration 1014
2026-08-19 19:33:13,398 - INFO - Iteration 1015
2026-08-19 19:33:15,168 - INFO - Iteration 1016
2026-08-19 19:33:16,848 - INFO - Iteration 1017
2026-08-19 19:33:18,559 - INFO - Iteration 1018
2026-08-19 19:33:20,188 - INFO - Iteration 1019
2026-08-19 19:33:21,879 - INFO - Iteration 1020
2026-08-19 19:33:23,577 - INFO - Iteration 1021
2026-08-19 19:33:25,286 - INFO - Iteration 1022
2026-08-19 19:33:27,100 - INFO - Iteration 1023
2026-08-19 19:33:28,912 - INFO - Iteration 1024
2026-08-19 19:33:30,553 - INFO - Iteration 1025
2026-08-19 19:33:32,215 - INFO - Iteration 1026
2026-08-19 19:33:33,879 - INFO - Iteration 1027
2026-08-19 19:33:35,646 - INFO - Iteration 1028
2026-08-19 19:33:37,367 - INFO - Iteration 1029
2026-08-19 19:33:39,095 - INFO - Iteration 1030
2026-08-19 19:33:40,717 - INFO - Iteration 1031
2026-08-19 19:33:42,352 - INFO - Iteration 1032
2026-08-19 19:33:43,944 - INFO - Iteration 1033
2026-08-19 19:33:45,724 - INFO - Iteration 1034
2026-08-19 19:33:47,395 - INFO - Iteration 1035
2026-08-19 19:33:49,080 - INFO - Iteration 1036
2026-08-19 19:33:50,679 - INFO - Iteration 1037
2026-08-19 19:33:52,346 - INFO - Iteration 1038
2026-08-19 19:33:53,962 - INFO - Iteration 1039
2026-08-19 19:33:55,670 - INFO - Iteration 1040
2026-08-19 19:33:57,455 - INFO - Iteration 1041
2026-08-19 19:33:59,168 - INFO - Iteration 1042
2026-08-19 19:34:00,821 - INFO - Iteration 1043
2026-08-19 19:34:02,421 - INFO - Iteration 1044
2026-08-19 19:34:04,044 - INFO - Iteration 1045
2026-08-19 19:34:05,723 - INFO - Iteration 1046
2026-08-19 19:34:07,438 - INFO - Iteration 1047
2026-08-19 19:34:09,136 - INFO - Iteration 1048
2026-08-19 19:34:10,789 - INFO - Iteration 1049
2026-08-19 19:34:12,404 - INFO - Iteration 1050
2026-08-19 19:34:14,023 - INFO - Iteration 1051
2026-08-19 19:34:15,728 - INFO - Iteration 1052
2026-08-19 19:34:17,375 - INFO - Iteration 1053
2026-08-19 19:34:19,046 - INFO - Iteration 1054
2026-08-19 19:34:20,710 - INFO - Iteration 1055
2026-08-19 19:34:22,424 - INFO - Iteration 1056
2026-08-19 19:34:24,022 - INFO - Iteration 1057
2026-08-19 19:34:25,743 - INFO - Iteration 1058
2026-08-19 19:34:27,473 - INFO - Iteration 1059
2026-08-19 19:34:29,185 - INFO - Iteration 1060
2026-08-19 19:34:30,803 - INFO - Iteration 1061
2026-08-19 19:34:32,489 - INFO - Iteration 1062
2026-08-19 19:34:34,141 - INFO - Iteration 1063
2026-08-19 19:34:35,832 - INFO - Iteration 1064
2026-08-19 19:34:37,621 - INFO - Iteration 1065
2026-08-19 19:34:39,449 - INFO - Iteration 1066
2026-08-19 19:34:41,050 - INFO - Iteration 1067
2026-08-19 19:34:42,648 - INFO - Iteration 1068
2026-08-19 19:34:44,263 - INFO - Iteration 1069
2026-08-19 19:34:45,930 - INFO - Iteration 1070
2026-08-19 19:34:47,585 - INFO - Iteration 1071
2026-08-19 19:34:49,381 - INFO - Iteration 1072
2026-08-19 19:34:50,973 - INFO - Iteration 1073
2026-08-19 19:34:52,647 - INFO - Iteration 1074
2026-08-19 19:34:54,238 - INFO - Iteration 1075
2026-08-19 19:34:55,992 - INFO - Iteration 1076
2026-08-19 19:34:57,645 - INFO - Iteration 1077
2026-08-19 19:34:59,362 - INFO - Iteration 1078
2026-08-19 19:35:01,083 - INFO - Iteration 1079
2026-08-19 19:35:02,683 - INFO - Iteration 1080
2026-08-19 19:35:04,352 - INFO - Iteration 1081
2026-08-19 19:35:06,021 - INFO - Iteration 1082
2026-08-19 19:35:07,709 - INFO - Iteration 1083
2026-08-19 19:35:09,420 - INFO - Iteration 1084
2026-08-19 19:35:11,088 - INFO - Iteration 1085
2026-08-19 19:35:12,850 - INFO - Iteration 1086
2026-08-19 19:35:14,459 - INFO - Iteration 1087
2026-08-19 19:35:16,114 - INFO - Iteration 1088
2026-08-19 19:35:17,772 - INFO - Iteration 1089
2026-08-19 19:35:19,525 - INFO - Iteration 1090
2026-08-19 19:35:21,146 - INFO - Iteration 1091
2026-08-19 19:35:22,744 - INFO - Iteration 1092
2026-08-19 19:35:24,365 - INFO - Iteration 1093
2026-08-19 19:35:25,996 - INFO - Iteration 1094
2026-08-19 19:35:27,656 - INFO - Iteration 1095
2026-08-19 19:35:29,356 - INFO - Iteration 1096
2026-08-19 19:35:30,973 - INFO - Iteration 1097
2026-08-19 19:35:32,574 - INFO - Iteration 1098
2026-08-19 19:35:34,193 - INFO - Iteration 1099
2026-08-19 19:35:35,811 - INFO - Iteration 1100
2026-08-19 19:35:37,681 - INFO - Iteration 1101
2026-08-19 19:35:39,390 - INFO - Iteration 1102
2026-08-19 19:35:41,064 - INFO - Iteration 1103
2026-08-19 19:35:42,681 - INFO - Iteration 1104
2026-08-19 19:35:44,318 - INFO - Iteration 1105
2026-08-19 19:35:45,995 - INFO - Iteration 1106
2026-08-19 19:35:47,665 - INFO - Iteration 1107
2026-08-19 19:35:49,299 - INFO - Iteration 1108
2026-08-19 19:35:50,952 - INFO - Iteration 1109
2026-08-19 19:35:52,628 - INFO - Iteration 1110
2026-08-19 19:35:54,339 - INFO - Iteration 1111
2026-08-19 19:35:55,976 - INFO - Iteration 1112
2026-08-19 19:35:57,640 - INFO - Iteration 1113
2026-08-19 19:35:59,291 - INFO - Iteration 1114
2026-08-19 19:36:01,013 - INFO - Iteration 1115
2026-08-19 19:36:02,660 - INFO - Iteration 1116
2026-08-19 19:36:04,345 - INFO - Iteration 1117
2026-08-19 19:36:06,076 - INFO - Iteration 1118
2026-08-19 19:36:07,764 - INFO - Iteration 1119
2026-08-19 19:36:09,426 - INFO - Iteration 1120
2026-08-19 19:36:11,103 - INFO - Iteration 1121
2026-08-19 19:36:12,761 - INFO - Iteration 1122
2026-08-19 19:36:14,391 - INFO - Iteration 1123
2026-08-19 19:36:16,031 - INFO - Iteration 1124
2026-08-19 19:36:17,765 - INFO - Iteration 1125
2026-08-19 19:36:19,443 - INFO - Iteration 1126
2026-08-19 19:36:21,076 - INFO - Iteration 1127
2026-08-19 19:36:22,692 - INFO - Iteration 1128
2026-08-19 19:36:24,352 - INFO - Iteration 1129
2026-08-19 19:36:26,116 - INFO - Iteration 1130
2026-08-19 19:36:27,874 - INFO - Iteration 1131
2026-08-19 19:36:29,565 - INFO - Iteration 1132
2026-08-19 19:36:31,295 - INFO - Iteration 1133
2026-08-19 19:36:32,922 - INFO - Iteration 1134
2026-08-19 19:36:34,542 - INFO - Iteration 1135
2026-08-19 19:36:36,166 - INFO - Iteration 1136
2026-08-19 19:36:37,801 - INFO - Iteration 1137
2026-08-19 19:36:39,503 - INFO - Iteration 1138
2026-08-19 19:36:41,176 - INFO - Iteration 1139
2026-08-19 19:36:42,854 - INFO - Iteration 1140
2026-08-19 19:36:44,484 - INFO - Iteration 1141
2026-08-19 19:36:46,121 - INFO - Iteration 1142
2026-08-19 19:36:47,807 - INFO - Iteration 1143
2026-08-19 19:36:49,527 - INFO - Iteration 1144
2026-08-19 19:36:51,197 - INFO - Iteration 1145
2026-08-19 19:36:52,840 - INFO - Iteration 1146
2026-08-19 19:36:54,467 - INFO - Iteration 1147
2026-08-19 19:36:56,083 - INFO - Iteration 1148
2026-08-19 19:36:57,772 - INFO - Iteration 1149
2026-08-19 19:36:59,598 - INFO - Iteration 1150
2026-08-19 19:37:01,291 - INFO - Iteration 1151
2026-08-19 19:37:02,893 - INFO - Iteration 1152
2026-08-19 19:37:04,542 - INFO - Iteration 1153
2026-08-19 19:37:06,241 - INFO - Iteration 1154
2026-08-19 19:37:07,977 - INFO - Iteration 1155
2026-08-19 19:37:09,657 - INFO - Iteration 1156
2026-08-19 19:37:11,319 - INFO - Iteration 1157
2026-08-19 19:37:13,075 - INFO - Iteration 1158
2026-08-19 19:37:14,686 - INFO - Iteration 1159
2026-08-19 19:37:16,323 - INFO - Iteration 1160
2026-08-19 19:37:18,015 - INFO - Iteration 1161
2026-08-19 19:37:19,687 - INFO - Iteration 1162
2026-08-19 19:37:21,374 - INFO - Iteration 1163
2026-08-19 19:37:22,986 - INFO - Iteration 1164
2026-08-19 19:37:24,718 - INFO - Iteration 1165
2026-08-19 19:37:26,383 - INFO - Iteration 1166
2026-08-19 19:37:28,089 - INFO - Iteration 1167
2026-08-19 19:37:29,787 - INFO - Iteration 1168
2026-08-19 19:37:31,499 - INFO - Iteration 1169
2026-08-19 19:37:33,173 - INFO - Iteration 1170
2026-08-19 19:37:34,851 - INFO - Iteration 1171
2026-08-19 19:37:36,459 - INFO - Iteration 1172
2026-08-19 19:37:38,231 - INFO - Iteration 1173
2026-08-19 19:37:39,897 - INFO - Iteration 1174
2026-08-19 19:37:41,628 - INFO - Iteration 1175
2026-08-19 19:37:43,229 - INFO - Iteration 1176
2026-08-19 19:37:44,852 - INFO - Iteration 1177
2026-08-19 19:37:46,453 - INFO - Iteration 1178
2026-08-19 19:37:48,109 - INFO - Iteration 1179
2026-08-19 19:37:49,742 - INFO - Iteration 1180
2026-08-19 19:37:51,503 - INFO - Iteration 1181
2026-08-19 19:37:53,119 - INFO - Iteration 1182
2026-08-19 19:37:54,726 - INFO - Iteration 1183
2026-08-19 19:37:56,366 - INFO - Iteration 1184
2026-08-19 19:37:58,054 - INFO - Iteration 1185
2026-08-19 19:38:00,097 - INFO - Iteration 1186
2026-08-19 19:38:02,144 - INFO - Iteration 1187
2026-08-19 19:38:04,167 - INFO - Iteration 1188
2026-08-19 19:38:05,919 - INFO - Iteration 1189
2026-08-19 19:38:07,629 - INFO - Iteration 1190
2026-08-19 19:38:09,519 - INFO - Iteration 1191
2026-08-19 19:38:11,193 - INFO - Iteration 1192
2026-08-19 19:38:12,896 - INFO - Iteration 1193
2026-08-19 19:38:14,649 - INFO - Iteration 1194
2026-08-19 19:38:16,461 - INFO - Iteration 1195
2026-08-19 19:38:18,449 - INFO - Iteration 1196
2026-08-19 19:38:21,629 - INFO - Iteration 1197
2026-08-19 19:38:24,754 - INFO - Iteration 1198
2026-08-19 19:38:27,141 - INFO - Iteration 1199
2026-08-19 19:38:28,900 - INFO - Iteration 1200
2026-08-19 19:38:30,733 - INFO - Iteration 1201
2026-08-19 19:38:32,753 - INFO - Iteration 1202
2026-08-19 19:38:35,233 - INFO - Iteration 1203
2026-08-19 19:38:37,553 - INFO - Iteration 1204
2026-08-19 19:38:39,837 - INFO - Iteration 1205
2026-08-19 19:38:41,839 - INFO - Iteration 1206
2026-08-19 19:38:44,020 - INFO - Iteration 1207
2026-08-19 19:38:46,001 - INFO - Iteration 1208
2026-08-19 19:38:47,921 - INFO - Iteration 1209
2026-08-19 19:38:49,691 - INFO - Iteration 1210
2026-08-19 19:38:51,368 - INFO - Iteration 1211
2026-08-19 19:38:53,212 - INFO - Iteration 1212
2026-08-19 19:38:55,320 - INFO - Iteration 1213
2026-08-19 19:38:57,136 - INFO - Iteration 1214
2026-08-19 19:38:59,007 - INFO - Iteration 1215
2026-08-19 19:39:01,111 - INFO - Iteration 1216
2026-08-19 19:39:02,902 - INFO - Iteration 1217
2026-08-19 19:39:05,034 - INFO - Iteration 1218
2026-08-19 19:39:06,789 - INFO - Iteration 1219
2026-08-19 19:39:08,565 - INFO - Iteration 1220
2026-08-19 19:39:10,542 - INFO - Iteration 1221
2026-08-19 19:39:12,389 - INFO - Iteration 1222
2026-08-19 19:39:14,194 - INFO - Iteration 1223
2026-08-19 19:39:15,867 - INFO - Iteration 1224
2026-08-19 19:39:17,776 - INFO - Iteration 1225
2026-08-19 19:39:19,532 - INFO - Iteration 1226
2026-08-19 19:39:21,392 - INFO - Iteration 1227
2026-08-19 19:39:23,527 - INFO - Iteration 1228
2026-08-19 19:39:25,272 - INFO - Iteration 1229
2026-08-19 19:39:26,974 - INFO - Iteration 1230
2026-08-19 19:39:28,666 - INFO - Iteration 1231
2026-08-19 19:39:30,672 - INFO - Iteration 1232
2026-08-19 19:39:32,428 - INFO - Iteration 1233
2026-08-19 19:39:34,077 - INFO - Iteration 1234
2026-08-19 19:39:36,055 - INFO - Iteration 1235
2026-08-19 19:39:37,771 - INFO - Iteration 1236
2026-08-19 19:39:39,834 - INFO - Iteration 1237
2026-08-19 19:39:41,540 - INFO - Iteration 1238
2026-08-19 19:39:43,210 - INFO - Iteration 1239
2026-08-19 19:39:44,995 - INFO - Iteration 1240
2026-08-19 19:39:46,794 - INFO - Iteration 1241
2026-08-19 19:39:48,623 - INFO - Iteration 1242
2026-08-19 19:39:50,395 - INFO - Iteration 1243
2026-08-19 19:39:52,371 - INFO - Iteration 1244
2026-08-19 19:39:54,075 - INFO - Iteration 1245
2026-08-19 19:39:55,905 - INFO - Iteration 1246
2026-08-19 19:39:57,575 - INFO - Iteration 1247
2026-08-19 19:39:59,516 - INFO - Iteration 1248
2026-08-19 19:40:01,324 - INFO - Iteration 1249
2026-08-19 19:40:03,109 - INFO - Iteration 1250
2026-08-19 19:40:04,809 - INFO - Iteration 1251
2026-08-19 19:40:06,466 - INFO - Iteration 1252
2026-08-19 19:40:08,308 - INFO - Iteration 1253
2026-08-19 19:40:10,318 - INFO - Iteration 1254
2026-08-19 19:40:12,129 - INFO - Iteration 1255
2026-08-19 19:40:13,930 - INFO - Iteration 1256
2026-08-19 19:40:15,980 - INFO - Iteration 1257
2026-08-19 19:40:18,311 - INFO - Iteration 1258
2026-08-19 19:40:20,699 - INFO - Iteration 1259
2026-08-19 19:40:22,708 - INFO - Iteration 1260
2026-08-19 19:40:24,782 - INFO - Iteration 1261
2026-08-19 19:40:26,719 - INFO - Iteration 1262
2026-08-19 19:40:28,788 - INFO - Iteration 1263
2026-08-19 19:40:30,851 - INFO - Iteration 1264
2026-08-19 19:40:32,995 - INFO - Iteration 1265
2026-08-19 19:40:34,917 - INFO - Iteration 1266
2026-08-19 19:40:36,701 - INFO - Iteration 1267
2026-08-19 19:40:38,723 - INFO - Iteration 1268
2026-08-19 19:40:40,515 - INFO - Iteration 1269
2026-08-19 19:40:42,264 - INFO - Iteration 1270
2026-08-19 19:40:43,943 - INFO - Iteration 1271
2026-08-19 19:40:45,594 - INFO - Iteration 1272
2026-08-19 19:40:47,236 - INFO - Iteration 1273
2026-08-19 19:40:48,933 - INFO - Iteration 1274
2026-08-19 19:40:50,959 - INFO - Iteration 1275
2026-08-19 19:40:53,111 - INFO - Iteration 1276
2026-08-19 19:40:55,095 - INFO - Iteration 1277
2026-08-19 19:40:56,959 - INFO - Iteration 1278
2026-08-19 19:40:58,918 - INFO - Iteration 1279
2026-08-19 19:41:00,820 - INFO - Iteration 1280
2026-08-19 19:41:02,649 - INFO - Iteration 1281
2026-08-19 19:41:04,367 - INFO - Iteration 1282
2026-08-19 19:41:06,024 - INFO - Iteration 1283
2026-08-19 19:41:07,788 - INFO - Iteration 1284
2026-08-19 19:41:09,808 - INFO - Iteration 1285
2026-08-19 19:41:11,615 - INFO - Iteration 1286
2026-08-19 19:41:13,395 - INFO - Iteration 1287
2026-08-19 19:41:15,360 - INFO - Iteration 1288
2026-08-19 19:41:17,342 - INFO - Iteration 1289
2026-08-19 19:41:19,087 - INFO - Iteration 1290
2026-08-19 19:41:20,997 - INFO - Iteration 1291
2026-08-19 19:41:22,877 - INFO - Iteration 1292
2026-08-19 19:41:24,663 - INFO - Iteration 1293
2026-08-19 19:41:26,689 - INFO - Iteration 1294
2026-08-19 19:41:28,635 - INFO - Iteration 1295
2026-08-19 19:41:30,507 - INFO - Iteration 1296
2026-08-19 19:41:32,436 - INFO - Iteration 1297
2026-08-19 19:41:34,297 - INFO - Iteration 1298
2026-08-19 19:41:36,136 - INFO - Iteration 1299
2026-08-19 19:41:38,252 - INFO - Iteration 1300
2026-08-19 19:41:40,111 - INFO - Iteration 1301
2026-08-19 19:41:41,928 - INFO - Iteration 1302
2026-08-19 19:41:43,812 - INFO - Iteration 1303
2026-08-19 19:41:45,699 - INFO - Iteration 1304
2026-08-19 19:41:47,475 - INFO - Iteration 1305
2026-08-19 19:41:49,382 - INFO - Iteration 1306
2026-08-19 19:41:51,024 - INFO - Iteration 1307
2026-08-19 19:41:52,771 - INFO - Iteration 1308
2026-08-19 19:41:54,608 - INFO - Iteration 1309
2026-08-19 19:41:56,458 - INFO - Iteration 1310
2026-08-19 19:41:58,235 - INFO - Iteration 1311
2026-08-19 19:42:00,046 - INFO - Iteration 1312
2026-08-19 19:42:01,919 - INFO - Iteration 1313
2026-08-19 19:42:03,638 - INFO - Iteration 1314
2026-08-19 19:42:05,404 - INFO - Iteration 1315
2026-08-19 19:42:07,325 - INFO - Iteration 1316
2026-08-19 19:42:09,163 - INFO - Iteration 1317
2026-08-19 19:42:10,903 - INFO - Iteration 1318
2026-08-19 19:42:12,692 - INFO - Iteration 1319
2026-08-19 19:42:14,429 - INFO - Iteration 1320
2026-08-19 19:42:16,194 - INFO - Iteration 1321
2026-08-19 19:42:17,917 - INFO - Iteration 1322
2026-08-19 19:42:19,671 - INFO - Iteration 1323
2026-08-19 19:42:21,390 - INFO - Iteration 1324
2026-08-19 19:42:23,064 - INFO - Iteration 1325
2026-08-19 19:42:24,812 - INFO - Iteration 1326
2026-08-19 19:42:26,707 - INFO - Iteration 1327
2026-08-19 19:42:28,569 - INFO - Iteration 1328
2026-08-19 19:42:30,537 - INFO - Iteration 1329
2026-08-19 19:42:32,492 - INFO - Iteration 1330
2026-08-19 19:42:34,417 - INFO - Iteration 1331
2026-08-19 19:42:36,478 - INFO - Iteration 1332
2026-08-19 19:42:38,421 - INFO - Iteration 1333
2026-08-19 19:42:40,251 - INFO - Iteration 1334
2026-08-19 19:42:42,076 - INFO - Iteration 1335
2026-08-19 19:42:44,242 - INFO - Iteration 1336
2026-08-19 19:42:46,144 - INFO - Iteration 1337
2026-08-19 19:42:47,931 - INFO - Iteration 1338
2026-08-19 19:42:49,729 - INFO - Iteration 1339
2026-08-19 19:42:51,458 - INFO - Iteration 1340
2026-08-19 19:42:53,281 - INFO - Iteration 1341
2026-08-19 19:42:55,112 - INFO - Iteration 1342
2026-08-19 19:42:56,917 - INFO - Iteration 1343
2026-08-19 19:42:59,288 - INFO - Iteration 1344
2026-08-19 19:43:01,422 - INFO - Iteration 1345
2026-08-19 19:43:03,602 - INFO - Iteration 1346
2026-08-19 19:43:05,813 - INFO - Iteration 1347
2026-08-19 19:43:07,987 - INFO - Iteration 1348
2026-08-19 19:43:10,045 - INFO - Iteration 1349
2026-08-19 19:43:12,074 - INFO - Iteration 1350
2026-08-19 19:43:14,327 - INFO - Iteration 1351
2026-08-19 19:43:16,232 - INFO - Iteration 1352
2026-08-19 19:43:18,402 - INFO - Iteration 1353
2026-08-19 19:43:20,278 - INFO - Iteration 1354
2026-08-19 19:43:22,240 - INFO - Iteration 1355
2026-08-19 19:43:24,570 - INFO - Iteration 1356
2026-08-19 19:43:26,611 - INFO - Iteration 1357
2026-08-19 19:43:28,482 - INFO - Iteration 1358
2026-08-19 19:43:30,170 - INFO - Iteration 1359
2026-08-19 19:43:32,010 - INFO - Iteration 1360
2026-08-19 19:43:33,806 - INFO - Iteration 1361
2026-08-19 19:43:35,642 - INFO - Iteration 1362
2026-08-19 19:43:37,432 - INFO - Iteration 1363
2026-08-19 19:43:39,154 - INFO - Iteration 1364
2026-08-19 19:43:40,880 - INFO - Iteration 1365
2026-08-19 19:43:42,514 - INFO - Iteration 1366
2026-08-19 19:43:44,169 - INFO - Iteration 1367
2026-08-19 19:43:46,014 - INFO - Iteration 1368
2026-08-19 19:43:47,699 - INFO - Iteration 1369
2026-08-19 19:43:49,787 - INFO - Iteration 1370
2026-08-19 19:43:51,623 - INFO - Iteration 1371
2026-08-19 19:43:53,810 - INFO - Iteration 1372
2026-08-19 19:43:56,090 - INFO - Iteration 1373
2026-08-19 19:43:58,285 - INFO - Iteration 1374
2026-08-19 19:44:00,170 - INFO - Iteration 1375
2026-08-19 19:44:02,064 - INFO - Iteration 1376
2026-08-19 19:44:03,818 - INFO - Iteration 1377
2026-08-19 19:44:05,679 - INFO - Iteration 1378
2026-08-19 19:44:07,766 - INFO - Iteration 1379
2026-08-19 19:44:09,503 - INFO - Iteration 1380
2026-08-19 19:44:11,297 - INFO - Iteration 1381
2026-08-19 19:44:12,908 - INFO - Iteration 1382
2026-08-19 19:44:14,552 - INFO - Iteration 1383
2026-08-19 19:44:16,244 - INFO - Iteration 1384
2026-08-19 19:44:17,943 - INFO - Iteration 1385
2026-08-19 19:44:20,082 - INFO - Iteration 1386
2026-08-19 19:44:21,808 - INFO - Iteration 1387
2026-08-19 19:44:23,615 - INFO - Iteration 1388
2026-08-19 19:44:25,475 - INFO - Iteration 1389
2026-08-19 19:44:27,583 - INFO - Iteration 1390
2026-08-19 19:44:29,424 - INFO - Iteration 1391
2026-08-19 19:44:31,372 - INFO - Iteration 1392
2026-08-19 19:44:33,056 - INFO - Iteration 1393
2026-08-19 19:44:34,694 - INFO - Iteration 1394
2026-08-19 19:44:36,456 - INFO - Iteration 1395
2026-08-19 19:44:38,340 - INFO - Iteration 1396
2026-08-19 19:44:40,709 - INFO - Iteration 1397
2026-08-19 19:44:42,699 - INFO - Iteration 1398
2026-08-19 19:44:44,383 - INFO - Iteration 1399
2026-08-19 19:44:46,084 - INFO - Iteration 1400
2026-08-19 19:44:47,861 - INFO - Iteration 1401
2026-08-19 19:44:49,548 - INFO - Iteration 1402
2026-08-19 19:44:51,270 - INFO - Iteration 1403
2026-08-19 19:44:53,251 - INFO - Iteration 1404
2026-08-19 19:44:55,066 - INFO - Iteration 1405
2026-08-19 19:44:56,881 - INFO - Iteration 1406
2026-08-19 19:44:58,681 - INFO - Iteration 1407
2026-08-19 19:45:00,630 - INFO - Iteration 1408
2026-08-19 19:45:02,263 - INFO - Iteration 1409
2026-08-19 19:45:03,949 - INFO - Iteration 1410
2026-08-19 19:45:05,590 - INFO - Iteration 1411
2026-08-19 19:45:07,250 - INFO - Iteration 1412
2026-08-19 19:45:08,999 - INFO - Iteration 1413
2026-08-19 19:45:10,688 - INFO - Iteration 1414
2026-08-19 19:45:12,445 - INFO - Iteration 1415
2026-08-19 19:45:14,175 - INFO - Iteration 1416
2026-08-19 19:45:15,876 - INFO - Iteration 1417
2026-08-19 19:45:17,548 - INFO - Iteration 1418
2026-08-19 19:45:19,201 - INFO - Iteration 1419
2026-08-19 19:45:20,879 - INFO - Iteration 1420
2026-08-19 19:45:22,579 - INFO - Iteration 1421
2026-08-19 19:45:24,305 - INFO - Iteration 1422
2026-08-19 19:45:26,012 - INFO - Iteration 1423
2026-08-19 19:45:27,679 - INFO - Iteration 1424
2026-08-19 19:45:29,511 - INFO - Iteration 1425
2026-08-19 19:45:31,217 - INFO - Iteration 1426
2026-08-19 19:45:33,195 - INFO - Iteration 1427
2026-08-19 19:45:34,896 - INFO - Iteration 1428
2026-08-19 19:45:36,569 - INFO - Iteration 1429
2026-08-19 19:45:38,194 - INFO - Iteration 1430
2026-08-19 19:45:39,875 - INFO - Iteration 1431
2026-08-19 19:45:41,566 - INFO - Iteration 1432
2026-08-19 19:45:43,250 - INFO - Iteration 1433
2026-08-19 19:45:44,850 - INFO - Iteration 1434
2026-08-19 19:45:46,461 - INFO - Iteration 1435
2026-08-19 19:45:48,065 - INFO - Iteration 1436
2026-08-19 19:45:49,801 - INFO - Iteration 1437
2026-08-19 19:45:51,464 - INFO - Iteration 1438
2026-08-19 19:45:53,180 - INFO - Iteration 1439
2026-08-19 19:45:54,832 - INFO - Iteration 1440
2026-08-19 19:45:56,472 - INFO - Iteration 1441
2026-08-19 19:45:58,096 - INFO - Iteration 1442
2026-08-19 19:45:59,759 - INFO - Iteration 1443
2026-08-19 19:46:01,451 - INFO - Iteration 1444
2026-08-19 19:46:03,233 - INFO - Iteration 1445
2026-08-19 19:46:05,034 - INFO - Iteration 1446
2026-08-19 19:46:06,907 - INFO - Iteration 1447
2026-08-19 19:46:08,886 - INFO - Iteration 1448
2026-08-19 19:46:10,675 - INFO - Iteration 1449
2026-08-19 19:46:12,608 - INFO - Iteration 1450
2026-08-19 19:46:15,074 - INFO - Iteration 1451
2026-08-19 19:46:16,964 - INFO - Iteration 1452
2026-08-19 19:46:18,943 - INFO - Iteration 1453
2026-08-19 19:46:20,927 - INFO - Iteration 1454
2026-08-19 19:46:22,751 - INFO - Iteration 1455
2026-08-19 19:46:24,642 - INFO - Iteration 1456
2026-08-19 19:46:26,638 - INFO - Iteration 1457
2026-08-19 19:46:29,399 - INFO - Iteration 1458
2026-08-19 19:46:31,384 - INFO - Iteration 1459
2026-08-19 19:46:33,503 - INFO - Iteration 1460
2026-08-19 19:46:35,866 - INFO - Iteration 1461
2026-08-19 19:46:37,766 - INFO - Iteration 1462
2026-08-19 19:46:39,737 - INFO - Iteration 1463
2026-08-19 19:46:41,610 - INFO - Iteration 1464
2026-08-19 19:46:43,625 - INFO - Iteration 1465
2026-08-19 19:46:45,746 - INFO - Iteration 1466
2026-08-19 19:46:48,038 - INFO - Iteration 1467
2026-08-19 19:46:50,098 - INFO - Iteration 1468
2026-08-19 19:46:52,111 - INFO - Iteration 1469
2026-08-19 19:46:54,274 - INFO - Iteration 1470
2026-08-19 19:46:56,460 - INFO - Iteration 1471
2026-08-19 19:46:58,520 - INFO - Iteration 1472
2026-08-19 19:47:00,425 - INFO - Iteration 1473
2026-08-19 19:47:02,346 - INFO - Iteration 1474
2026-08-19 19:47:04,198 - INFO - Iteration 1475
2026-08-19 19:47:06,110 - INFO - Iteration 1476
2026-08-19 19:47:08,134 - INFO - Iteration 1477
2026-08-19 19:47:10,031 - INFO - Iteration 1478
2026-08-19 19:47:12,116 - INFO - Iteration 1479
2026-08-19 19:47:14,164 - INFO - Iteration 1480
2026-08-19 19:47:16,261 - INFO - Iteration 1481
2026-08-19 19:47:18,260 - INFO - Iteration 1482
2026-08-19 19:47:20,082 - INFO - Iteration 1483
2026-08-19 19:47:21,789 - INFO - Iteration 1484
2026-08-19 19:47:23,616 - INFO - Iteration 1485
2026-08-19 19:47:25,519 - INFO - Iteration 1486
2026-08-19 19:47:27,439 - INFO - Iteration 1487
2026-08-19 19:47:29,310 - INFO - Iteration 1488
2026-08-19 19:47:31,068 - INFO - Iteration 1489
2026-08-19 19:47:33,085 - INFO - Iteration 1490
2026-08-19 19:47:34,905 - INFO - Iteration 1491
2026-08-19 19:47:37,123 - INFO - Iteration 1492
2026-08-19 19:47:39,079 - INFO - Iteration 1493
2026-08-19 19:47:41,101 - INFO - Iteration 1494
2026-08-19 19:47:43,005 - INFO - Iteration 1495
2026-08-19 19:47:44,696 - INFO - Iteration 1496
2026-08-19 19:47:46,446 - INFO - Iteration 1497
2026-08-19 19:47:48,204 - INFO - Iteration 1498
2026-08-19 19:47:49,987 - INFO - Iteration 1499
2026-08-19 19:47:51,802 - INFO - Iteration 1500
2026-08-19 19:47:53,818 - INFO - Iteration 1501
2026-08-19 19:47:55,706 - INFO - Iteration 1502
2026-08-19 19:47:57,499 - INFO - Iteration 1503
2026-08-19 19:47:59,369 - INFO - Iteration 1504
2026-08-19 19:48:01,090 - INFO - Iteration 1505
2026-08-19 19:48:02,785 - INFO - Iteration 1506
2026-08-19 19:48:04,521 - INFO - Iteration 1507
2026-08-19 19:48:06,239 - INFO - Iteration 1508
2026-08-19 19:48:07,996 - INFO - Iteration 1509
2026-08-19 19:48:09,777 - INFO - Iteration 1510
2026-08-19 19:48:11,501 - INFO - Iteration 1511
2026-08-19 19:48:13,207 - INFO - Iteration 1512
2026-08-19 19:48:15,096 - INFO - Iteration 1513
2026-08-19 19:48:16,813 - INFO - Iteration 1514
2026-08-19 19:48:18,554 - INFO - Iteration 1515
2026-08-19 19:48:20,332 - INFO - Iteration 1516
2026-08-19 19:48:22,146 - INFO - Iteration 1517
2026-08-19 19:48:24,087 - INFO - Iteration 1518
2026-08-19 19:48:25,906 - INFO - Iteration 1519
2026-08-19 19:48:27,703 - INFO - Iteration 1520
2026-08-19 19:48:29,530 - INFO - Iteration 1521
2026-08-19 19:48:31,518 - INFO - Iteration 1522
2026-08-19 19:48:33,495 - INFO - Iteration 1523
2026-08-19 19:48:35,294 - INFO - Iteration 1524
2026-08-19 19:48:37,018 - INFO - Iteration 1525
2026-08-19 19:48:38,754 - INFO - Iteration 1526
2026-08-19 19:48:40,637 - INFO - Iteration 1527
2026-08-19 19:48:42,469 - INFO - Iteration 1528
2026-08-19 19:48:44,212 - INFO - Iteration 1529
2026-08-19 19:48:45,973 - INFO - Iteration 1530
2026-08-19 19:48:47,742 - INFO - Iteration 1531
2026-08-19 19:48:49,656 - INFO - Iteration 1532
2026-08-19 19:48:51,498 - INFO - Iteration 1533
2026-08-19 19:48:53,278 - INFO - Iteration 1534
2026-08-19 19:48:54,997 - INFO - Iteration 1535
2026-08-19 19:48:56,812 - INFO - Iteration 1536
2026-08-19 19:48:58,933 - INFO - Iteration 1537
2026-08-19 19:49:00,913 - INFO - Iteration 1538
2026-08-19 19:49:02,865 - INFO - Iteration 1539
2026-08-19 19:49:04,606 - INFO - Iteration 1540
2026-08-19 19:49:06,327 - INFO - Iteration 1541
2026-08-19 19:49:08,548 - INFO - Iteration 1542
2026-08-19 19:49:10,401 - INFO - Iteration 1543
2026-08-19 19:49:12,216 - INFO - Iteration 1544
2026-08-19 19:49:14,004 - INFO - Iteration 1545
2026-08-19 19:49:15,740 - INFO - Iteration 1546
2026-08-19 19:49:17,415 - INFO - Iteration 1547
2026-08-19 19:49:19,174 - INFO - Iteration 1548
2026-08-19 19:49:20,965 - INFO - Iteration 1549
2026-08-19 19:49:22,692 - INFO - Iteration 1550
2026-08-19 19:49:24,426 - INFO - Iteration 1551
2026-08-19 19:49:26,136 - INFO - Iteration 1552
2026-08-19 19:49:27,828 - INFO - Iteration 1553
2026-08-19 19:49:29,671 - INFO - Iteration 1554
2026-08-19 19:49:31,559 - INFO - Iteration 1555
2026-08-19 19:49:33,799 - INFO - Iteration 1556
2026-08-19 19:49:36,471 - INFO - Iteration 1557
2026-08-19 19:49:38,324 - INFO - Iteration 1558
2026-08-19 19:49:40,131 - INFO - Iteration 1559
2026-08-19 19:49:42,391 - INFO - Iteration 1560
2026-08-19 19:49:44,083 - INFO - Iteration 1561
2026-08-19 19:49:46,014 - INFO - Iteration 1562
2026-08-19 19:49:47,775 - INFO - Iteration 1563
2026-08-19 19:49:49,528 - INFO - Iteration 1564
2026-08-19 19:49:51,341 - INFO - Iteration 1565
2026-08-19 19:49:53,392 - INFO - Iteration 1566
2026-08-19 19:49:55,171 - INFO - Iteration 1567
2026-08-19 19:49:57,080 - INFO - Iteration 1568
2026-08-19 19:49:58,828 - INFO - Iteration 1569
2026-08-19 19:50:00,609 - INFO - Iteration 1570
2026-08-19 19:50:02,292 - INFO - Iteration 1571
2026-08-19 19:50:04,003 - INFO - Iteration 1572
2026-08-19 19:50:05,724 - INFO - Iteration 1573
2026-08-19 19:50:07,508 - INFO - Iteration 1574
2026-08-19 19:50:09,257 - INFO - Iteration 1575
2026-08-19 19:50:10,995 - INFO - Iteration 1576
2026-08-19 19:50:12,743 - INFO - Iteration 1577
2026-08-19 19:50:14,491 - INFO - Iteration 1578
2026-08-19 19:50:16,239 - INFO - Iteration 1579
2026-08-19 19:50:17,991 - INFO - Iteration 1580
2026-08-19 19:50:19,738 - INFO - Iteration 1581
2026-08-19 19:50:21,448 - INFO - Iteration 1582
2026-08-19 19:50:23,147 - INFO - Iteration 1583
2026-08-19 19:50:24,870 - INFO - Iteration 1584
2026-08-19 19:50:26,633 - INFO - Iteration 1585
2026-08-19 19:50:28,521 - INFO - Iteration 1586
2026-08-19 19:50:30,225 - INFO - Iteration 1587
2026-08-19 19:50:31,910 - INFO - Iteration 1588
2026-08-19 19:50:33,695 - INFO - Iteration 1589
2026-08-19 19:50:35,433 - INFO - Iteration 1590
2026-08-19 19:50:37,186 - INFO - Iteration 1591
2026-08-19 19:50:38,920 - INFO - Iteration 1592
2026-08-19 19:50:40,689 - INFO - Iteration 1593
2026-08-19 19:50:42,439 - INFO - Iteration 1594
2026-08-19 19:50:44,117 - INFO - Iteration 1595
2026-08-19 19:50:45,874 - INFO - Iteration 1596
2026-08-19 19:50:47,599 - INFO - Iteration 1597
2026-08-19 19:50:49,354 - INFO - Iteration 1598
2026-08-19 19:50:51,050 - INFO - Iteration 1599
2026-08-19 19:50:52,721 - INFO - Iteration 1600
2026-08-19 19:50:54,411 - INFO - Iteration 1601
2026-08-19 19:50:56,135 - INFO - Iteration 1602
2026-08-19 19:50:57,870 - INFO - Iteration 1603
2026-08-19 19:50:59,568 - INFO - Iteration 1604
2026-08-19 19:51:01,256 - INFO - Iteration 1605
2026-08-19 19:51:02,938 - INFO - Iteration 1606
2026-08-19 19:51:04,563 - INFO - Iteration 1607
2026-08-19 19:51:06,345 - INFO - Iteration 1608
2026-08-19 19:51:08,162 - INFO - Iteration 1609
2026-08-19 19:51:09,928 - INFO - Iteration 1610
2026-08-19 19:51:11,584 - INFO - Iteration 1611
2026-08-19 19:51:13,266 - INFO - Iteration 1612
2026-08-19 19:51:15,029 - INFO - Iteration 1613
2026-08-19 19:51:16,889 - INFO - Iteration 1614
2026-08-19 19:51:18,718 - INFO - Iteration 1615
2026-08-19 19:51:20,450 - INFO - Iteration 1616
2026-08-19 19:51:22,166 - INFO - Iteration 1617
2026-08-19 19:51:23,864 - INFO - Iteration 1618
2026-08-19 19:51:25,586 - INFO - Iteration 1619
2026-08-19 19:51:27,335 - INFO - Iteration 1620
2026-08-19 19:51:29,128 - INFO - Iteration 1621
2026-08-19 19:51:30,924 - INFO - Iteration 1622
2026-08-19 19:51:32,643 - INFO - Iteration 1623
2026-08-19 19:51:34,328 - INFO - Iteration 1624
2026-08-19 19:51:36,051 - INFO - Iteration 1625
2026-08-19 19:51:37,751 - INFO - Iteration 1626
2026-08-19 19:51:39,443 - INFO - Iteration 1627
2026-08-19 19:51:41,120 - INFO - Iteration 1628
2026-08-19 19:51:42,849 - INFO - Iteration 1629
2026-08-19 19:51:45,211 - INFO - Iteration 1630
2026-08-19 19:51:47,198 - INFO - Iteration 1631
2026-08-19 19:51:48,940 - INFO - Iteration 1632
2026-08-19 19:51:50,662 - INFO - Iteration 1633
2026-08-19 19:51:52,545 - INFO - Iteration 1634
2026-08-19 19:51:54,689 - INFO - Iteration 1635
2026-08-19 19:51:56,942 - INFO - Iteration 1636
2026-08-19 19:51:59,810 - INFO - Iteration 1637
2026-08-19 19:52:02,047 - INFO - Iteration 1638
2026-08-19 19:52:03,833 - INFO - Iteration 1639
2026-08-19 19:52:05,513 - INFO - Iteration 1640
2026-08-19 19:52:07,219 - INFO - Iteration 1641
2026-08-19 19:52:08,897 - INFO - Iteration 1642
2026-08-19 19:52:10,564 - INFO - Iteration 1643
2026-08-19 19:52:12,194 - INFO - Iteration 1644
2026-08-19 19:52:13,984 - INFO - Iteration 1645
2026-08-19 19:52:15,842 - INFO - Iteration 1646
2026-08-19 19:52:17,796 - INFO - Iteration 1647
2026-08-19 19:52:19,626 - INFO - Iteration 1648
2026-08-19 19:52:21,396 - INFO - Iteration 1649
2026-08-19 19:52:23,198 - INFO - Iteration 1650
2026-08-19 19:52:24,881 - INFO - Iteration 1651
2026-08-19 19:52:26,560 - INFO - Iteration 1652
2026-08-19 19:52:28,247 - INFO - Iteration 1653
2026-08-19 19:52:29,951 - INFO - Iteration 1654
2026-08-19 19:52:31,618 - INFO - Iteration 1655
2026-08-19 19:52:33,270 - INFO - Iteration 1656
2026-08-19 19:52:34,888 - INFO - Iteration 1657
2026-08-19 19:52:36,507 - INFO - Iteration 1658
2026-08-19 19:52:38,127 - INFO - Iteration 1659
2026-08-19 19:52:39,772 - INFO - Iteration 1660
2026-08-19 19:52:41,410 - INFO - Iteration 1661
2026-08-19 19:52:43,035 - INFO - Iteration 1662
2026-08-19 19:52:44,658 - INFO - Iteration 1663
2026-08-19 19:52:46,341 - INFO - Iteration 1664
2026-08-19 19:52:47,989 - INFO - Iteration 1665
2026-08-19 19:52:49,613 - INFO - Iteration 1666
2026-08-19 19:52:51,243 - INFO - Iteration 1667
2026-08-19 19:52:52,874 - INFO - Iteration 1668
2026-08-19 19:52:54,512 - INFO - Iteration 1669
2026-08-19 19:52:56,171 - INFO - Iteration 1670
2026-08-19 19:52:57,939 - INFO - Iteration 1671
2026-08-19 19:52:59,654 - INFO - Iteration 1672
2026-08-19 19:53:01,379 - INFO - Iteration 1673
2026-08-19 19:53:03,046 - INFO - Iteration 1674
2026-08-19 19:53:04,678 - INFO - Iteration 1675
2026-08-19 19:53:06,457 - INFO - Iteration 1676
2026-08-19 19:53:08,123 - INFO - Iteration 1677
2026-08-19 19:53:09,782 - INFO - Iteration 1678
2026-08-19 19:53:11,422 - INFO - Iteration 1679
2026-08-19 19:53:13,052 - INFO - Iteration 1680
2026-08-19 19:53:14,693 - INFO - Iteration 1681
2026-08-19 19:53:16,319 - INFO - Iteration 1682
2026-08-19 19:53:17,942 - INFO - Iteration 1683
2026-08-19 19:53:19,566 - INFO - Iteration 1684
2026-08-19 19:53:21,206 - INFO - Iteration 1685
2026-08-19 19:53:22,833 - INFO - Iteration 1686
2026-08-19 19:53:24,490 - INFO - Iteration 1687
2026-08-19 19:53:26,093 - INFO - Iteration 1688
2026-08-19 19:53:27,704 - INFO - Iteration 1689
2026-08-19 19:53:29,344 - INFO - Iteration 1690
2026-08-19 19:53:30,980 - INFO - Iteration 1691
2026-08-19 19:53:32,689 - INFO - Iteration 1692
2026-08-19 19:53:34,332 - INFO - Iteration 1693
2026-08-19 19:53:36,073 - INFO - Iteration 1694
2026-08-19 19:53:37,785 - INFO - Iteration 1695
2026-08-19 19:53:40,098 - INFO - Iteration 1696
2026-08-19 19:53:42,028 - INFO - Iteration 1697
2026-08-19 19:53:43,829 - INFO - Iteration 1698
2026-08-19 19:53:45,563 - INFO - Iteration 1699
2026-08-19 19:53:47,408 - INFO - Iteration 1700
2026-08-19 19:53:49,591 - INFO - Iteration 1701
2026-08-19 19:53:51,312 - INFO - Iteration 1702
2026-08-19 19:53:53,062 - INFO - Iteration 1703
2026-08-19 19:53:54,705 - INFO - Iteration 1704
2026-08-19 19:53:56,409 - INFO - Iteration 1705
2026-08-19 19:53:58,059 - INFO - Iteration 1706
2026-08-19 19:53:59,694 - INFO - Iteration 1707
2026-08-19 19:54:01,501 - INFO - Iteration 1708
2026-08-19 19:54:03,238 - INFO - Iteration 1709
2026-08-19 19:54:05,069 - INFO - Iteration 1710
2026-08-19 19:54:06,786 - INFO - Iteration 1711
2026-08-19 19:54:08,567 - INFO - Iteration 1712
2026-08-19 19:54:10,278 - INFO - Iteration 1713
2026-08-19 19:54:11,957 - INFO - Iteration 1714
2026-08-19 19:54:13,620 - INFO - Iteration 1715
2026-08-19 19:54:15,545 - INFO - Iteration 1716
2026-08-19 19:54:17,287 - INFO - Iteration 1717
2026-08-19 19:54:18,927 - INFO - Iteration 1718
2026-08-19 19:54:20,632 - INFO - Iteration 1719
2026-08-19 19:54:22,317 - INFO - Iteration 1720
2026-08-19 19:54:23,968 - INFO - Iteration 1721
2026-08-19 19:54:25,768 - INFO - Iteration 1722
2026-08-19 19:54:27,415 - INFO - Iteration 1723
2026-08-19 19:54:29,059 - INFO - Iteration 1724
2026-08-19 19:54:30,705 - INFO - Iteration 1725
2026-08-19 19:54:32,332 - INFO - Iteration 1726
2026-08-19 19:54:34,162 - INFO - Iteration 1727
2026-08-19 19:54:35,884 - INFO - Iteration 1728
2026-08-19 19:54:37,651 - INFO - Iteration 1729
2026-08-19 19:54:39,368 - INFO - Iteration 1730
2026-08-19 19:54:41,061 - INFO - Iteration 1731
2026-08-19 19:54:42,943 - INFO - Iteration 1732
2026-08-19 19:54:44,637 - INFO - Iteration 1733
2026-08-19 19:54:46,557 - INFO - Iteration 1734
2026-08-19 19:54:48,985 - INFO - Iteration 1735
2026-08-19 19:54:50,769 - INFO - Iteration 1736
2026-08-19 19:54:52,652 - INFO - Iteration 1737
2026-08-19 19:54:54,817 - INFO - Iteration 1738
2026-08-19 19:54:56,983 - INFO - Iteration 1739
2026-08-19 19:54:58,983 - INFO - Iteration 1740
2026-08-19 19:55:00,874 - INFO - Iteration 1741
2026-08-19 19:55:02,761 - INFO - Iteration 1742
2026-08-19 19:55:04,671 - INFO - Iteration 1743
2026-08-19 19:55:06,705 - INFO - Iteration 1744
2026-08-19 19:55:08,533 - INFO - Iteration 1745
2026-08-19 19:55:10,270 - INFO - Iteration 1746
2026-08-19 19:55:11,884 - INFO - Iteration 1747
2026-08-19 19:55:13,441 - INFO - Iteration 1748
2026-08-19 19:55:14,983 - INFO - Iteration 1749
2026-08-19 19:55:16,595 - INFO - Iteration 1750
2026-08-19 19:55:18,247 - INFO - Iteration 1751
2026-08-19 19:55:19,843 - INFO - Iteration 1752
2026-08-19 19:55:21,417 - INFO - Iteration 1753
2026-08-19 19:55:23,029 - INFO - Iteration 1754
2026-08-19 19:55:24,893 - INFO - Iteration 1755
2026-08-19 19:55:26,568 - INFO - Iteration 1756
2026-08-19 19:55:28,398 - INFO - Iteration 1757
2026-08-19 19:55:30,217 - INFO - Iteration 1758
2026-08-19 19:55:32,203 - INFO - Iteration 1759
2026-08-19 19:55:34,018 - INFO - Iteration 1760
2026-08-19 19:55:35,804 - INFO - Iteration 1761
2026-08-19 19:55:37,725 - INFO - Iteration 1762
2026-08-19 19:55:39,826 - INFO - Iteration 1763
2026-08-19 19:55:41,914 - INFO - Iteration 1764
2026-08-19 19:55:43,864 - INFO - Iteration 1765
2026-08-19 19:55:46,192 - INFO - Iteration 1766
2026-08-19 19:55:48,267 - INFO - Iteration 1767
2026-08-19 19:55:49,968 - INFO - Iteration 1768
2026-08-19 19:55:52,066 - INFO - Iteration 1769
2026-08-19 19:55:54,153 - INFO - Iteration 1770
2026-08-19 19:55:55,970 - INFO - Iteration 1771
2026-08-19 19:55:57,560 - INFO - Iteration 1772
2026-08-19 19:55:59,152 - INFO - Iteration 1773
2026-08-19 19:56:01,191 - INFO - Iteration 1774
2026-08-19 19:56:03,092 - INFO - Iteration 1775
2026-08-19 19:56:05,091 - INFO - Iteration 1776
2026-08-19 19:56:07,225 - INFO - Iteration 1777
2026-08-19 19:56:09,079 - INFO - Iteration 1778
2026-08-19 19:56:10,800 - INFO - Iteration 1779
2026-08-19 19:56:12,586 - INFO - Iteration 1780
2026-08-19 19:56:14,230 - INFO - Iteration 1781
2026-08-19 19:56:15,795 - INFO - Iteration 1782
2026-08-19 19:56:17,383 - INFO - Iteration 1783
2026-08-19 19:56:18,981 - INFO - Iteration 1784
2026-08-19 19:56:20,583 - INFO - Iteration 1785
2026-08-19 19:56:22,197 - INFO - Iteration 1786
2026-08-19 19:56:23,995 - INFO - Iteration 1787
2026-08-19 19:56:25,649 - INFO - Iteration 1788
2026-08-19 19:56:27,281 - INFO - Iteration 1789
2026-08-19 19:56:29,298 - INFO - Iteration 1790
2026-08-19 19:56:31,104 - INFO - Iteration 1791
2026-08-19 19:56:33,007 - INFO - Iteration 1792
2026-08-19 19:56:35,019 - INFO - Iteration 1793
2026-08-19 19:56:36,931 - INFO - Iteration 1794
2026-08-19 19:56:38,760 - INFO - Iteration 1795
2026-08-19 19:56:40,382 - INFO - Iteration 1796
2026-08-19 19:56:41,956 - INFO - Iteration 1797
2026-08-19 19:56:43,581 - INFO - Iteration 1798
2026-08-19 19:56:45,122 - INFO - Iteration 1799
2026-08-19 19:56:46,706 - INFO - Iteration 1800
2026-08-19 19:56:48,371 - INFO - Iteration 1801
2026-08-19 19:56:49,897 - INFO - Iteration 1802
2026-08-19 19:56:51,390 - INFO - Iteration 1803
2026-08-19 19:56:52,879 - INFO - Iteration 1804
2026-08-19 19:56:54,333 - INFO - Iteration 1805
2026-08-19 19:56:55,790 - INFO - Iteration 1806
2026-08-19 19:56:57,290 - INFO - Iteration 1807
2026-08-19 19:56:58,767 - INFO - Iteration 1808
2026-08-19 19:57:00,301 - INFO - Iteration 1809
2026-08-19 19:57:01,811 - INFO - Iteration 1810
2026-08-19 19:57:03,326 - INFO - Iteration 1811
2026-08-19 19:57:04,805 - INFO - Iteration 1812
2026-08-19 19:57:06,270 - INFO - Iteration 1813
2026-08-19 19:57:07,758 - INFO - Iteration 1814
2026-08-19 19:57:09,257 - INFO - Iteration 1815
2026-08-19 19:57:10,738 - INFO - Iteration 1816
2026-08-19 19:57:12,186 - INFO - Iteration 1817
2026-08-19 19:57:13,652 - INFO - Iteration 1818
2026-08-19 19:57:15,124 - INFO - Iteration 1819
2026-08-19 19:57:16,583 - INFO - Iteration 1820
2026-08-19 19:57:18,062 - INFO - Iteration 1821
2026-08-19 19:57:19,541 - INFO - Iteration 1822
2026-08-19 19:57:21,015 - INFO - Iteration 1823
2026-08-19 19:57:22,469 - INFO - Iteration 1824
2026-08-19 19:57:23,903 - INFO - Iteration 1825
2026-08-19 19:57:25,347 - INFO - Iteration 1826
2026-08-19 19:57:26,847 - INFO - Iteration 1827
2026-08-19 19:57:28,292 - INFO - Iteration 1828
2026-08-19 19:57:29,753 - INFO - Iteration 1829
2026-08-19 19:57:31,340 - INFO - Iteration 1830
2026-08-19 19:57:32,851 - INFO - Iteration 1831
2026-08-19 19:57:34,312 - INFO - Iteration 1832
2026-08-19 19:57:35,868 - INFO - Iteration 1833
2026-08-19 19:57:37,490 - INFO - Iteration 1834
2026-08-19 19:57:38,949 - INFO - Iteration 1835
2026-08-19 19:57:40,413 - INFO - Iteration 1836
2026-08-19 19:57:41,871 - INFO - Iteration 1837
2026-08-19 19:57:43,315 - INFO - Iteration 1838
2026-08-19 19:57:44,760 - INFO - Iteration 1839
2026-08-19 19:57:46,230 - INFO - Iteration 1840
2026-08-19 19:57:47,704 - INFO - Iteration 1841
2026-08-19 19:57:49,136 - INFO - Iteration 1842
2026-08-19 19:57:50,594 - INFO - Iteration 1843
2026-08-19 19:57:52,304 - INFO - Iteration 1844
2026-08-19 19:57:54,207 - INFO - Iteration 1845
2026-08-19 19:57:56,002 - INFO - Iteration 1846
2026-08-19 19:57:57,633 - INFO - Iteration 1847
2026-08-19 19:57:59,300 - INFO - Iteration 1848
2026-08-19 19:58:00,920 - INFO - Iteration 1849
2026-08-19 19:58:02,509 - INFO - Iteration 1850
2026-08-19 19:58:04,078 - INFO - Iteration 1851
2026-08-19 19:58:05,670 - INFO - Iteration 1852
2026-08-19 19:58:07,510 - INFO - Iteration 1853
2026-08-19 19:58:09,241 - INFO - Iteration 1854
2026-08-19 19:58:10,822 - INFO - Iteration 1855
2026-08-19 19:58:12,592 - INFO - Iteration 1856
2026-08-19 19:58:14,418 - INFO - Iteration 1857
2026-08-19 19:58:16,535 - INFO - Iteration 1858
2026-08-19 19:58:18,235 - INFO - Iteration 1859
2026-08-19 19:58:19,911 - INFO - Iteration 1860
2026-08-19 19:58:21,451 - INFO - Iteration 1861
2026-08-19 19:58:23,061 - INFO - Iteration 1862
2026-08-19 19:58:24,787 - INFO - Iteration 1863
2026-08-19 19:58:26,354 - INFO - Iteration 1864
2026-08-19 19:58:27,970 - INFO - Iteration 1865
2026-08-19 19:58:29,581 - INFO - Iteration 1866
2026-08-19 19:58:31,163 - INFO - Iteration 1867
2026-08-19 19:58:32,734 - INFO - Iteration 1868
2026-08-19 19:58:34,498 - INFO - Iteration 1869
2026-08-19 19:58:36,481 - INFO - Iteration 1870
2026-08-19 19:58:38,209 - INFO - Iteration 1871
2026-08-19 19:58:40,257 - INFO - Iteration 1872
2026-08-19 19:58:43,023 - INFO - Iteration 1873
2026-08-19 19:58:45,146 - INFO - Iteration 1874
2026-08-19 19:58:47,150 - INFO - Iteration 1875
2026-08-19 19:58:48,954 - INFO - Iteration 1876
2026-08-19 19:58:50,607 - INFO - Iteration 1877
2026-08-19 19:58:52,319 - INFO - Iteration 1878
2026-08-19 19:58:54,038 - INFO - Iteration 1879
2026-08-19 19:58:55,708 - INFO - Iteration 1880
2026-08-19 19:58:57,808 - INFO - Iteration 1881
2026-08-19 19:59:00,053 - INFO - Iteration 1882
2026-08-19 19:59:02,177 - INFO - Iteration 1883
2026-08-19 19:59:04,108 - INFO - Iteration 1884
2026-08-19 19:59:06,155 - INFO - Iteration 1885
2026-08-19 19:59:08,180 - INFO - Iteration 1886
2026-08-19 19:59:10,233 - INFO - Iteration 1887
2026-08-19 19:59:12,423 - INFO - Iteration 1888
2026-08-19 19:59:14,521 - INFO - Iteration 1889
2026-08-19 19:59:16,388 - INFO - Iteration 1890
2026-08-19 19:59:18,187 - INFO - Iteration 1891
2026-08-19 19:59:20,268 - INFO - Iteration 1892
2026-08-19 19:59:22,005 - INFO - Iteration 1893
2026-08-19 19:59:23,756 - INFO - Iteration 1894
2026-08-19 19:59:25,438 - INFO - Iteration 1895
2026-08-19 19:59:27,185 - INFO - Iteration 1896
2026-08-19 19:59:29,439 - INFO - Iteration 1897
2026-08-19 19:59:31,161 - INFO - Iteration 1898
2026-08-19 19:59:32,863 - INFO - Iteration 1899
2026-08-19 19:59:34,613 - INFO - Iteration 1900
2026-08-19 19:59:36,280 - INFO - Iteration 1901
2026-08-19 19:59:37,961 - INFO - Iteration 1902
2026-08-19 19:59:39,662 - INFO - Iteration 1903
2026-08-19 19:59:41,405 - INFO - Iteration 1904
2026-08-19 19:59:43,106 - INFO - Iteration 1905
2026-08-19 19:59:44,803 - INFO - Iteration 1906
2026-08-19 19:59:46,511 - INFO - Iteration 1907
2026-08-19 19:59:48,144 - INFO - Iteration 1908
2026-08-19 19:59:49,900 - INFO - Iteration 1909
2026-08-19 19:59:51,639 - INFO - Iteration 1910
2026-08-19 19:59:53,448 - INFO - Iteration 1911
2026-08-19 19:59:55,326 - INFO - Iteration 1912
2026-08-19 19:59:57,102 - INFO - Iteration 1913
2026-08-19 19:59:58,826 - INFO - Iteration 1914
2026-08-19 20:00:00,577 - INFO - Iteration 1915
2026-08-19 20:00:02,335 - INFO - Iteration 1916
2026-08-19 20:00:04,016 - INFO - Iteration 1917
2026-08-19 20:00:05,713 - INFO - Iteration 1918
2026-08-19 20:00:07,429 - INFO - Iteration 1919
2026-08-19 20:00:09,153 - INFO - Iteration 1920
2026-08-19 20:00:10,989 - INFO - Iteration 1921
2026-08-19 20:00:12,628 - INFO - Iteration 1922
2026-08-19 20:00:14,271 - INFO - Iteration 1923
2026-08-19 20:00:15,937 - INFO - Iteration 1924
2026-08-19 20:00:17,752 - INFO - Iteration 1925
2026-08-19 20:00:19,474 - INFO - Iteration 1926
2026-08-19 20:00:21,150 - INFO - Iteration 1927
2026-08-19 20:00:22,777 - INFO - Iteration 1928
2026-08-19 20:00:24,465 - INFO - Iteration 1929
2026-08-19 20:00:26,141 - INFO - Iteration 1930
2026-08-19 20:00:27,809 - INFO - Iteration 1931
2026-08-19 20:00:29,542 - INFO - Iteration 1932
2026-08-19 20:00:31,225 - INFO - Iteration 1933
2026-08-19 20:00:32,896 - INFO - Iteration 1934
2026-08-19 20:00:34,624 - INFO - Iteration 1935
2026-08-19 20:00:36,391 - INFO - Iteration 1936
2026-08-19 20:00:38,077 - INFO - Iteration 1937
2026-08-19 20:00:39,699 - INFO - Iteration 1938
2026-08-19 20:00:41,360 - INFO - Iteration 1939
2026-08-19 20:00:43,016 - INFO - Iteration 1940
2026-08-19 20:00:44,683 - INFO - Iteration 1941
2026-08-19 20:00:46,336 - INFO - Iteration 1942
2026-08-19 20:00:47,984 - INFO - Iteration 1943
2026-08-19 20:00:49,617 - INFO - Iteration 1944
2026-08-19 20:00:51,248 - INFO - Iteration 1945
2026-08-19 20:00:52,924 - INFO - Iteration 1946
2026-08-19 20:00:54,571 - INFO - Iteration 1947
2026-08-19 20:00:56,381 - INFO - Iteration 1948
2026-08-19 20:00:58,072 - INFO - Iteration 1949
2026-08-19 20:00:59,711 - INFO - Iteration 1950
2026-08-19 20:01:01,369 - INFO - Iteration 1951
2026-08-19 20:01:03,067 - INFO - Iteration 1952
2026-08-19 20:01:04,750 - INFO - Iteration 1953
2026-08-19 20:01:06,458 - INFO - Iteration 1954
2026-08-19 20:01:08,177 - INFO - Iteration 1955
2026-08-19 20:01:09,886 - INFO - Iteration 1956
2026-08-19 20:01:11,598 - INFO - Iteration 1957
2026-08-19 20:01:13,265 - INFO - Iteration 1958
2026-08-19 20:01:14,985 - INFO - Iteration 1959
2026-08-19 20:01:16,642 - INFO - Iteration 1960
2026-08-19 20:01:18,327 - INFO - Iteration 1961
2026-08-19 20:01:20,043 - INFO - Iteration 1962
2026-08-19 20:01:21,722 - INFO - Iteration 1963
2026-08-19 20:01:23,360 - INFO - Iteration 1964
2026-08-19 20:01:25,030 - INFO - Iteration 1965
2026-08-19 20:01:26,656 - INFO - Iteration 1966
2026-08-19 20:01:28,424 - INFO - Iteration 1967
2026-08-19 20:01:30,176 - INFO - Iteration 1968
2026-08-19 20:01:31,851 - INFO - Iteration 1969
2026-08-19 20:01:33,577 - INFO - Iteration 1970
2026-08-19 20:01:35,226 - INFO - Iteration 1971
2026-08-19 20:01:36,852 - INFO - Iteration 1972
2026-08-19 20:01:38,548 - INFO - Iteration 1973
2026-08-19 20:01:40,614 - INFO - Iteration 1974
2026-08-19 20:01:42,310 - INFO - Iteration 1975
2026-08-19 20:01:43,944 - INFO - Iteration 1976
2026-08-19 20:01:45,567 - INFO - Iteration 1977
2026-08-19 20:01:47,375 - INFO - Iteration 1978
2026-08-19 20:01:49,144 - INFO - Iteration 1979
2026-08-19 20:01:50,907 - INFO - Iteration 1980
2026-08-19 20:01:52,870 - INFO - Iteration 1981
2026-08-19 20:01:55,371 - INFO - Iteration 1982
2026-08-19 20:01:57,128 - INFO - Iteration 1983
2026-08-19 20:01:59,076 - INFO - Iteration 1984
2026-08-19 20:02:00,718 - INFO - Iteration 1985
2026-08-19 20:02:02,509 - INFO - Iteration 1986
2026-08-19 20:02:04,140 - INFO - Iteration 1987
2026-08-19 20:02:06,057 - INFO - Iteration 1988
2026-08-19 20:02:07,760 - INFO - Iteration 1989
2026-08-19 20:02:09,436 - INFO - Iteration 1990
2026-08-19 20:02:11,231 - INFO - Iteration 1991
2026-08-19 20:02:12,896 - INFO - Iteration 1992
2026-08-19 20:02:14,681 - INFO - Iteration 1993
2026-08-19 20:02:16,549 - INFO - Iteration 1994
2026-08-19 20:02:18,424 - INFO - Iteration 1995
2026-08-19 20:02:20,343 - INFO - Iteration 1996
2026-08-19 20:02:22,259 - INFO - Iteration 1997
2026-08-19 20:02:24,121 - INFO - Iteration 1998
2026-08-19 20:02:26,117 - INFO - Iteration 1999
2026-08-19 20:02:28,453 - INFO - Iteration 2000
2026-08-19 20:02:30,257 - INFO - Iteration 2001
2026-08-19 20:02:31,890 - INFO - Iteration 2002
2026-08-19 20:02:33,706 - INFO - Iteration 2003
2026-08-19 20:02:35,771 - INFO - Iteration 2004
2026-08-19 20:02:37,478 - INFO - Iteration 2005
2026-08-19 20:02:39,197 - INFO - Iteration 2006
2026-08-19 20:02:40,899 - INFO - Iteration 2007
2026-08-19 20:02:42,615 - INFO - Iteration 2008
2026-08-19 20:02:44,445 - INFO - Iteration 2009
2026-08-19 20:02:46,330 - INFO - Iteration 2010
2026-08-19 20:02:48,195 - INFO - Iteration 2011
2026-08-19 20:02:50,324 - INFO - Iteration 2012
2026-08-19 20:02:52,289 - INFO - Iteration 2013
2026-08-19 20:02:53,997 - INFO - Iteration 2014
2026-08-19 20:02:55,509 - INFO - Iteration 2015
2026-08-19 20:02:56,966 - INFO - Iteration 2016
2026-08-19 20:02:58,557 - INFO - Iteration 2017
2026-08-19 20:03:00,171 - INFO - Iteration 2018
2026-08-19 20:03:02,024 - INFO - Iteration 2019
2026-08-19 20:03:03,911 - INFO - Iteration 2020
2026-08-19 20:03:05,669 - INFO - Iteration 2021
2026-08-19 20:03:07,396 - INFO - Iteration 2022
2026-08-19 20:03:08,959 - INFO - Iteration 2023
2026-08-19 20:03:10,529 - INFO - Iteration 2024
2026-08-19 20:03:12,232 - INFO - Iteration 2025
2026-08-19 20:03:14,243 - INFO - Iteration 2026
2026-08-19 20:03:16,003 - INFO - Iteration 2027
2026-08-19 20:03:17,789 - INFO - Iteration 2028
2026-08-19 20:03:19,703 - INFO - Iteration 2029
2026-08-19 20:03:21,381 - INFO - Iteration 2030
2026-08-19 20:03:23,765 - INFO - Iteration 2031
2026-08-19 20:03:25,596 - INFO - Iteration 2032
2026-08-19 20:03:27,252 - INFO - Iteration 2033
2026-08-19 20:03:28,821 - INFO - Iteration 2034
2026-08-19 20:03:30,380 - INFO - Iteration 2035
2026-08-19 20:03:31,915 - INFO - Iteration 2036
2026-08-19 20:03:33,473 - INFO - Iteration 2037
2026-08-19 20:03:35,031 - INFO - Iteration 2038
2026-08-19 20:03:36,582 - INFO - Iteration 2039
2026-08-19 20:03:38,641 - INFO - Iteration 2040
2026-08-19 20:03:40,442 - INFO - Iteration 2041
2026-08-19 20:03:42,062 - INFO - Iteration 2042
2026-08-19 20:03:43,673 - INFO - Iteration 2043
2026-08-19 20:03:45,223 - INFO - Iteration 2044
2026-08-19 20:03:46,751 - INFO - Iteration 2045
2026-08-19 20:03:48,296 - INFO - Iteration 2046
2026-08-19 20:03:50,483 - INFO - Iteration 2047
2026-08-19 20:03:52,167 - INFO - Iteration 2048
2026-08-19 20:03:53,862 - INFO - Iteration 2049
2026-08-19 20:03:55,446 - INFO - Iteration 2050
2026-08-19 20:03:56,992 - INFO - Iteration 2051
2026-08-19 20:03:58,576 - INFO - Iteration 2052
2026-08-19 20:04:00,127 - INFO - Iteration 2053
2026-08-19 20:04:01,692 - INFO - Iteration 2054
2026-08-19 20:04:03,337 - INFO - Iteration 2055
2026-08-19 20:04:05,017 - INFO - Iteration 2056
2026-08-19 20:04:06,886 - INFO - Iteration 2057
2026-08-19 20:04:08,446 - INFO - Iteration 2058
2026-08-19 20:04:09,984 - INFO - Iteration 2059
2026-08-19 20:04:11,505 - INFO - Iteration 2060
2026-08-19 20:04:13,110 - INFO - Iteration 2061
2026-08-19 20:04:14,767 - INFO - Iteration 2062
2026-08-19 20:04:16,381 - INFO - Iteration 2063
2026-08-19 20:04:17,929 - INFO - Iteration 2064
2026-08-19 20:04:19,511 - INFO - Iteration 2065
2026-08-19 20:04:21,034 - INFO - Iteration 2066
2026-08-19 20:04:22,628 - INFO - Iteration 2067
2026-08-19 20:04:24,238 - INFO - Iteration 2068
2026-08-19 20:04:25,838 - INFO - Iteration 2069
2026-08-19 20:04:27,438 - INFO - Iteration 2070
2026-08-19 20:04:28,953 - INFO - Iteration 2071
2026-08-19 20:04:30,500 - INFO - Iteration 2072
2026-08-19 20:04:32,070 - INFO - Iteration 2073
2026-08-19 20:04:33,729 - INFO - Iteration 2074
2026-08-19 20:04:35,379 - INFO - Iteration 2075
2026-08-19 20:04:36,958 - INFO - Iteration 2076
2026-08-19 20:04:38,493 - INFO - Converged after 2076 iterations.
2026-08-19 20:04:38,501 - INFO - Successfully saved to /home/victor/Projects/regularized-MAR-vs-LSTM-in-forcasting-IVS/data/result/MAR/regularized_A.csv with shape (9, 9)
2026-08-19 20:04:38,501 - INFO - Successfully saved to /home/victor/Projects/regularized-MAR-vs-LSTM-in-forcasting-IVS/data/result/MAR/regularized_B.csv with shape (7, 7)
2026-08-19 20:04:38,502 - INFO - Testing Regularized MAR model...
2026-08-19 20:04:40,857 - INFO - Successfully saved to /home/victor/Projects/regularized-MAR-vs-LSTM-in-forcasting-IVS/data/result/MAR/regularized_MAR_mse.csv with shape (6, 2)
